<html>
<body>
<pre>
<h1>礦ision Build Log</h1>
<h2>Project:</h2>
E:\产品资料\亚博智能 4WD智能小车（STM32）\5.程序源码\5.程序源码 (修改版）\5.程序源码\6、小车巡线实验\code\STM32四驱车运动库函数版本\tracking.uvproj
Project File Date:  07/20/2017

<h2>Output:</h2>
Build target 'Target 1'
assembling startup_stm32f10x_md.s...
compiling core_cm3.c...
compiling system_stm32f10x.c...
compiling delay.c...
compiling sys.c...
compiling usart.c...
compiling main.c...
compiling app_motor.c...
compiling app_linewalking.c...
compiling bsp.c...
compiling bsp_gpio.c...
compiling bsp_motor.c...
compiling bsp_servo.c...
compiling bsp_timer.c...
compiling bsp_colorful.c...
compiling bsp_linewalking.c...
compiling misc.c...
compiling stm32f10x_adc.c...
compiling stm32f10x_bkp.c...
compiling stm32f10x_can.c...
compiling stm32f10x_cec.c...
compiling stm32f10x_crc.c...
compiling stm32f10x_dac.c...
compiling stm32f10x_dbgmcu.c...
compiling stm32f10x_dma.c...
compiling stm32f10x_exti.c...
compiling stm32f10x_flash.c...
compiling stm32f10x_fsmc.c...
compiling stm32f10x_gpio.c...
compiling stm32f10x_i2c.c...
compiling stm32f10x_iwdg.c...
compiling stm32f10x_pwr.c...
compiling stm32f10x_rcc.c...
compiling stm32f10x_rtc.c...
compiling stm32f10x_sdio.c...
compiling stm32f10x_spi.c...
compiling stm32f10x_tim.c...
compiling stm32f10x_usart.c...
compiling stm32f10x_wwdg.c...
linking...
Program Size: Code=10124 RO-data=268 RW-data=80 ZI-data=1224  
FromELF: creating hex file...
".\output\tracking.axf" - 0 Error(s), 0 Warning(s).
Build target 'Target 1'
assembling startup_stm32f10x_md.s...
compiling core_cm3.c...
compiling system_stm32f10x.c...
compiling delay.c...
compiling sys.c...
compiling usart.c...
compiling main.c...
compiling app_motor.c...
compiling app_linewalking.c...
compiling bsp.c...
compiling bsp_gpio.c...
compiling bsp_motor.c...
compiling bsp_servo.c...
compiling bsp_timer.c...
compiling bsp_colorful.c...
compiling bsp_linewalking.c...
compiling misc.c...
compiling stm32f10x_adc.c...
compiling stm32f10x_bkp.c...
compiling stm32f10x_can.c...
compiling stm32f10x_cec.c...
compiling stm32f10x_crc.c...
compiling stm32f10x_dac.c...
compiling stm32f10x_dbgmcu.c...
compiling stm32f10x_dma.c...
compiling stm32f10x_exti.c...
compiling stm32f10x_flash.c...
compiling stm32f10x_fsmc.c...
compiling stm32f10x_gpio.c...
compiling stm32f10x_i2c.c...
compiling stm32f10x_iwdg.c...
compiling stm32f10x_pwr.c...
compiling stm32f10x_rcc.c...
compiling stm32f10x_rtc.c...
compiling stm32f10x_sdio.c...
compiling stm32f10x_spi.c...
compiling stm32f10x_tim.c...
compiling stm32f10x_usart.c...
compiling stm32f10x_wwdg.c...
linking...
Program Size: Code=10124 RO-data=268 RW-data=80 ZI-data=1224  
FromELF: creating hex file...
".\output\tracking.axf" - 0 Error(s), 0 Warning(s).
compiling app_linewalking.c...
Source\APP\app_linewalking.c - 0 Error(s), 0 Warning(s).
Build target 'Target 1'
linking...
Program Size: Code=10124 RO-data=268 RW-data=80 ZI-data=1224  
FromELF: creating hex file...
".\output\tracking.axf" - 0 Error(s), 0 Warning(s).
