ARM Linker, 5.03 [Build 24] [MDK-ARM Professional]

==============================================================================

Section Cross References

    startup_stm32f10x_md.o(RESET) refers to startup_stm32f10x_md.o(STACK) for __initial_sp
    startup_stm32f10x_md.o(RESET) refers to startup_stm32f10x_md.o(.text) for Reset_Handler
    startup_stm32f10x_md.o(RESET) refers to bsp_adc.o(.text) for ADC1_2_IRQHandler
    startup_stm32f10x_md.o(RESET) refers to bsp_timer.o(.text) for TIM1_UP_IRQHandler
    startup_stm32f10x_md.o(RESET) refers to usart.o(.text) for USART1_IRQHandler
    startup_stm32f10x_md.o(.text) refers to system_stm32f10x.o(.text) for SystemInit
    startup_stm32f10x_md.o(.text) refers to entry.o(.ARM.Collect$$$$00000000) for __main
    system_stm32f10x.o(.text) refers to system_stm32f10x.o(.data) for SystemCoreClock
    delay.o(.text) refers to misc.o(.text) for SysTick_CLKSourceConfig
    delay.o(.text) refers to system_stm32f10x.o(.data) for SystemCoreClock
    delay.o(.text) refers to delay.o(.data) for fac_us
    usart.o(.text) refers to stm32f10x_rcc.o(.text) for RCC_APB2PeriphClockCmd
    usart.o(.text) refers to stm32f10x_gpio.o(.text) for GPIO_Init
    usart.o(.text) refers to misc.o(.text) for NVIC_Init
    usart.o(.text) refers to stm32f10x_usart.o(.text) for USART_Init
    usart.o(.text) refers to usart.o(.data) for USART_RX_STA
    usart.o(.text) refers to usart.o(.bss) for USART_RX_BUF
    main.o(.text) refers to bsp.o(.text) for bsp_init
    main.o(.text) refers to app_motor.o(.text) for Car_Stop
    main.o(.text) refers to app_linewalking.o(.text) for app_LineWalking
    main.o(.text) refers to bsp_adc.o(.data) for adc_value
    app_motor.o(.text) refers to stm32f10x_gpio.o(.text) for GPIO_SetBits
    app_motor.o(.text) refers to stm32f10x_tim.o(.text) for TIM_SetCompare2
    app_linewalking.o(.text) refers to bsp_linewalking.o(.text) for bsp_GetLineWalking
    app_linewalking.o(.text) refers to app_motor.o(.text) for Car_SpinRight
    app_linewalking.o(.text) refers to delay.o(.text) for delay_ms
    app_linewalking.o(.text) refers to bsp_adc.o(.data) for adc_value
    app_linewalking.o(.text) refers to app_linewalking.o(.data) for Status
    bsp.o(.text) refers to delay.o(.text) for delay_init
    bsp.o(.text) refers to bsp_gpio.o(.text) for MOTOR_GPIO_Init
    bsp.o(.text) refers to bsp_motor.o(.text) for Motor_PWM_Init
    bsp.o(.text) refers to bsp_adc.o(.text) for ADCx_GPIO_Config
    bsp_gpio.o(.text) refers to stm32f10x_rcc.o(.text) for RCC_APB2PeriphClockCmd
    bsp_gpio.o(.text) refers to stm32f10x_gpio.o(.text) for GPIO_Init
    bsp_gpio.o(.text) refers to stm32f10x_pwr.o(.text) for PWR_BackupAccessCmd
    bsp_gpio.o(.text) refers to stm32f10x_bkp.o(.text) for BKP_TamperPinCmd
    bsp_motor.o(.text) refers to stm32f10x_rcc.o(.text) for RCC_APB1PeriphClockCmd
    bsp_motor.o(.text) refers to stm32f10x_gpio.o(.text) for GPIO_Init
    bsp_motor.o(.text) refers to stm32f10x_tim.o(.text) for TIM_TimeBaseInit
    bsp_servo.o(.text) refers to stm32f10x_gpio.o(.text) for GPIO_SetBits
    bsp_servo.o(.text) refers to delay.o(.text) for delay_us
    bsp_timer.o(.text) refers to stm32f10x_rcc.o(.text) for RCC_APB2PeriphClockCmd
    bsp_timer.o(.text) refers to stm32f10x_tim.o(.text) for TIM_TimeBaseInit
    bsp_timer.o(.text) refers to misc.o(.text) for NVIC_Init
    bsp_timer.o(.text) refers to bsp_gs.o(.text) for Get_GS_Value
    bsp_timer.o(.text) refers to app_motor.o(.text) for Car_Stop
    bsp_timer.o(.text) refers to bsp_timer.o(.data) for iGS
    bsp_colorful.o(.text) refers to stm32f10x_gpio.o(.text) for GPIO_SetBits
    bsp_linewalking.o(.text) refers to stm32f10x_gpio.o(.text) for GPIO_ReadInputDataBit
    bsp_adc.o(.text) refers to stm32f10x_rcc.o(.text) for RCC_APB2PeriphClockCmd
    bsp_adc.o(.text) refers to stm32f10x_gpio.o(.text) for GPIO_Init
    bsp_adc.o(.text) refers to stm32f10x_adc.o(.text) for ADC_DeInit
    bsp_adc.o(.text) refers to misc.o(.text) for NVIC_PriorityGroupConfig
    bsp_adc.o(.text) refers to ffltui.o(.text) for __aeabi_ui2f
    bsp_adc.o(.text) refers to ffixi.o(.text) for __aeabi_f2iz
    bsp_adc.o(.text) refers to delay.o(.text) for delay_ms
    bsp_adc.o(.text) refers to f2d.o(.text) for __aeabi_f2d
    bsp_adc.o(.text) refers to dmul.o(.text) for __aeabi_dmul
    bsp_adc.o(.text) refers to d2f.o(.text) for __aeabi_d2f
    bsp_adc.o(.text) refers to fmul.o(.text) for __aeabi_fmul
    bsp_adc.o(.text) refers to bsp_adc.o(.data) for ADC_Convert_Value
    bsp_gs.o(.text) refers to stm32f10x_rcc.o(.text) for RCC_APB2PeriphClockCmd
    bsp_gs.o(.text) refers to stm32f10x_gpio.o(.text) for GPIO_Init
    bsp_gs.o(.text) refers to stm32f10x_adc.o(.text) for ADC_DeInit
    bsp_gs.o(.text) refers to delay.o(.text) for delay_ms
    stm32f10x_adc.o(.text) refers to stm32f10x_rcc.o(.text) for RCC_APB2PeriphResetCmd
    stm32f10x_bkp.o(.text) refers to stm32f10x_rcc.o(.text) for RCC_BackupResetCmd
    stm32f10x_can.o(.text) refers to stm32f10x_rcc.o(.text) for RCC_APB1PeriphResetCmd
    stm32f10x_cec.o(.text) refers to stm32f10x_rcc.o(.text) for RCC_APB1PeriphResetCmd
    stm32f10x_dac.o(.text) refers to stm32f10x_rcc.o(.text) for RCC_APB1PeriphResetCmd
    stm32f10x_gpio.o(.text) refers to stm32f10x_rcc.o(.text) for RCC_APB2PeriphResetCmd
    stm32f10x_i2c.o(.text) refers to stm32f10x_rcc.o(.text) for RCC_APB1PeriphResetCmd
    stm32f10x_pwr.o(.text) refers to stm32f10x_rcc.o(.text) for RCC_APB1PeriphResetCmd
    stm32f10x_rcc.o(.text) refers to stm32f10x_rcc.o(.data) for APBAHBPrescTable
    stm32f10x_spi.o(.text) refers to stm32f10x_rcc.o(.text) for RCC_APB2PeriphResetCmd
    stm32f10x_tim.o(.text) refers to stm32f10x_rcc.o(.text) for RCC_APB2PeriphResetCmd
    stm32f10x_usart.o(.text) refers to stm32f10x_rcc.o(.text) for RCC_APB2PeriphResetCmd
    stm32f10x_wwdg.o(.text) refers to stm32f10x_rcc.o(.text) for RCC_APB1PeriphResetCmd
    entry.o(.ARM.Collect$$$$00000000) refers (Special) to entry10a.o(.ARM.Collect$$$$0000000D) for __rt_final_cpp
    entry.o(.ARM.Collect$$$$00000000) refers (Special) to entry11a.o(.ARM.Collect$$$$0000000F) for __rt_final_exit
    entry.o(.ARM.Collect$$$$00000000) refers (Special) to entry7b.o(.ARM.Collect$$$$00000008) for _main_clock
    entry.o(.ARM.Collect$$$$00000000) refers (Special) to entry8b.o(.ARM.Collect$$$$0000000A) for _main_cpp_init
    entry.o(.ARM.Collect$$$$00000000) refers (Special) to entry9a.o(.ARM.Collect$$$$0000000B) for _main_init
    entry.o(.ARM.Collect$$$$00000000) refers (Special) to entry5.o(.ARM.Collect$$$$00000004) for _main_scatterload
    entry.o(.ARM.Collect$$$$00000000) refers (Special) to entry2.o(.ARM.Collect$$$$00000001) for _main_stk
    fmul.o(.text) refers (Special) to iusefp.o(.text) for __I$use$fp
    dmul.o(.text) refers (Special) to iusefp.o(.text) for __I$use$fp
    dmul.o(.text) refers to depilogue.o(.text) for _double_epilogue
    ffltui.o(.text) refers (Special) to iusefp.o(.text) for __I$use$fp
    ffltui.o(.text) refers to fepilogue.o(.text) for _float_epilogue
    ffixi.o(.text) refers (Special) to iusefp.o(.text) for __I$use$fp
    f2d.o(.text) refers (Special) to iusefp.o(.text) for __I$use$fp
    d2f.o(.text) refers (Special) to iusefp.o(.text) for __I$use$fp
    d2f.o(.text) refers to fepilogue.o(.text) for _float_round
    entry2.o(.ARM.Collect$$$$00000001) refers to entry2.o(.ARM.Collect$$$$00002712) for __lit__00000000
    entry2.o(.ARM.Collect$$$$00002712) refers to startup_stm32f10x_md.o(STACK) for __initial_sp
    entry2.o(__vectab_stack_and_reset_area) refers to startup_stm32f10x_md.o(STACK) for __initial_sp
    entry2.o(__vectab_stack_and_reset_area) refers to entry.o(.ARM.Collect$$$$00000000) for __main
    entry5.o(.ARM.Collect$$$$00000004) refers to init.o(.text) for __scatterload
    entry9a.o(.ARM.Collect$$$$0000000B) refers to main.o(.text) for main
    entry9b.o(.ARM.Collect$$$$0000000C) refers to main.o(.text) for main
    depilogue.o(.text) refers to llshl.o(.text) for __aeabi_llsl
    depilogue.o(.text) refers to llushr.o(.text) for __aeabi_llsr
    init.o(.text) refers to entry5.o(.ARM.Collect$$$$00000004) for __main_after_scatterload


==============================================================================

Removing Unused input sections from the image.

    Removing startup_stm32f10x_md.o(HEAP), (512 bytes).
    Removing core_cm3.o(.emb_text), (32 bytes).
    Removing bsp_servo.o(.text), (456 bytes).
    Removing bsp_servo.o(.data), (24 bytes).
    Removing bsp_colorful.o(.text), (88 bytes).
    Removing stm32f10x_can.o(.text), (2536 bytes).
    Removing stm32f10x_cec.o(.text), (288 bytes).
    Removing stm32f10x_crc.o(.text), (72 bytes).
    Removing stm32f10x_dac.o(.text), (396 bytes).
    Removing stm32f10x_dbgmcu.o(.text), (48 bytes).
    Removing stm32f10x_dma.o(.text), (592 bytes).
    Removing stm32f10x_exti.o(.text), (284 bytes).
    Removing stm32f10x_flash.o(.text), (1468 bytes).
    Removing stm32f10x_fsmc.o(.text), (1560 bytes).
    Removing stm32f10x_i2c.o(.text), (1028 bytes).
    Removing stm32f10x_iwdg.o(.text), (64 bytes).
    Removing stm32f10x_rtc.o(.text), (324 bytes).
    Removing stm32f10x_sdio.o(.text), (472 bytes).
    Removing stm32f10x_spi.o(.text), (780 bytes).
    Removing stm32f10x_wwdg.o(.text), (136 bytes).

20 unused section(s) (total 11160 bytes) removed from the image.

==============================================================================

Image Symbol Table

    Local Symbols

    Symbol Name                              Value     Ov Type        Size  Object(Section)

    ../clib/microlib/init/entry.s            0x00000000   Number         0  entry7b.o ABSOLUTE
    ../clib/microlib/init/entry.s            0x00000000   Number         0  entry10b.o ABSOLUTE
    ../clib/microlib/init/entry.s            0x00000000   Number         0  entry11b.o ABSOLUTE
    ../clib/microlib/init/entry.s            0x00000000   Number         0  entry11a.o ABSOLUTE
    ../clib/microlib/init/entry.s            0x00000000   Number         0  entry8b.o ABSOLUTE
    ../clib/microlib/init/entry.s            0x00000000   Number         0  entry9a.o ABSOLUTE
    ../clib/microlib/init/entry.s            0x00000000   Number         0  entry8a.o ABSOLUTE
    ../clib/microlib/init/entry.s            0x00000000   Number         0  entry10a.o ABSOLUTE
    ../clib/microlib/init/entry.s            0x00000000   Number         0  entry9b.o ABSOLUTE
    ../clib/microlib/init/entry.s            0x00000000   Number         0  entry7a.o ABSOLUTE
    ../clib/microlib/init/entry.s            0x00000000   Number         0  entry2.o ABSOLUTE
    ../clib/microlib/init/entry.s            0x00000000   Number         0  entry5.o ABSOLUTE
    ../clib/microlib/init/entry.s            0x00000000   Number         0  entry.o ABSOLUTE
    ../clib/microlib/longlong.c              0x00000000   Number         0  llushr.o ABSOLUTE
    ../clib/microlib/longlong.c              0x00000000   Number         0  llshl.o ABSOLUTE
    ../clib/microlib/stubs.s                 0x00000000   Number         0  useno.o ABSOLUTE
    ../clib/microlib/stubs.s                 0x00000000   Number         0  iusefp.o ABSOLUTE
    ../fplib/microlib/d2f.c                  0x00000000   Number         0  d2f.o ABSOLUTE
    ../fplib/microlib/f2d.c                  0x00000000   Number         0  f2d.o ABSOLUTE
    ../fplib/microlib/fpepilogue.c           0x00000000   Number         0  fepilogue.o ABSOLUTE
    ../fplib/microlib/fpepilogue.c           0x00000000   Number         0  depilogue.o ABSOLUTE
    ../fplib/microlib/fpfix.c                0x00000000   Number         0  ffixi.o ABSOLUTE
    ../fplib/microlib/fpflt.c                0x00000000   Number         0  ffltui.o ABSOLUTE
    ../fplib/microlib/fpmul.c                0x00000000   Number         0  dmul.o ABSOLUTE
    ../fplib/microlib/fpmul.c                0x00000000   Number         0  fmul.o ABSOLUTE
    CMSIS\\core_cm3.c                        0x00000000   Number         0  core_cm3.o ABSOLUTE
    CMSIS\core_cm3.c                         0x00000000   Number         0  core_cm3.o ABSOLUTE
    CMSIS\startup\startup_stm32f10x_md.s     0x00000000   Number         0  startup_stm32f10x_md.o ABSOLUTE
    CMSIS\system_stm32f10x.c                 0x00000000   Number         0  system_stm32f10x.o ABSOLUTE
    FWlib\src\misc.c                         0x00000000   Number         0  misc.o ABSOLUTE
    FWlib\src\stm32f10x_adc.c                0x00000000   Number         0  stm32f10x_adc.o ABSOLUTE
    FWlib\src\stm32f10x_bkp.c                0x00000000   Number         0  stm32f10x_bkp.o ABSOLUTE
    FWlib\src\stm32f10x_can.c                0x00000000   Number         0  stm32f10x_can.o ABSOLUTE
    FWlib\src\stm32f10x_cec.c                0x00000000   Number         0  stm32f10x_cec.o ABSOLUTE
    FWlib\src\stm32f10x_crc.c                0x00000000   Number         0  stm32f10x_crc.o ABSOLUTE
    FWlib\src\stm32f10x_dac.c                0x00000000   Number         0  stm32f10x_dac.o ABSOLUTE
    FWlib\src\stm32f10x_dbgmcu.c             0x00000000   Number         0  stm32f10x_dbgmcu.o ABSOLUTE
    FWlib\src\stm32f10x_dma.c                0x00000000   Number         0  stm32f10x_dma.o ABSOLUTE
    FWlib\src\stm32f10x_exti.c               0x00000000   Number         0  stm32f10x_exti.o ABSOLUTE
    FWlib\src\stm32f10x_flash.c              0x00000000   Number         0  stm32f10x_flash.o ABSOLUTE
    FWlib\src\stm32f10x_fsmc.c               0x00000000   Number         0  stm32f10x_fsmc.o ABSOLUTE
    FWlib\src\stm32f10x_gpio.c               0x00000000   Number         0  stm32f10x_gpio.o ABSOLUTE
    FWlib\src\stm32f10x_i2c.c                0x00000000   Number         0  stm32f10x_i2c.o ABSOLUTE
    FWlib\src\stm32f10x_iwdg.c               0x00000000   Number         0  stm32f10x_iwdg.o ABSOLUTE
    FWlib\src\stm32f10x_pwr.c                0x00000000   Number         0  stm32f10x_pwr.o ABSOLUTE
    FWlib\src\stm32f10x_rcc.c                0x00000000   Number         0  stm32f10x_rcc.o ABSOLUTE
    FWlib\src\stm32f10x_rtc.c                0x00000000   Number         0  stm32f10x_rtc.o ABSOLUTE
    FWlib\src\stm32f10x_sdio.c               0x00000000   Number         0  stm32f10x_sdio.o ABSOLUTE
    FWlib\src\stm32f10x_spi.c                0x00000000   Number         0  stm32f10x_spi.o ABSOLUTE
    FWlib\src\stm32f10x_tim.c                0x00000000   Number         0  stm32f10x_tim.o ABSOLUTE
    FWlib\src\stm32f10x_usart.c              0x00000000   Number         0  stm32f10x_usart.o ABSOLUTE
    FWlib\src\stm32f10x_wwdg.c               0x00000000   Number         0  stm32f10x_wwdg.o ABSOLUTE
    Source\APP\app_linewalking.c             0x00000000   Number         0  app_linewalking.o ABSOLUTE
    Source\APP\app_motor.c                   0x00000000   Number         0  app_motor.o ABSOLUTE
    Source\APP\main.c                        0x00000000   Number         0  main.o ABSOLUTE
    Source\BSP\bsp.c                         0x00000000   Number         0  bsp.o ABSOLUTE
    Source\BSP\bsp_adc.c                     0x00000000   Number         0  bsp_adc.o ABSOLUTE
    Source\BSP\bsp_colorful.c                0x00000000   Number         0  bsp_colorful.o ABSOLUTE
    Source\BSP\bsp_gpio.c                    0x00000000   Number         0  bsp_gpio.o ABSOLUTE
    Source\BSP\bsp_gs.c                      0x00000000   Number         0  bsp_gs.o ABSOLUTE
    Source\BSP\bsp_linewalking.c             0x00000000   Number         0  bsp_linewalking.o ABSOLUTE
    Source\BSP\bsp_motor.c                   0x00000000   Number         0  bsp_motor.o ABSOLUTE
    Source\BSP\bsp_servo.c                   0x00000000   Number         0  bsp_servo.o ABSOLUTE
    Source\BSP\bsp_timer.c                   0x00000000   Number         0  bsp_timer.o ABSOLUTE
    Source\PUBLIC\delay\delay.c              0x00000000   Number         0  delay.o ABSOLUTE
    Source\PUBLIC\sys\sys.c                  0x00000000   Number         0  sys.o ABSOLUTE
    Source\PUBLIC\usart\usart.c              0x00000000   Number         0  usart.o ABSOLUTE
    dc.s                                     0x00000000   Number         0  dc.o ABSOLUTE
    handlers.s                               0x00000000   Number         0  handlers.o ABSOLUTE
    init.s                                   0x00000000   Number         0  init.o ABSOLUTE
    RESET                                    0x08000000   Section      236  startup_stm32f10x_md.o(RESET)
    .ARM.Collect$$$$00000000                 0x080000ec   Section        0  entry.o(.ARM.Collect$$$$00000000)
    .ARM.Collect$$$$00000001                 0x080000ec   Section        4  entry2.o(.ARM.Collect$$$$00000001)
    .ARM.Collect$$$$00000004                 0x080000f0   Section        4  entry5.o(.ARM.Collect$$$$00000004)
    .ARM.Collect$$$$00000008                 0x080000f4   Section        0  entry7b.o(.ARM.Collect$$$$00000008)
    .ARM.Collect$$$$0000000A                 0x080000f4   Section        0  entry8b.o(.ARM.Collect$$$$0000000A)
    .ARM.Collect$$$$0000000B                 0x080000f4   Section        8  entry9a.o(.ARM.Collect$$$$0000000B)
    .ARM.Collect$$$$0000000D                 0x080000fc   Section        0  entry10a.o(.ARM.Collect$$$$0000000D)
    .ARM.Collect$$$$0000000F                 0x080000fc   Section        0  entry11a.o(.ARM.Collect$$$$0000000F)
    .ARM.Collect$$$$00002712                 0x080000fc   Section        4  entry2.o(.ARM.Collect$$$$00002712)
    __lit__00000000                          0x080000fc   Data           4  entry2.o(.ARM.Collect$$$$00002712)
    .text                                    0x08000100   Section       36  startup_stm32f10x_md.o(.text)
    .text                                    0x08000124   Section        0  system_stm32f10x.o(.text)
    SetSysClockTo72                          0x08000125   Thumb Code   212  system_stm32f10x.o(.text)
    SetSysClock                              0x080001f9   Thumb Code     8  system_stm32f10x.o(.text)
    .text                                    0x08000300   Section        0  delay.o(.text)
    .text                                    0x080003d0   Section        0  usart.o(.text)
    .text                                    0x08000510   Section        0  main.o(.text)
    .text                                    0x0800053c   Section        0  app_motor.o(.text)
    .text                                    0x080006dc   Section        0  app_linewalking.o(.text)
    .text                                    0x0800085c   Section        0  bsp.o(.text)
    .text                                    0x08000888   Section        0  bsp_gpio.o(.text)
    .text                                    0x08000ad0   Section        0  bsp_motor.o(.text)
    .text                                    0x08000bc4   Section        0  bsp_timer.o(.text)
    .text                                    0x08000c70   Section        0  bsp_linewalking.o(.text)
    .text                                    0x08000cb8   Section        0  bsp_adc.o(.text)
    Get_Adc                                  0x08000e1d   Thumb Code    46  bsp_adc.o(.text)
    Get_Adc_Average                          0x08000e4b   Thumb Code    46  bsp_adc.o(.text)
    .text                                    0x08000eec   Section        0  bsp_gs.o(.text)
    Get_Adc                                  0x08000f71   Thumb Code    46  bsp_gs.o(.text)
    Get_Adc_Average                          0x08000f9f   Thumb Code    46  bsp_gs.o(.text)
    .text                                    0x08000fe4   Section        0  misc.o(.text)
    .text                                    0x080010c0   Section        0  stm32f10x_adc.o(.text)
    .text                                    0x08001510   Section        0  stm32f10x_bkp.o(.text)
    .text                                    0x080015d4   Section        0  stm32f10x_gpio.o(.text)
    .text                                    0x0800192c   Section        0  stm32f10x_pwr.o(.text)
    .text                                    0x080019f8   Section        0  stm32f10x_rcc.o(.text)
    .text                                    0x08001d9c   Section        0  stm32f10x_tim.o(.text)
    TI4_Config                               0x08002243   Thumb Code   130  stm32f10x_tim.o(.text)
    TI3_Config                               0x080022d7   Thumb Code   122  stm32f10x_tim.o(.text)
    TI2_Config                               0x0800236b   Thumb Code   130  stm32f10x_tim.o(.text)
    TI1_Config                               0x080023ff   Thumb Code   108  stm32f10x_tim.o(.text)
    .text                                    0x08002bb8   Section        0  stm32f10x_usart.o(.text)
    .text                                    0x08002fc0   Section        0  fmul.o(.text)
    .text                                    0x0800302c   Section        0  dmul.o(.text)
    .text                                    0x08003110   Section        0  ffltui.o(.text)
    .text                                    0x0800311a   Section        0  ffixi.o(.text)
    .text                                    0x0800314c   Section        0  f2d.o(.text)
    .text                                    0x08003172   Section        0  d2f.o(.text)
    .text                                    0x080031aa   Section        0  fepilogue.o(.text)
    .text                                    0x080031aa   Section        0  iusefp.o(.text)
    .text                                    0x08003216   Section        0  depilogue.o(.text)
    .text                                    0x080032d4   Section       36  init.o(.text)
    .text                                    0x080032f8   Section        0  llshl.o(.text)
    .text                                    0x08003316   Section        0  llushr.o(.text)
    i.__scatterload_copy                     0x08003336   Section       14  handlers.o(i.__scatterload_copy)
    i.__scatterload_null                     0x08003344   Section        2  handlers.o(i.__scatterload_null)
    i.__scatterload_zeroinit                 0x08003346   Section       14  handlers.o(i.__scatterload_zeroinit)
    .data                                    0x20000000   Section       20  system_stm32f10x.o(.data)
    .data                                    0x20000014   Section        4  delay.o(.data)
    fac_us                                   0x20000014   Data           1  delay.o(.data)
    fac_ms                                   0x20000016   Data           2  delay.o(.data)
    .data                                    0x20000018   Section        8  usart.o(.data)
    .data                                    0x20000020   Section        4  app_linewalking.o(.data)
    .data                                    0x20000024   Section        4  bsp_timer.o(.data)
    .data                                    0x20000028   Section       24  bsp_adc.o(.data)
    .data                                    0x20000040   Section       20  stm32f10x_rcc.o(.data)
    APBAHBPrescTable                         0x20000040   Data          16  stm32f10x_rcc.o(.data)
    ADCPrescTable                            0x20000050   Data           4  stm32f10x_rcc.o(.data)
    .bss                                     0x20000054   Section      200  usart.o(.bss)
    STACK                                    0x20000120   Section     1024  startup_stm32f10x_md.o(STACK)

    Global Symbols

    Symbol Name                              Value     Ov Type        Size  Object(Section)

    BuildAttributes$$THM_ISAv4$P$D$K$B$S$PE$A:L22UL41UL21$X:L11$S22US41US21$IEEE1$IW$USESV6$~STKCKD$USESV7$~SHL$OTIME$ROPI$EBA8$MICROLIB$REQ8$PRES8$EABIv2 0x00000000   Number         0  anon$$obj.o ABSOLUTE
    __ARM_use_no_argv                        0x00000000   Number         0  main.o ABSOLUTE
    __use_no_errno                           0x00000000   Number         0  useno.o ABSOLUTE
    __use_no_exception_handling              0x00000000   Number         0  useno.o ABSOLUTE
    __use_no_fp                              0x00000000   Number         0  useno.o ABSOLUTE
    __use_no_heap                            0x00000000   Number         0  useno.o ABSOLUTE
    __use_no_heap_region                     0x00000000   Number         0  useno.o ABSOLUTE
    __use_no_semihosting                     0x00000000   Number         0  useno.o ABSOLUTE
    __use_no_semihosting_swi                 0x00000000   Number         0  useno.o ABSOLUTE
    __use_no_signal_handling                 0x00000000   Number         0  useno.o ABSOLUTE
    __cpp_initialize__aeabi_                  - Undefined Weak Reference
    __cxa_finalize                            - Undefined Weak Reference
    __decompress                              - Undefined Weak Reference
    _clock_init                               - Undefined Weak Reference
    _microlib_exit                            - Undefined Weak Reference
    __Vectors_Size                           0x000000ec   Number         0  startup_stm32f10x_md.o ABSOLUTE
    __Vectors                                0x08000000   Data           4  startup_stm32f10x_md.o(RESET)
    __Vectors_End                            0x080000ec   Data           0  startup_stm32f10x_md.o(RESET)
    __main                                   0x080000ed   Thumb Code     0  entry.o(.ARM.Collect$$$$00000000)
    _main_stk                                0x080000ed   Thumb Code     0  entry2.o(.ARM.Collect$$$$00000001)
    _main_scatterload                        0x080000f1   Thumb Code     0  entry5.o(.ARM.Collect$$$$00000004)
    __main_after_scatterload                 0x080000f5   Thumb Code     0  entry5.o(.ARM.Collect$$$$00000004)
    _main_clock                              0x080000f5   Thumb Code     0  entry7b.o(.ARM.Collect$$$$00000008)
    _main_cpp_init                           0x080000f5   Thumb Code     0  entry8b.o(.ARM.Collect$$$$0000000A)
    _main_init                               0x080000f5   Thumb Code     0  entry9a.o(.ARM.Collect$$$$0000000B)
    __rt_final_cpp                           0x080000fd   Thumb Code     0  entry10a.o(.ARM.Collect$$$$0000000D)
    __rt_final_exit                          0x080000fd   Thumb Code     0  entry11a.o(.ARM.Collect$$$$0000000F)
    Reset_Handler                            0x08000101   Thumb Code     8  startup_stm32f10x_md.o(.text)
    NMI_Handler                              0x08000109   Thumb Code     2  startup_stm32f10x_md.o(.text)
    HardFault_Handler                        0x0800010b   Thumb Code     2  startup_stm32f10x_md.o(.text)
    MemManage_Handler                        0x0800010d   Thumb Code     2  startup_stm32f10x_md.o(.text)
    BusFault_Handler                         0x0800010f   Thumb Code     2  startup_stm32f10x_md.o(.text)
    UsageFault_Handler                       0x08000111   Thumb Code     2  startup_stm32f10x_md.o(.text)
    SVC_Handler                              0x08000113   Thumb Code     2  startup_stm32f10x_md.o(.text)
    DebugMon_Handler                         0x08000115   Thumb Code     2  startup_stm32f10x_md.o(.text)
    PendSV_Handler                           0x08000117   Thumb Code     2  startup_stm32f10x_md.o(.text)
    SysTick_Handler                          0x08000119   Thumb Code     2  startup_stm32f10x_md.o(.text)
    CAN1_RX1_IRQHandler                      0x0800011b   Thumb Code     0  startup_stm32f10x_md.o(.text)
    CAN1_SCE_IRQHandler                      0x0800011b   Thumb Code     0  startup_stm32f10x_md.o(.text)
    DMA1_Channel1_IRQHandler                 0x0800011b   Thumb Code     0  startup_stm32f10x_md.o(.text)
    DMA1_Channel2_IRQHandler                 0x0800011b   Thumb Code     0  startup_stm32f10x_md.o(.text)
    DMA1_Channel3_IRQHandler                 0x0800011b   Thumb Code     0  startup_stm32f10x_md.o(.text)
    DMA1_Channel4_IRQHandler                 0x0800011b   Thumb Code     0  startup_stm32f10x_md.o(.text)
    DMA1_Channel5_IRQHandler                 0x0800011b   Thumb Code     0  startup_stm32f10x_md.o(.text)
    DMA1_Channel6_IRQHandler                 0x0800011b   Thumb Code     0  startup_stm32f10x_md.o(.text)
    DMA1_Channel7_IRQHandler                 0x0800011b   Thumb Code     0  startup_stm32f10x_md.o(.text)
    EXTI0_IRQHandler                         0x0800011b   Thumb Code     0  startup_stm32f10x_md.o(.text)
    EXTI15_10_IRQHandler                     0x0800011b   Thumb Code     0  startup_stm32f10x_md.o(.text)
    EXTI1_IRQHandler                         0x0800011b   Thumb Code     0  startup_stm32f10x_md.o(.text)
    EXTI2_IRQHandler                         0x0800011b   Thumb Code     0  startup_stm32f10x_md.o(.text)
    EXTI3_IRQHandler                         0x0800011b   Thumb Code     0  startup_stm32f10x_md.o(.text)
    EXTI4_IRQHandler                         0x0800011b   Thumb Code     0  startup_stm32f10x_md.o(.text)
    EXTI9_5_IRQHandler                       0x0800011b   Thumb Code     0  startup_stm32f10x_md.o(.text)
    FLASH_IRQHandler                         0x0800011b   Thumb Code     0  startup_stm32f10x_md.o(.text)
    I2C1_ER_IRQHandler                       0x0800011b   Thumb Code     0  startup_stm32f10x_md.o(.text)
    I2C1_EV_IRQHandler                       0x0800011b   Thumb Code     0  startup_stm32f10x_md.o(.text)
    I2C2_ER_IRQHandler                       0x0800011b   Thumb Code     0  startup_stm32f10x_md.o(.text)
    I2C2_EV_IRQHandler                       0x0800011b   Thumb Code     0  startup_stm32f10x_md.o(.text)
    PVD_IRQHandler                           0x0800011b   Thumb Code     0  startup_stm32f10x_md.o(.text)
    RCC_IRQHandler                           0x0800011b   Thumb Code     0  startup_stm32f10x_md.o(.text)
    RTCAlarm_IRQHandler                      0x0800011b   Thumb Code     0  startup_stm32f10x_md.o(.text)
    RTC_IRQHandler                           0x0800011b   Thumb Code     0  startup_stm32f10x_md.o(.text)
    SPI1_IRQHandler                          0x0800011b   Thumb Code     0  startup_stm32f10x_md.o(.text)
    SPI2_IRQHandler                          0x0800011b   Thumb Code     0  startup_stm32f10x_md.o(.text)
    TAMPER_IRQHandler                        0x0800011b   Thumb Code     0  startup_stm32f10x_md.o(.text)
    TIM1_BRK_IRQHandler                      0x0800011b   Thumb Code     0  startup_stm32f10x_md.o(.text)
    TIM1_CC_IRQHandler                       0x0800011b   Thumb Code     0  startup_stm32f10x_md.o(.text)
    TIM1_TRG_COM_IRQHandler                  0x0800011b   Thumb Code     0  startup_stm32f10x_md.o(.text)
    TIM2_IRQHandler                          0x0800011b   Thumb Code     0  startup_stm32f10x_md.o(.text)
    TIM3_IRQHandler                          0x0800011b   Thumb Code     0  startup_stm32f10x_md.o(.text)
    TIM4_IRQHandler                          0x0800011b   Thumb Code     0  startup_stm32f10x_md.o(.text)
    USART2_IRQHandler                        0x0800011b   Thumb Code     0  startup_stm32f10x_md.o(.text)
    USART3_IRQHandler                        0x0800011b   Thumb Code     0  startup_stm32f10x_md.o(.text)
    USBWakeUp_IRQHandler                     0x0800011b   Thumb Code     0  startup_stm32f10x_md.o(.text)
    USB_HP_CAN1_TX_IRQHandler                0x0800011b   Thumb Code     0  startup_stm32f10x_md.o(.text)
    USB_LP_CAN1_RX0_IRQHandler               0x0800011b   Thumb Code     0  startup_stm32f10x_md.o(.text)
    WWDG_IRQHandler                          0x0800011b   Thumb Code     0  startup_stm32f10x_md.o(.text)
    SystemInit                               0x08000201   Thumb Code    78  system_stm32f10x.o(.text)
    SystemCoreClockUpdate                    0x0800024f   Thumb Code   142  system_stm32f10x.o(.text)
    delay_init                               0x08000301   Thumb Code    50  delay.o(.text)
    delay_us                                 0x08000333   Thumb Code    70  delay.o(.text)
    delay_ms                                 0x08000379   Thumb Code    70  delay.o(.text)
    _sys_exit                                0x080003d1   Thumb Code     6  usart.o(.text)
    fputc                                    0x080003d7   Thumb Code    22  usart.o(.text)
    uart_init                                0x080003ed   Thumb Code   152  usart.o(.text)
    USART1_IRQHandler                        0x08000485   Thumb Code   122  usart.o(.text)
    main                                     0x08000511   Thumb Code    40  main.o(.text)
    Car_Run                                  0x0800053d   Thumb Code    58  app_motor.o(.text)
    Car_Back                                 0x08000577   Thumb Code    58  app_motor.o(.text)
    Car_Left                                 0x080005b1   Thumb Code    58  app_motor.o(.text)
    Car_Right                                0x080005eb   Thumb Code    58  app_motor.o(.text)
    Car_Stop                                 0x08000625   Thumb Code    56  app_motor.o(.text)
    Car_SpinLeft                             0x0800065d   Thumb Code    60  app_motor.o(.text)
    Car_SpinRight                            0x08000699   Thumb Code    60  app_motor.o(.text)
    app_LineWalking                          0x080006dd   Thumb Code   376  app_linewalking.o(.text)
    bsp_init                                 0x0800085d   Thumb Code    42  bsp.o(.text)
    MOTOR_GPIO_Init                          0x08000889   Thumb Code    66  bsp_gpio.o(.text)
    Servo_GPIO_Init                          0x080008cb   Thumb Code   242  bsp_gpio.o(.text)
    Colorful_GPIO_Init                       0x080009bd   Thumb Code   110  bsp_gpio.o(.text)
    LineWalking_GPIO_Init                    0x08000a2b   Thumb Code   148  bsp_gpio.o(.text)
    Motor_PWM_Init                           0x08000ad1   Thumb Code   236  bsp_motor.o(.text)
    TIM1_Int_Init                            0x08000bc5   Thumb Code    94  bsp_timer.o(.text)
    TIM1_UP_IRQHandler                       0x08000c23   Thumb Code    68  bsp_timer.o(.text)
    bsp_GetLineWalking                       0x08000c71   Thumb Code    64  bsp_linewalking.o(.text)
    ADCx_GPIO_Config                         0x08000cb9   Thumb Code    42  bsp_adc.o(.text)
    ADCx_Config                              0x08000ce3   Thumb Code   138  bsp_adc.o(.text)
    ADC_NVIC_Config                          0x08000d6d   Thumb Code    42  bsp_adc.o(.text)
    ADC1_2_IRQHandler                        0x08000d97   Thumb Code   134  bsp_adc.o(.text)
    Get_Measure_Volotage                     0x08000e79   Thumb Code    52  bsp_adc.o(.text)
    Get_Battery_Volotage                     0x08000ead   Thumb Code    22  bsp_adc.o(.text)
    bsp_GS_Init                              0x08000eed   Thumb Code   132  bsp_gs.o(.text)
    Get_GS_Value                             0x08000fcd   Thumb Code    16  bsp_gs.o(.text)
    NVIC_PriorityGroupConfig                 0x08000fe5   Thumb Code    10  misc.o(.text)
    NVIC_Init                                0x08000fef   Thumb Code   102  misc.o(.text)
    NVIC_SetVectorTable                      0x08001055   Thumb Code    14  misc.o(.text)
    NVIC_SystemLPConfig                      0x08001063   Thumb Code    34  misc.o(.text)
    SysTick_CLKSourceConfig                  0x08001085   Thumb Code    40  misc.o(.text)
    ADC_DeInit                               0x080010c1   Thumb Code    78  stm32f10x_adc.o(.text)
    ADC_Init                                 0x0800110f   Thumb Code    70  stm32f10x_adc.o(.text)
    ADC_StructInit                           0x08001155   Thumb Code    18  stm32f10x_adc.o(.text)
    ADC_Cmd                                  0x08001167   Thumb Code    22  stm32f10x_adc.o(.text)
    ADC_DMACmd                               0x0800117d   Thumb Code    22  stm32f10x_adc.o(.text)
    ADC_ITConfig                             0x08001193   Thumb Code    24  stm32f10x_adc.o(.text)
    ADC_ResetCalibration                     0x080011ab   Thumb Code    10  stm32f10x_adc.o(.text)
    ADC_GetResetCalibrationStatus            0x080011b5   Thumb Code    20  stm32f10x_adc.o(.text)
    ADC_StartCalibration                     0x080011c9   Thumb Code    10  stm32f10x_adc.o(.text)
    ADC_GetCalibrationStatus                 0x080011d3   Thumb Code    20  stm32f10x_adc.o(.text)
    ADC_SoftwareStartConvCmd                 0x080011e7   Thumb Code    22  stm32f10x_adc.o(.text)
    ADC_GetSoftwareStartConvStatus           0x080011fd   Thumb Code    20  stm32f10x_adc.o(.text)
    ADC_DiscModeChannelCountConfig           0x08001211   Thumb Code    24  stm32f10x_adc.o(.text)
    ADC_DiscModeCmd                          0x08001229   Thumb Code    22  stm32f10x_adc.o(.text)
    ADC_RegularChannelConfig                 0x0800123f   Thumb Code   184  stm32f10x_adc.o(.text)
    ADC_ExternalTrigConvCmd                  0x080012f7   Thumb Code    22  stm32f10x_adc.o(.text)
    ADC_GetConversionValue                   0x0800130d   Thumb Code     8  stm32f10x_adc.o(.text)
    ADC_GetDualModeConversionValue           0x08001315   Thumb Code     8  stm32f10x_adc.o(.text)
    ADC_AutoInjectedConvCmd                  0x0800131d   Thumb Code    22  stm32f10x_adc.o(.text)
    ADC_InjectedDiscModeCmd                  0x08001333   Thumb Code    22  stm32f10x_adc.o(.text)
    ADC_ExternalTrigInjectedConvConfig       0x08001349   Thumb Code    16  stm32f10x_adc.o(.text)
    ADC_ExternalTrigInjectedConvCmd          0x08001359   Thumb Code    22  stm32f10x_adc.o(.text)
    ADC_SoftwareStartInjectedConvCmd         0x0800136f   Thumb Code    22  stm32f10x_adc.o(.text)
    ADC_GetSoftwareStartInjectedConvCmdStatus 0x08001385   Thumb Code    20  stm32f10x_adc.o(.text)
    ADC_InjectedChannelConfig                0x08001399   Thumb Code   130  stm32f10x_adc.o(.text)
    ADC_InjectedSequencerLengthConfig        0x0800141b   Thumb Code    24  stm32f10x_adc.o(.text)
    ADC_SetInjectedOffset                    0x08001433   Thumb Code    20  stm32f10x_adc.o(.text)
    ADC_GetInjectedConversionValue           0x08001447   Thumb Code    28  stm32f10x_adc.o(.text)
    ADC_AnalogWatchdogCmd                    0x08001463   Thumb Code    16  stm32f10x_adc.o(.text)
    ADC_AnalogWatchdogThresholdsConfig       0x08001473   Thumb Code     6  stm32f10x_adc.o(.text)
    ADC_AnalogWatchdogSingleChannelConfig    0x08001479   Thumb Code    16  stm32f10x_adc.o(.text)
    ADC_TempSensorVrefintCmd                 0x08001489   Thumb Code    64  stm32f10x_adc.o(.text)
    ADC_GetFlagStatus                        0x080014c9   Thumb Code    18  stm32f10x_adc.o(.text)
    ADC_ClearFlag                            0x080014db   Thumb Code     6  stm32f10x_adc.o(.text)
    ADC_GetITStatus                          0x080014e1   Thumb Code    36  stm32f10x_adc.o(.text)
    ADC_ClearITPendingBit                    0x08001505   Thumb Code    10  stm32f10x_adc.o(.text)
    BKP_DeInit                               0x08001511   Thumb Code    16  stm32f10x_bkp.o(.text)
    BKP_TamperPinLevelConfig                 0x08001521   Thumb Code     6  stm32f10x_bkp.o(.text)
    BKP_TamperPinCmd                         0x08001527   Thumb Code     8  stm32f10x_bkp.o(.text)
    BKP_ITConfig                             0x0800152f   Thumb Code     8  stm32f10x_bkp.o(.text)
    BKP_RTCOutputConfig                      0x08001537   Thumb Code    22  stm32f10x_bkp.o(.text)
    BKP_SetRTCCalibrationValue               0x0800154d   Thumb Code    22  stm32f10x_bkp.o(.text)
    BKP_WriteBackupRegister                  0x08001563   Thumb Code    24  stm32f10x_bkp.o(.text)
    BKP_ReadBackupRegister                   0x0800157b   Thumb Code    26  stm32f10x_bkp.o(.text)
    BKP_GetFlagStatus                        0x08001595   Thumb Code    10  stm32f10x_bkp.o(.text)
    BKP_ClearFlag                            0x0800159f   Thumb Code    18  stm32f10x_bkp.o(.text)
    BKP_GetITStatus                          0x080015b1   Thumb Code    10  stm32f10x_bkp.o(.text)
    BKP_ClearITPendingBit                    0x080015bb   Thumb Code    18  stm32f10x_bkp.o(.text)
    GPIO_DeInit                              0x080015d5   Thumb Code   172  stm32f10x_gpio.o(.text)
    GPIO_AFIODeInit                          0x08001681   Thumb Code    20  stm32f10x_gpio.o(.text)
    GPIO_Init                                0x08001695   Thumb Code   274  stm32f10x_gpio.o(.text)
    GPIO_StructInit                          0x080017a7   Thumb Code    16  stm32f10x_gpio.o(.text)
    GPIO_ReadInputDataBit                    0x080017b7   Thumb Code    18  stm32f10x_gpio.o(.text)
    GPIO_ReadInputData                       0x080017c9   Thumb Code     8  stm32f10x_gpio.o(.text)
    GPIO_ReadOutputDataBit                   0x080017d1   Thumb Code    18  stm32f10x_gpio.o(.text)
    GPIO_ReadOutputData                      0x080017e3   Thumb Code     8  stm32f10x_gpio.o(.text)
    GPIO_SetBits                             0x080017eb   Thumb Code     4  stm32f10x_gpio.o(.text)
    GPIO_ResetBits                           0x080017ef   Thumb Code     4  stm32f10x_gpio.o(.text)
    GPIO_WriteBit                            0x080017f3   Thumb Code    10  stm32f10x_gpio.o(.text)
    GPIO_Write                               0x080017fd   Thumb Code     4  stm32f10x_gpio.o(.text)
    GPIO_PinLockConfig                       0x08001801   Thumb Code    18  stm32f10x_gpio.o(.text)
    GPIO_EventOutputConfig                   0x08001813   Thumb Code    26  stm32f10x_gpio.o(.text)
    GPIO_EventOutputCmd                      0x0800182d   Thumb Code     6  stm32f10x_gpio.o(.text)
    GPIO_PinRemapConfig                      0x08001833   Thumb Code   138  stm32f10x_gpio.o(.text)
    GPIO_EXTILineConfig                      0x080018bd   Thumb Code    66  stm32f10x_gpio.o(.text)
    GPIO_ETH_MediaInterfaceConfig            0x080018ff   Thumb Code     6  stm32f10x_gpio.o(.text)
    PWR_DeInit                               0x0800192d   Thumb Code    22  stm32f10x_pwr.o(.text)
    PWR_BackupAccessCmd                      0x08001943   Thumb Code     6  stm32f10x_pwr.o(.text)
    PWR_PVDCmd                               0x08001949   Thumb Code     6  stm32f10x_pwr.o(.text)
    PWR_PVDLevelConfig                       0x0800194f   Thumb Code    18  stm32f10x_pwr.o(.text)
    PWR_WakeUpPinCmd                         0x08001961   Thumb Code     6  stm32f10x_pwr.o(.text)
    PWR_EnterSTOPMode                        0x08001967   Thumb Code    54  stm32f10x_pwr.o(.text)
    PWR_EnterSTANDBYMode                     0x0800199d   Thumb Code    42  stm32f10x_pwr.o(.text)
    PWR_GetFlagStatus                        0x080019c7   Thumb Code    20  stm32f10x_pwr.o(.text)
    PWR_ClearFlag                            0x080019db   Thumb Code    14  stm32f10x_pwr.o(.text)
    RCC_DeInit                               0x080019f9   Thumb Code    64  stm32f10x_rcc.o(.text)
    RCC_HSEConfig                            0x08001a39   Thumb Code    70  stm32f10x_rcc.o(.text)
    RCC_GetFlagStatus                        0x08001a7f   Thumb Code    56  stm32f10x_rcc.o(.text)
    RCC_WaitForHSEStartUp                    0x08001ab7   Thumb Code    56  stm32f10x_rcc.o(.text)
    RCC_AdjustHSICalibrationValue            0x08001aef   Thumb Code    20  stm32f10x_rcc.o(.text)
    RCC_HSICmd                               0x08001b03   Thumb Code     6  stm32f10x_rcc.o(.text)
    RCC_PLLConfig                            0x08001b09   Thumb Code    24  stm32f10x_rcc.o(.text)
    RCC_PLLCmd                               0x08001b21   Thumb Code     6  stm32f10x_rcc.o(.text)
    RCC_SYSCLKConfig                         0x08001b27   Thumb Code    18  stm32f10x_rcc.o(.text)
    RCC_GetSYSCLKSource                      0x08001b39   Thumb Code    10  stm32f10x_rcc.o(.text)
    RCC_HCLKConfig                           0x08001b43   Thumb Code    18  stm32f10x_rcc.o(.text)
    RCC_PCLK1Config                          0x08001b55   Thumb Code    18  stm32f10x_rcc.o(.text)
    RCC_PCLK2Config                          0x08001b67   Thumb Code    20  stm32f10x_rcc.o(.text)
    RCC_ITConfig                             0x08001b7b   Thumb Code    26  stm32f10x_rcc.o(.text)
    RCC_USBCLKConfig                         0x08001b95   Thumb Code     6  stm32f10x_rcc.o(.text)
    RCC_ADCCLKConfig                         0x08001b9b   Thumb Code    18  stm32f10x_rcc.o(.text)
    RCC_LSEConfig                            0x08001bad   Thumb Code    44  stm32f10x_rcc.o(.text)
    RCC_LSICmd                               0x08001bd9   Thumb Code     6  stm32f10x_rcc.o(.text)
    RCC_RTCCLKConfig                         0x08001bdf   Thumb Code    12  stm32f10x_rcc.o(.text)
    RCC_RTCCLKCmd                            0x08001beb   Thumb Code     8  stm32f10x_rcc.o(.text)
    RCC_GetClocksFreq                        0x08001bf3   Thumb Code   192  stm32f10x_rcc.o(.text)
    RCC_AHBPeriphClockCmd                    0x08001cb3   Thumb Code    26  stm32f10x_rcc.o(.text)
    RCC_APB2PeriphClockCmd                   0x08001ccd   Thumb Code    26  stm32f10x_rcc.o(.text)
    RCC_APB1PeriphClockCmd                   0x08001ce7   Thumb Code    26  stm32f10x_rcc.o(.text)
    RCC_APB2PeriphResetCmd                   0x08001d01   Thumb Code    26  stm32f10x_rcc.o(.text)
    RCC_APB1PeriphResetCmd                   0x08001d1b   Thumb Code    26  stm32f10x_rcc.o(.text)
    RCC_BackupResetCmd                       0x08001d35   Thumb Code     8  stm32f10x_rcc.o(.text)
    RCC_ClockSecuritySystemCmd               0x08001d3d   Thumb Code     6  stm32f10x_rcc.o(.text)
    RCC_MCOConfig                            0x08001d43   Thumb Code     6  stm32f10x_rcc.o(.text)
    RCC_ClearFlag                            0x08001d49   Thumb Code    14  stm32f10x_rcc.o(.text)
    RCC_GetITStatus                          0x08001d57   Thumb Code    20  stm32f10x_rcc.o(.text)
    RCC_ClearITPendingBit                    0x08001d6b   Thumb Code     6  stm32f10x_rcc.o(.text)
    TIM_DeInit                               0x08001d9d   Thumb Code   424  stm32f10x_tim.o(.text)
    TIM_TimeBaseInit                         0x08001f45   Thumb Code   122  stm32f10x_tim.o(.text)
    TIM_OC1Init                              0x08001fbf   Thumb Code   132  stm32f10x_tim.o(.text)
    TIM_OC2Init                              0x08002043   Thumb Code   154  stm32f10x_tim.o(.text)
    TIM_OC3Init                              0x080020dd   Thumb Code   150  stm32f10x_tim.o(.text)
    TIM_OC4Init                              0x08002173   Thumb Code   182  stm32f10x_tim.o(.text)
    TIM_SetIC4Prescaler                      0x08002229   Thumb Code    26  stm32f10x_tim.o(.text)
    TIM_SetIC3Prescaler                      0x080022c5   Thumb Code    18  stm32f10x_tim.o(.text)
    TIM_SetIC2Prescaler                      0x08002351   Thumb Code    26  stm32f10x_tim.o(.text)
    TIM_SetIC1Prescaler                      0x080023ed   Thumb Code    18  stm32f10x_tim.o(.text)
    TIM_ICInit                               0x0800246b   Thumb Code   150  stm32f10x_tim.o(.text)
    TIM_PWMIConfig                           0x08002501   Thumb Code   124  stm32f10x_tim.o(.text)
    TIM_BDTRConfig                           0x0800257d   Thumb Code    32  stm32f10x_tim.o(.text)
    TIM_TimeBaseStructInit                   0x0800259d   Thumb Code    18  stm32f10x_tim.o(.text)
    TIM_OCStructInit                         0x080025af   Thumb Code    20  stm32f10x_tim.o(.text)
    TIM_ICStructInit                         0x080025c3   Thumb Code    18  stm32f10x_tim.o(.text)
    TIM_BDTRStructInit                       0x080025d5   Thumb Code    40  stm32f10x_tim.o(.text)
    TIM_Cmd                                  0x080025fd   Thumb Code    24  stm32f10x_tim.o(.text)
    TIM_CtrlPWMOutputs                       0x08002615   Thumb Code    30  stm32f10x_tim.o(.text)
    TIM_ITConfig                             0x08002633   Thumb Code    18  stm32f10x_tim.o(.text)
    TIM_GenerateEvent                        0x08002645   Thumb Code     4  stm32f10x_tim.o(.text)
    TIM_DMAConfig                            0x08002649   Thumb Code    10  stm32f10x_tim.o(.text)
    TIM_DMACmd                               0x08002653   Thumb Code    18  stm32f10x_tim.o(.text)
    TIM_InternalClockConfig                  0x08002665   Thumb Code    12  stm32f10x_tim.o(.text)
    TIM_SelectInputTrigger                   0x08002671   Thumb Code    18  stm32f10x_tim.o(.text)
    TIM_ITRxExternalClockConfig              0x08002683   Thumb Code    24  stm32f10x_tim.o(.text)
    TIM_TIxExternalClockConfig               0x0800269b   Thumb Code    62  stm32f10x_tim.o(.text)
    TIM_ETRConfig                            0x080026d9   Thumb Code    28  stm32f10x_tim.o(.text)
    TIM_ETRClockMode1Config                  0x080026f5   Thumb Code    54  stm32f10x_tim.o(.text)
    TIM_ETRClockMode2Config                  0x0800272b   Thumb Code    32  stm32f10x_tim.o(.text)
    TIM_PrescalerConfig                      0x0800274b   Thumb Code     6  stm32f10x_tim.o(.text)
    TIM_CounterModeConfig                    0x08002751   Thumb Code    18  stm32f10x_tim.o(.text)
    TIM_EncoderInterfaceConfig               0x08002763   Thumb Code    66  stm32f10x_tim.o(.text)
    TIM_ForcedOC1Config                      0x080027a5   Thumb Code    18  stm32f10x_tim.o(.text)
    TIM_ForcedOC2Config                      0x080027b7   Thumb Code    26  stm32f10x_tim.o(.text)
    TIM_ForcedOC3Config                      0x080027d1   Thumb Code    18  stm32f10x_tim.o(.text)
    TIM_ForcedOC4Config                      0x080027e3   Thumb Code    26  stm32f10x_tim.o(.text)
    TIM_ARRPreloadConfig                     0x080027fd   Thumb Code    24  stm32f10x_tim.o(.text)
    TIM_SelectCOM                            0x08002815   Thumb Code    24  stm32f10x_tim.o(.text)
    TIM_SelectCCDMA                          0x0800282d   Thumb Code    24  stm32f10x_tim.o(.text)
    TIM_CCPreloadControl                     0x08002845   Thumb Code    24  stm32f10x_tim.o(.text)
    TIM_OC1PreloadConfig                     0x0800285d   Thumb Code    18  stm32f10x_tim.o(.text)
    TIM_OC2PreloadConfig                     0x0800286f   Thumb Code    26  stm32f10x_tim.o(.text)
    TIM_OC3PreloadConfig                     0x08002889   Thumb Code    18  stm32f10x_tim.o(.text)
    TIM_OC4PreloadConfig                     0x0800289b   Thumb Code    26  stm32f10x_tim.o(.text)
    TIM_OC1FastConfig                        0x080028b5   Thumb Code    18  stm32f10x_tim.o(.text)
    TIM_OC2FastConfig                        0x080028c7   Thumb Code    26  stm32f10x_tim.o(.text)
    TIM_OC3FastConfig                        0x080028e1   Thumb Code    18  stm32f10x_tim.o(.text)
    TIM_OC4FastConfig                        0x080028f3   Thumb Code    26  stm32f10x_tim.o(.text)
    TIM_ClearOC1Ref                          0x0800290d   Thumb Code    18  stm32f10x_tim.o(.text)
    TIM_ClearOC2Ref                          0x0800291f   Thumb Code    24  stm32f10x_tim.o(.text)
    TIM_ClearOC3Ref                          0x08002937   Thumb Code    18  stm32f10x_tim.o(.text)
    TIM_ClearOC4Ref                          0x08002949   Thumb Code    24  stm32f10x_tim.o(.text)
    TIM_OC1PolarityConfig                    0x08002961   Thumb Code    18  stm32f10x_tim.o(.text)
    TIM_OC1NPolarityConfig                   0x08002973   Thumb Code    18  stm32f10x_tim.o(.text)
    TIM_OC2PolarityConfig                    0x08002985   Thumb Code    26  stm32f10x_tim.o(.text)
    TIM_OC2NPolarityConfig                   0x0800299f   Thumb Code    26  stm32f10x_tim.o(.text)
    TIM_OC3PolarityConfig                    0x080029b9   Thumb Code    26  stm32f10x_tim.o(.text)
    TIM_OC3NPolarityConfig                   0x080029d3   Thumb Code    26  stm32f10x_tim.o(.text)
    TIM_OC4PolarityConfig                    0x080029ed   Thumb Code    26  stm32f10x_tim.o(.text)
    TIM_CCxCmd                               0x08002a07   Thumb Code    30  stm32f10x_tim.o(.text)
    TIM_CCxNCmd                              0x08002a25   Thumb Code    30  stm32f10x_tim.o(.text)
    TIM_SelectOCxM                           0x08002a43   Thumb Code    82  stm32f10x_tim.o(.text)
    TIM_UpdateDisableConfig                  0x08002a95   Thumb Code    24  stm32f10x_tim.o(.text)
    TIM_UpdateRequestConfig                  0x08002aad   Thumb Code    24  stm32f10x_tim.o(.text)
    TIM_SelectHallSensor                     0x08002ac5   Thumb Code    24  stm32f10x_tim.o(.text)
    TIM_SelectOnePulseMode                   0x08002add   Thumb Code    18  stm32f10x_tim.o(.text)
    TIM_SelectOutputTrigger                  0x08002aef   Thumb Code    18  stm32f10x_tim.o(.text)
    TIM_SelectSlaveMode                      0x08002b01   Thumb Code    18  stm32f10x_tim.o(.text)
    TIM_SelectMasterSlaveMode                0x08002b13   Thumb Code    18  stm32f10x_tim.o(.text)
    TIM_SetCounter                           0x08002b25   Thumb Code     4  stm32f10x_tim.o(.text)
    TIM_SetAutoreload                        0x08002b29   Thumb Code     4  stm32f10x_tim.o(.text)
    TIM_SetCompare1                          0x08002b2d   Thumb Code     4  stm32f10x_tim.o(.text)
    TIM_SetCompare2                          0x08002b31   Thumb Code     4  stm32f10x_tim.o(.text)
    TIM_SetCompare3                          0x08002b35   Thumb Code     4  stm32f10x_tim.o(.text)
    TIM_SetCompare4                          0x08002b39   Thumb Code     6  stm32f10x_tim.o(.text)
    TIM_SetClockDivision                     0x08002b3f   Thumb Code    18  stm32f10x_tim.o(.text)
    TIM_GetCapture1                          0x08002b51   Thumb Code     6  stm32f10x_tim.o(.text)
    TIM_GetCapture2                          0x08002b57   Thumb Code     6  stm32f10x_tim.o(.text)
    TIM_GetCapture3                          0x08002b5d   Thumb Code     6  stm32f10x_tim.o(.text)
    TIM_GetCapture4                          0x08002b63   Thumb Code     8  stm32f10x_tim.o(.text)
    TIM_GetCounter                           0x08002b6b   Thumb Code     6  stm32f10x_tim.o(.text)
    TIM_GetPrescaler                         0x08002b71   Thumb Code     6  stm32f10x_tim.o(.text)
    TIM_GetFlagStatus                        0x08002b77   Thumb Code    18  stm32f10x_tim.o(.text)
    TIM_ClearFlag                            0x08002b89   Thumb Code     6  stm32f10x_tim.o(.text)
    TIM_GetITStatus                          0x08002b8f   Thumb Code    34  stm32f10x_tim.o(.text)
    TIM_ClearITPendingBit                    0x08002bb1   Thumb Code     6  stm32f10x_tim.o(.text)
    USART_DeInit                             0x08002bb9   Thumb Code   134  stm32f10x_usart.o(.text)
    USART_Init                               0x08002c3f   Thumb Code   210  stm32f10x_usart.o(.text)
    USART_StructInit                         0x08002d11   Thumb Code    24  stm32f10x_usart.o(.text)
    USART_ClockInit                          0x08002d29   Thumb Code    34  stm32f10x_usart.o(.text)
    USART_ClockStructInit                    0x08002d4b   Thumb Code    12  stm32f10x_usart.o(.text)
    USART_Cmd                                0x08002d57   Thumb Code    24  stm32f10x_usart.o(.text)
    USART_ITConfig                           0x08002d6f   Thumb Code    74  stm32f10x_usart.o(.text)
    USART_DMACmd                             0x08002db9   Thumb Code    18  stm32f10x_usart.o(.text)
    USART_SetAddress                         0x08002dcb   Thumb Code    18  stm32f10x_usart.o(.text)
    USART_WakeUpConfig                       0x08002ddd   Thumb Code    18  stm32f10x_usart.o(.text)
    USART_ReceiverWakeUpCmd                  0x08002def   Thumb Code    24  stm32f10x_usart.o(.text)
    USART_LINBreakDetectLengthConfig         0x08002e07   Thumb Code    18  stm32f10x_usart.o(.text)
    USART_LINCmd                             0x08002e19   Thumb Code    24  stm32f10x_usart.o(.text)
    USART_SendData                           0x08002e31   Thumb Code     8  stm32f10x_usart.o(.text)
    USART_ReceiveData                        0x08002e39   Thumb Code    10  stm32f10x_usart.o(.text)
    USART_SendBreak                          0x08002e43   Thumb Code    10  stm32f10x_usart.o(.text)
    USART_SetGuardTime                       0x08002e4d   Thumb Code    16  stm32f10x_usart.o(.text)
    USART_SetPrescaler                       0x08002e5d   Thumb Code    16  stm32f10x_usart.o(.text)
    USART_SmartCardCmd                       0x08002e6d   Thumb Code    24  stm32f10x_usart.o(.text)
    USART_SmartCardNACKCmd                   0x08002e85   Thumb Code    24  stm32f10x_usart.o(.text)
    USART_HalfDuplexCmd                      0x08002e9d   Thumb Code    24  stm32f10x_usart.o(.text)
    USART_OverSampling8Cmd                   0x08002eb5   Thumb Code    22  stm32f10x_usart.o(.text)
    USART_OneBitMethodCmd                    0x08002ecb   Thumb Code    24  stm32f10x_usart.o(.text)
    USART_IrDAConfig                         0x08002ee3   Thumb Code    18  stm32f10x_usart.o(.text)
    USART_IrDACmd                            0x08002ef5   Thumb Code    24  stm32f10x_usart.o(.text)
    USART_GetFlagStatus                      0x08002f0d   Thumb Code    26  stm32f10x_usart.o(.text)
    USART_ClearFlag                          0x08002f27   Thumb Code    18  stm32f10x_usart.o(.text)
    USART_GetITStatus                        0x08002f39   Thumb Code    84  stm32f10x_usart.o(.text)
    USART_ClearITPendingBit                  0x08002f8d   Thumb Code    52  stm32f10x_usart.o(.text)
    __aeabi_fmul                             0x08002fc1   Thumb Code   108  fmul.o(.text)
    __aeabi_dmul                             0x0800302d   Thumb Code   228  dmul.o(.text)
    __aeabi_ui2f                             0x08003111   Thumb Code    10  ffltui.o(.text)
    __aeabi_f2iz                             0x0800311b   Thumb Code    50  ffixi.o(.text)
    __aeabi_f2d                              0x0800314d   Thumb Code    38  f2d.o(.text)
    __aeabi_d2f                              0x08003173   Thumb Code    56  d2f.o(.text)
    __I$use$fp                               0x080031ab   Thumb Code     0  iusefp.o(.text)
    _float_round                             0x080031ab   Thumb Code    18  fepilogue.o(.text)
    _float_epilogue                          0x080031bd   Thumb Code    90  fepilogue.o(.text)
    _double_round                            0x08003217   Thumb Code    26  depilogue.o(.text)
    _double_epilogue                         0x08003231   Thumb Code   164  depilogue.o(.text)
    __scatterload                            0x080032d5   Thumb Code    28  init.o(.text)
    __scatterload_rt2                        0x080032d5   Thumb Code     0  init.o(.text)
    __aeabi_llsl                             0x080032f9   Thumb Code    30  llshl.o(.text)
    _ll_shift_l                              0x080032f9   Thumb Code     0  llshl.o(.text)
    __aeabi_llsr                             0x08003317   Thumb Code    32  llushr.o(.text)
    _ll_ushift_r                             0x08003317   Thumb Code     0  llushr.o(.text)
    __scatterload_copy                       0x08003337   Thumb Code    14  handlers.o(i.__scatterload_copy)
    __scatterload_null                       0x08003345   Thumb Code     2  handlers.o(i.__scatterload_null)
    __scatterload_zeroinit                   0x08003347   Thumb Code    14  handlers.o(i.__scatterload_zeroinit)
    Region$$Table$$Base                      0x08003354   Number         0  anon$$obj.o(Region$$Table)
    Region$$Table$$Limit                     0x08003374   Number         0  anon$$obj.o(Region$$Table)
    SystemCoreClock                          0x20000000   Data           4  system_stm32f10x.o(.data)
    AHBPrescTable                            0x20000004   Data          16  system_stm32f10x.o(.data)
    USART_RX_STA                             0x20000018   Data           2  usart.o(.data)
    __stdout                                 0x2000001c   Data           4  usart.o(.data)
    Status                                   0x20000020   Data           4  app_linewalking.o(.data)
    iGS                                      0x20000024   Data           4  bsp_timer.o(.data)
    ADC_Convert_Value                        0x20000028   Data           4  bsp_adc.o(.data)
    count                                    0x2000002c   Data           4  bsp_adc.o(.data)
    adc_value_temp                           0x20000030   Data           4  bsp_adc.o(.data)
    adc_delta                                0x20000034   Data           4  bsp_adc.o(.data)
    adc_value                                0x20000038   Data           4  bsp_adc.o(.data)
    temp                                     0x2000003c   Data           4  bsp_adc.o(.data)
    USART_RX_BUF                             0x20000054   Data         200  usart.o(.bss)
    __initial_sp                             0x20000520   Data           0  startup_stm32f10x_md.o(STACK)



==============================================================================

Memory Map of the image

  Image Entry point : 0x080000ed

  Load Region LR_IROM1 (Base: 0x08000000, Size: 0x000033c8, Max: 0x00010000, ABSOLUTE)

    Execution Region ER_IROM1 (Base: 0x08000000, Size: 0x00003374, Max: 0x00010000, ABSOLUTE)

    Base Addr    Size         Type   Attr      Idx    E Section Name        Object

    0x08000000   0x000000ec   Data   RO            3    RESET               startup_stm32f10x_md.o
    0x080000ec   0x00000000   Code   RO          699  * .ARM.Collect$$$$00000000  mc_w.l(entry.o)
    0x080000ec   0x00000004   Code   RO          714    .ARM.Collect$$$$00000001  mc_w.l(entry2.o)
    0x080000f0   0x00000004   Code   RO          717    .ARM.Collect$$$$00000004  mc_w.l(entry5.o)
    0x080000f4   0x00000000   Code   RO          719    .ARM.Collect$$$$00000008  mc_w.l(entry7b.o)
    0x080000f4   0x00000000   Code   RO          721    .ARM.Collect$$$$0000000A  mc_w.l(entry8b.o)
    0x080000f4   0x00000008   Code   RO          722    .ARM.Collect$$$$0000000B  mc_w.l(entry9a.o)
    0x080000fc   0x00000000   Code   RO          724    .ARM.Collect$$$$0000000D  mc_w.l(entry10a.o)
    0x080000fc   0x00000000   Code   RO          726    .ARM.Collect$$$$0000000F  mc_w.l(entry11a.o)
    0x080000fc   0x00000004   Code   RO          715    .ARM.Collect$$$$00002712  mc_w.l(entry2.o)
    0x08000100   0x00000024   Code   RO            4    .text               startup_stm32f10x_md.o
    0x08000124   0x000001dc   Code   RO           24    .text               system_stm32f10x.o
    0x08000300   0x000000d0   Code   RO           73    .text               delay.o
    0x080003d0   0x00000140   Code   RO          116    .text               usart.o
    0x08000510   0x0000002c   Code   RO          139    .text               main.o
    0x0800053c   0x000001a0   Code   RO          186    .text               app_motor.o
    0x080006dc   0x00000180   Code   RO          198    .text               app_linewalking.o
    0x0800085c   0x0000002a   Code   RO          214    .text               bsp.o
    0x08000886   0x00000002   PAD
    0x08000888   0x00000248   Code   RO          259    .text               bsp_gpio.o
    0x08000ad0   0x000000f4   Code   RO          280    .text               bsp_motor.o
    0x08000bc4   0x000000ac   Code   RO          310    .text               bsp_timer.o
    0x08000c70   0x00000048   Code   RO          340    .text               bsp_linewalking.o
    0x08000cb8   0x00000234   Code   RO          352    .text               bsp_adc.o
    0x08000eec   0x000000f8   Code   RO          370    .text               bsp_gs.o
    0x08000fe4   0x000000dc   Code   RO          382    .text               misc.o
    0x080010c0   0x0000044e   Code   RO          394    .text               stm32f10x_adc.o
    0x0800150e   0x00000002   PAD
    0x08001510   0x000000c4   Code   RO          406    .text               stm32f10x_bkp.o
    0x080015d4   0x00000358   Code   RO          550    .text               stm32f10x_gpio.o
    0x0800192c   0x000000cc   Code   RO          589    .text               stm32f10x_pwr.o
    0x080019f8   0x000003a4   Code   RO          601    .text               stm32f10x_rcc.o
    0x08001d9c   0x00000e1a   Code   RO          660    .text               stm32f10x_tim.o
    0x08002bb6   0x00000002   PAD
    0x08002bb8   0x00000408   Code   RO          672    .text               stm32f10x_usart.o
    0x08002fc0   0x0000006c   Code   RO          702    .text               mf_w.l(fmul.o)
    0x0800302c   0x000000e4   Code   RO          704    .text               mf_w.l(dmul.o)
    0x08003110   0x0000000a   Code   RO          706    .text               mf_w.l(ffltui.o)
    0x0800311a   0x00000032   Code   RO          708    .text               mf_w.l(ffixi.o)
    0x0800314c   0x00000026   Code   RO          710    .text               mf_w.l(f2d.o)
    0x08003172   0x00000038   Code   RO          712    .text               mf_w.l(d2f.o)
    0x080031aa   0x00000000   Code   RO          728    .text               mc_w.l(iusefp.o)
    0x080031aa   0x0000006c   Code   RO          729    .text               mf_w.l(fepilogue.o)
    0x08003216   0x000000be   Code   RO          731    .text               mf_w.l(depilogue.o)
    0x080032d4   0x00000024   Code   RO          733    .text               mc_w.l(init.o)
    0x080032f8   0x0000001e   Code   RO          735    .text               mc_w.l(llshl.o)
    0x08003316   0x00000020   Code   RO          737    .text               mc_w.l(llushr.o)
    0x08003336   0x0000000e   Code   RO          741    i.__scatterload_copy  mc_w.l(handlers.o)
    0x08003344   0x00000002   Code   RO          742    i.__scatterload_null  mc_w.l(handlers.o)
    0x08003346   0x0000000e   Code   RO          743    i.__scatterload_zeroinit  mc_w.l(handlers.o)
    0x08003354   0x00000020   Data   RO          739    Region$$Table       anon$$obj.o


    Execution Region RW_IRAM1 (Base: 0x20000000, Size: 0x00000520, Max: 0x00005000, ABSOLUTE)

    Base Addr    Size         Type   Attr      Idx    E Section Name        Object

    0x20000000   0x00000014   Data   RW           25    .data               system_stm32f10x.o
    0x20000014   0x00000004   Data   RW           74    .data               delay.o
    0x20000018   0x00000008   Data   RW          118    .data               usart.o
    0x20000020   0x00000004   Data   RW          199    .data               app_linewalking.o
    0x20000024   0x00000004   Data   RW          311    .data               bsp_timer.o
    0x20000028   0x00000018   Data   RW          353    .data               bsp_adc.o
    0x20000040   0x00000014   Data   RW          602    .data               stm32f10x_rcc.o
    0x20000054   0x000000c8   Zero   RW          117    .bss                usart.o
    0x2000011c   0x00000004   PAD
    0x20000120   0x00000400   Zero   RW            1    STACK               startup_stm32f10x_md.o


==============================================================================

Image component sizes


      Code (inc. data)   RO Data    RW Data    ZI Data      Debug   Object Name

       384          8          0          4          0       1331   app_linewalking.o
       416          8          0          0          0       1726   app_motor.o
        42          0          0          0          0        603   bsp.o
       564         42          0         24          0      11821   bsp_adc.o
       584         18          0          0          0       1451   bsp_gpio.o
       248          8          0          0          0       1355   bsp_gs.o
        72          8          0          0          0        789   bsp_linewalking.o
       244          8          0          0          0       1013   bsp_motor.o
       172         10          0          4          0       1321   bsp_timer.o
         0          0          0          0          0       4208   core_cm3.o
       208         18          0          4          0     204999   delay.o
        44          4          0          0          0        607   main.o
       220         20          0          0          0       2045   misc.o
        36          8        236          0       1024        884   startup_stm32f10x_md.o
      1102         26          0          0          0      11073   stm32f10x_adc.o
       196          8          0          0          0       3704   stm32f10x_bkp.o
       856         40          0          0          0       5889   stm32f10x_gpio.o
       204         16          0          0          0       2043   stm32f10x_pwr.o
       932         44          0         20          0       9196   stm32f10x_rcc.o
      3610         88          0          0          0      22372   stm32f10x_tim.o
      1032         22          0          0          0       8612   stm32f10x_usart.o
       476         36          0         20          0      46259   system_stm32f10x.o
       320         18          0          8        200       3586   usart.o

    ----------------------------------------------------------------------
     11968        458        268         84       1228     346887   Object Totals
         0          0         32          0          0          0   (incl. Generated)
         6          0          0          0          4          0   (incl. Padding)

    ----------------------------------------------------------------------

      Code (inc. data)   RO Data    RW Data    ZI Data      Debug   Library Member Name

         0          0          0          0          0          0   entry.o
         0          0          0          0          0          0   entry10a.o
         0          0          0          0          0          0   entry11a.o
         8          4          0          0          0          0   entry2.o
         4          0          0          0          0          0   entry5.o
         0          0          0          0          0          0   entry7b.o
         0          0          0          0          0          0   entry8b.o
         8          4          0          0          0          0   entry9a.o
        30          0          0          0          0          0   handlers.o
        36          8          0          0          0         68   init.o
         0          0          0          0          0          0   iusefp.o
        30          0          0          0          0         68   llshl.o
        32          0          0          0          0         68   llushr.o
        56          0          0          0          0         88   d2f.o
       190          0          0          0          0        176   depilogue.o
       228          0          0          0          0         92   dmul.o
        38          0          0          0          0         68   f2d.o
       108          0          0          0          0        168   fepilogue.o
        50          0          0          0          0         68   ffixi.o
        10          0          0          0          0         68   ffltui.o
       108          0          0          0          0         76   fmul.o

    ----------------------------------------------------------------------
       936         16          0          0          0       1008   Library Totals
         0          0          0          0          0          0   (incl. Padding)

    ----------------------------------------------------------------------

      Code (inc. data)   RO Data    RW Data    ZI Data      Debug   Library Name

       148         16          0          0          0        204   mc_w.l
       788          0          0          0          0        804   mf_w.l

    ----------------------------------------------------------------------
       936         16          0          0          0       1008   Library Totals

    ----------------------------------------------------------------------

==============================================================================


      Code (inc. data)   RO Data    RW Data    ZI Data      Debug   

     12904        474        268         84       1228     345503   Grand Totals
     12904        474        268         84       1228     345503   ELF Image Totals
     12904        474        268         84          0          0   ROM Totals

==============================================================================

    Total RO  Size (Code + RO Data)                13172 (  12.86kB)
    Total RW  Size (RW Data + ZI Data)              1312 (   1.28kB)
    Total ROM Size (Code + RO Data + RW Data)      13256 (  12.95kB)

==============================================================================

