ARM Linker, 5.03 [Build 24] [MDK-ARM Professional]

==============================================================================

Section Cross References

    main.o(.text) refers to delay.o(.text) for delay_init
    main.o(.text) refers to sys.o(.text) for NVIC_Configuration
    main.o(.text) refers to usart.o(.text) for uart_init
    main.o(.text) refers to key.o(.text) for KEY_Init
    main.o(.text) refers to led.o(.text) for LED_Init
    main.o(.text) refers to dac.o(.text) for Dac1_Init
    main.o(.text) refers to noretval__2printf.o(.text) for __2printf
    main.o(.text) refers to timer.o(.text) for TIM3_Int_Init
    main.o(.text) refers to stm32f10x_usart.o(.text) for USART_SendData
    main.o(.text) refers to rt_memclr_w.o(.text) for __aeabi_memclr4
    main.o(.text) refers to usmart_config.o(.data) for usmart_dev
    main.o(.text) refers to usart.o(.data) for USART_RX_STA
    main.o(.text) refers to usart.o(.bss) for USART_RX_BUF
    system_stm32f10x.o(.text) refers to system_stm32f10x.o(.data) for SystemCoreClock
    led.o(.text) refers to stm32f10x_rcc.o(.text) for RCC_APB2PeriphClockCmd
    led.o(.text) refers to stm32f10x_gpio.o(.text) for GPIO_Init
    key.o(.text) refers to stm32f10x_rcc.o(.text) for RCC_APB2PeriphClockCmd
    key.o(.text) refers to stm32f10x_gpio.o(.text) for GPIO_Init
    key.o(.text) refers to delay.o(.text) for delay_ms
    key.o(.text) refers to key.o(.data) for key_up
    lcd.o(.text) refers to _printf_percent.o(.ARM.Collect$$_printf_percent$$00000000) for _printf_percent
    lcd.o(.text) refers to _printf_x.o(.ARM.Collect$$_printf_percent$$0000000C) for _printf_x
    lcd.o(.text) refers to _printf_hex_int.o(.text) for _printf_longlong_hex
    lcd.o(.text) refers to delay.o(.text) for delay_us
    lcd.o(.text) refers to lcd.o(.bss) for lcddev
    lcd.o(.text) refers to lcd.o(.data) for POINT_COLOR
    lcd.o(.text) refers to stm32f10x_rcc.o(.text) for RCC_AHBPeriphClockCmd
    lcd.o(.text) refers to stm32f10x_gpio.o(.text) for GPIO_Init
    lcd.o(.text) refers to stm32f10x_fsmc.o(.text) for FSMC_NORSRAMInit
    lcd.o(.text) refers to noretval__2printf.o(.text) for __2printf
    lcd.o(.text) refers to lcd.o(.constdata) for asc2_1206
    adc.o(.text) refers to stm32f10x_rcc.o(.text) for RCC_APB2PeriphClockCmd
    adc.o(.text) refers to stm32f10x_gpio.o(.text) for GPIO_Init
    adc.o(.text) refers to stm32f10x_adc.o(.text) for ADC_DeInit
    adc.o(.text) refers to delay.o(.text) for delay_ms
    dac.o(.text) refers to stm32f10x_rcc.o(.text) for RCC_APB2PeriphClockCmd
    dac.o(.text) refers to stm32f10x_gpio.o(.text) for GPIO_Init
    dac.o(.text) refers to stm32f10x_dac.o(.text) for DAC_Init
    dac.o(.text) refers to fflt_clz.o(x$fpl$ffltu) for __aeabi_ui2f
    dac.o(.text) refers to fdiv.o(x$fpl$fdiv) for __aeabi_fdiv
    dac.o(.text) refers to fmul.o(x$fpl$fmul) for __aeabi_fmul
    dac.o(.text) refers to f2d.o(x$fpl$f2d) for __aeabi_f2d
    dac.o(.text) refers to ddiv.o(x$fpl$ddiv) for __aeabi_ddiv
    dac.o(.text) refers to d2f.o(x$fpl$d2f) for __aeabi_d2f
    dac.o(.text) refers to ffixu.o(x$fpl$ffixu) for __aeabi_f2uiz
    dac.o(.text) refers to fflt_clz.o(x$fpl$fflt) for __aeabi_i2f
    dac.o(.text) refers to ffix.o(x$fpl$ffix) for __aeabi_f2iz
    dac.o(.text) refers to delay.o(.text) for delay_us
    beep.o(.text) refers to stm32f10x_rcc.o(.text) for RCC_APB2PeriphClockCmd
    beep.o(.text) refers to stm32f10x_gpio.o(.text) for GPIO_Init
    timer.o(.text) refers to stm32f10x_rcc.o(.text) for RCC_APB1PeriphClockCmd
    timer.o(.text) refers to stm32f10x_tim.o(.text) for TIM_TimeBaseInit
    timer.o(.text) refers to misc.o(.text) for NVIC_Init
    timer.o(.text) refers to timer.o(.data) for Sine12bit
    delay.o(.text) refers to misc.o(.text) for SysTick_CLKSourceConfig
    delay.o(.text) refers to system_stm32f10x.o(.data) for SystemCoreClock
    delay.o(.text) refers to delay.o(.data) for fac_us
    sys.o(.text) refers to misc.o(.text) for NVIC_PriorityGroupConfig
    usart.o(.text) refers (Special) to use_no_semi_2.o(.text) for __use_no_semihosting
    usart.o(.text) refers to stm32f10x_rcc.o(.text) for RCC_APB2PeriphClockCmd
    usart.o(.text) refers to stm32f10x_usart.o(.text) for USART_DeInit
    usart.o(.text) refers to stm32f10x_gpio.o(.text) for GPIO_Init
    usart.o(.text) refers to misc.o(.text) for NVIC_Init
    usart.o(.text) refers to usart.o(.data) for USART_RX_STA
    usart.o(.text) refers to usart.o(.bss) for USART_RX_BUF
    usart.o(.bss) refers (Special) to use_no_semi_2.o(.text) for __use_no_semihosting
    usart.o(.data) refers (Special) to use_no_semi_2.o(.text) for __use_no_semihosting
    startup_stm32f10x_hd.o(STACK) refers (Special) to heapauxi.o(.text) for __use_two_region_memory
    startup_stm32f10x_hd.o(HEAP) refers (Special) to heapauxi.o(.text) for __use_two_region_memory
    startup_stm32f10x_hd.o(RESET) refers (Special) to heapauxi.o(.text) for __use_two_region_memory
[...]
    defsig_segv_inner.o(.text) refers to defsig_general.o(.text) for __default_signal_display
    defsig_other.o(.text) refers to defsig_general.o(.text) for __default_signal_display


==============================================================================

Removing Unused input sections from the image.

    Removing lcd.o(.text), (18458 bytes).
    Removing lcd.o(.bss), (14 bytes).
    Removing lcd.o(.constdata), (2660 bytes).
    Removing lcd.o(.data), (4 bytes).
    Removing adc.o(.text), (232 bytes).
    Removing beep.o(.text), (56 bytes).
    Removing core_cm3.o(.emb_text), (32 bytes).
    Removing stm32f10x_adc.o(.text), (1102 bytes).
    Removing stm32f10x_fsmc.o(.text), (1560 bytes).

9 unused section(s) (total 24118 bytes) removed from the image.

==============================================================================

Image Symbol Table

    Local Symbols

    Symbol Name                              Value     Ov Type        Size  Object(Section)

    ../clib/angel/boardlib.s                 0x00000000   Number         0  boardinit3.o ABSOLUTE
    ../clib/angel/boardlib.s                 0x00000000   Number         0  boardshut.o ABSOLUTE
    ../clib/angel/boardlib.s                 0x00000000   Number         0  boardinit2.o ABSOLUTE
    ../clib/angel/boardlib.s                 0x00000000   Number         0  boardinit1.o ABSOLUTE
    ../clib/angel/dczerorl2.s                0x00000000   Number         0  __dczerorl2.o ABSOLUTE
    ../clib/angel/handlers.s                 0x00000000   Number         0  __scatter_zi.o ABSOLUTE
    ../clib/angel/kernel.s                   0x00000000   Number         0  rtexit2.o ABSOLUTE
    ../clib/angel/kernel.s                   0x00000000   Number         0  rtentry.o ABSOLUTE
    ../clib/angel/kernel.s                   0x00000000   Number         0  rtentry4.o ABSOLUTE
    ../clib/angel/kernel.s                   0x00000000   Number         0  rtentry2.o ABSOLUTE
    ../clib/angel/kernel.s                   0x00000000   Number         0  rtexit.o ABSOLUTE
    ../clib/angel/rt.s                       0x00000000   Number         0  rt_raise.o ABSOLUTE
    ../clib/angel/scatter.s                  0x00000000   Number         0  __scatter.o ABSOLUTE
    ../clib/angel/startup.s                  0x00000000   Number         0  __main.o ABSOLUTE
    ../clib/angel/sys.s                      0x00000000   Number         0  sys_stackheap_outer.o ABSOLUTE
    ../clib/angel/sys.s                      0x00000000   Number         0  use_no_semi_2.o ABSOLUTE
    ../clib/angel/sys.s                      0x00000000   Number         0  use_no_semi.o ABSOLUTE
    ../clib/angel/sys.s                      0x00000000   Number         0  indicate_semi.o ABSOLUTE
    ../clib/angel/sys.s                      0x00000000   Number         0  libspace.o ABSOLUTE
    ../clib/angel/sysapp.c                   0x00000000   Number         0  sys_command.o ABSOLUTE
    ../clib/angel/sysapp.c                   0x00000000   Number         0  sys_wrch.o ABSOLUTE
    ../clib/armsys.c                         0x00000000   Number         0  no_argv.o ABSOLUTE
    ../clib/armsys.c                         0x00000000   Number         0  _get_argv_nomalloc.o ABSOLUTE
    ../clib/armsys.c                         0x00000000   Number         0  argv_veneer.o ABSOLUTE
    ../clib/armsys.c                         0x00000000   Number         0  argv_veneer.o ABSOLUTE
    ../clib/heapalloc.c                      0x00000000   Number         0  hrguard.o ABSOLUTE
    ../clib/heapaux.c                        0x00000000   Number         0  heapauxi.o ABSOLUTE
    ../clib/libinit.s                        0x00000000   Number         0  libinit2.o ABSOLUTE
    ../clib/libinit.s                        0x00000000   Number         0  libinit.o ABSOLUTE
    ../clib/libinit.s                        0x00000000   Number         0  libshutdown.o ABSOLUTE
    ../clib/libinit.s                        0x00000000   Number         0  libshutdown2.o ABSOLUTE
    ../clib/memcpset.s                       0x00000000   Number         0  rt_memclr_w.o ABSOLUTE
    ../clib/misc.s                           0x00000000   Number         0  printf_stubs.o ABSOLUTE
    ../clib/printf.c                         0x00000000   Number         0  _printf_dec.o ABSOLUTE
    ../clib/printf.c                         0x00000000   Number         0  _printf_hex_ll.o ABSOLUTE
    ../clib/printf.c                         0x00000000   Number         0  _printf_hex_int.o ABSOLUTE
    ../clib/printf.c                         0x00000000   Number         0  _printf_char_file.o ABSOLUTE
    ../clib/printf.c                         0x00000000   Number         0  _printf_char.o ABSOLUTE
    ../clib/printf.c                         0x00000000   Number         0  _printf_intcommon.o ABSOLUTE
    ../clib/printf.c                         0x00000000   Number         0  _printf_hex_int_ll.o ABSOLUTE
    ../clib/printf.c                         0x00000000   Number         0  _printf_hex_ptr.o ABSOLUTE
    ../clib/printf.c                         0x00000000   Number         0  _printf_hex_int_ptr.o ABSOLUTE
    ../clib/printf.c                         0x00000000   Number         0  _printf_hex_ll_ptr.o ABSOLUTE
    ../clib/printf.c                         0x00000000   Number         0  _printf_hex_int_ll_ptr.o ABSOLUTE
    ../clib/printf.c                         0x00000000   Number         0  __printf_ss.o ABSOLUTE
    ../clib/printf.c                         0x00000000   Number         0  __printf_flags_ss.o ABSOLUTE
    ../clib/printf.c                         0x00000000   Number         0  __printf_wp.o ABSOLUTE
    ../clib/printf.c                         0x00000000   Number         0  __printf_flags_wp.o ABSOLUTE
    ../clib/printf.c                         0x00000000   Number         0  __printf_ss_wp.o ABSOLUTE
    ../clib/printf.c                         0x00000000   Number         0  __printf_flags_ss_wp.o ABSOLUTE
    ../clib/printf.c                         0x00000000   Number         0  __printf_nopercent.o ABSOLUTE
    ../clib/printf.c                         0x00000000   Number         0  _printf_char_common.o ABSOLUTE
    ../clib/printf.c                         0x00000000   Number         0  __2printf.o ABSOLUTE
    ../clib/printf.c                         0x00000000   Number         0  noretval__2printf.o ABSOLUTE
    ../clib/printf.c                         0x00000000   Number         0  __printf_flags.o ABSOLUTE
    ../clib/printf.c                         0x00000000   Number         0  __printf.o ABSOLUTE
    ../clib/printf.c                         0x00000000   Number         0  _printf_pad.o ABSOLUTE
    ../clib/printf.c                         0x00000000   Number         0  _printf_str.o ABSOLUTE
    ../clib/printf_percent.s                 0x00000000   Number         0  _printf_s.o ABSOLUTE
    ../clib/printf_percent.s                 0x00000000   Number         0  _printf_c.o ABSOLUTE
    ../clib/printf_percent.s                 0x00000000   Number         0  _printf_percent_end.o ABSOLUTE
    ../clib/printf_percent.s                 0x00000000   Number         0  _printf_d.o ABSOLUTE
    ../clib/printf_percent.s                 0x00000000   Number         0  _printf_u.o ABSOLUTE
    ../clib/printf_percent.s                 0x00000000   Number         0  _printf_x.o ABSOLUTE
    ../clib/printf_percent.s                 0x00000000   Number         0  _printf_percent.o ABSOLUTE
    ../clib/signal.c                         0x00000000   Number         0  defsig_exit.o ABSOLUTE
    ../clib/signal.c                         0x00000000   Number         0  defsig_other.o ABSOLUTE
    ../clib/signal.c                         0x00000000   Number         0  defsig_rtmem_outer.o ABSOLUTE
    ../clib/signal.c                         0x00000000   Number         0  defsig_segv_inner.o ABSOLUTE
    ../clib/signal.c                         0x00000000   Number         0  defsig_abrt_inner.o ABSOLUTE
    ../clib/signal.c                         0x00000000   Number         0  defsig_cppl_inner.o ABSOLUTE
    ../clib/signal.c                         0x00000000   Number         0  defsig_pvfn_inner.o ABSOLUTE
    ../clib/signal.c                         0x00000000   Number         0  defsig_stak_inner.o ABSOLUTE
    ../clib/signal.c                         0x00000000   Number         0  defsig_rtred_inner.o ABSOLUTE
    ../clib/signal.c                         0x00000000   Number         0  defsig_fpe_inner.o ABSOLUTE
    ../clib/signal.c                         0x00000000   Number         0  defsig_rtmem_formal.o ABSOLUTE
    ../clib/signal.c                         0x00000000   Number         0  defsig_general.o ABSOLUTE
    ../clib/signal.c                         0x00000000   Number         0  __raise.o ABSOLUTE
    ../clib/signal.c                         0x00000000   Number         0  defsig_rtmem_inner.o ABSOLUTE
    ../clib/signal.s                         0x00000000   Number         0  defsig.o ABSOLUTE
    ../clib/stdio.c                          0x00000000   Number         0  ferror_locked.o ABSOLUTE
    ../clib/stdio.c                          0x00000000   Number         0  ferror.o ABSOLUTE
    ../clib/stdlib.c                         0x00000000   Number         0  exit.o ABSOLUTE
    ../fplib/d2f.s                           0x00000000   Number         0  d2f.o ABSOLUTE
    ../fplib/ddiv.s                          0x00000000   Number         0  ddiv.o ABSOLUTE
    ../fplib/dnaninf.s                       0x00000000   Number         0  dnaninf.o ABSOLUTE
    ../fplib/dretinf.s                       0x00000000   Number         0  dretinf.o ABSOLUTE
    ../fplib/f2d.s                           0x00000000   Number         0  f2d.o ABSOLUTE
    ../fplib/fdiv.s                          0x00000000   Number         0  fdiv.o ABSOLUTE
    ../fplib/ffix.s                          0x00000000   Number         0  ffix.o ABSOLUTE
    ../fplib/ffixu.s                         0x00000000   Number         0  ffixu.o ABSOLUTE
    ../fplib/fflt.s                          0x00000000   Number         0  fflt_clz.o ABSOLUTE
    ../fplib/fmul.s                          0x00000000   Number         0  fmul.o ABSOLUTE
    ../fplib/fnaninf.s                       0x00000000   Number         0  fnaninf.o ABSOLUTE
    ../fplib/fpinit.s                        0x00000000   Number         0  fpinit.o ABSOLUTE
    ../fplib/fretinf.s                       0x00000000   Number         0  fretinf.o ABSOLUTE
    ../fplib/usenofp.s                       0x00000000   Number         0  usenofp.o ABSOLUTE
    ..\CORE\core_cm3.c                       0x00000000   Number         0  core_cm3.o ABSOLUTE
    ..\CORE\startup_stm32f10x_hd.s           0x00000000   Number         0  startup_stm32f10x_hd.o ABSOLUTE
    ..\HARDWARE\ADC\adc.c                    0x00000000   Number         0  adc.o ABSOLUTE
    ..\HARDWARE\BEEP\beep.c                  0x00000000   Number         0  beep.o ABSOLUTE
    ..\HARDWARE\DAC\dac.c                    0x00000000   Number         0  dac.o ABSOLUTE
    ..\HARDWARE\KEY\key.c                    0x00000000   Number         0  key.o ABSOLUTE
    ..\HARDWARE\LCD\lcd.c                    0x00000000   Number         0  lcd.o ABSOLUTE
    ..\HARDWARE\LED\led.c                    0x00000000   Number         0  led.o ABSOLUTE
    ..\HARDWARE\TIMER\timer.c                0x00000000   Number         0  timer.o ABSOLUTE
    ..\STM32F10x_FWLib\src\misc.c            0x00000000   Number         0  misc.o ABSOLUTE
    ..\STM32F10x_FWLib\src\stm32f10x_adc.c   0x00000000   Number         0  stm32f10x_adc.o ABSOLUTE
    ..\STM32F10x_FWLib\src\stm32f10x_dac.c   0x00000000   Number         0  stm32f10x_dac.o ABSOLUTE
    ..\STM32F10x_FWLib\src\stm32f10x_fsmc.c  0x00000000   Number         0  stm32f10x_fsmc.o ABSOLUTE
    ..\STM32F10x_FWLib\src\stm32f10x_gpio.c  0x00000000   Number         0  stm32f10x_gpio.o ABSOLUTE
    ..\STM32F10x_FWLib\src\stm32f10x_rcc.c   0x00000000   Number         0  stm32f10x_rcc.o ABSOLUTE
    ..\STM32F10x_FWLib\src\stm32f10x_tim.c   0x00000000   Number         0  stm32f10x_tim.o ABSOLUTE
    ..\STM32F10x_FWLib\src\stm32f10x_usart.c 0x00000000   Number         0  stm32f10x_usart.o ABSOLUTE
    ..\SYSTEM\delay\delay.c                  0x00000000   Number         0  delay.o ABSOLUTE
    ..\SYSTEM\sys\sys.c                      0x00000000   Number         0  sys.o ABSOLUTE
    ..\SYSTEM\usart\usart.c                  0x00000000   Number         0  usart.o ABSOLUTE
    ..\USMART\usmart.c                       0x00000000   Number         0  usmart.o ABSOLUTE
    ..\USMART\usmart_config.c                0x00000000   Number         0  usmart_config.o ABSOLUTE
    ..\USMART\usmart_str.c                   0x00000000   Number         0  usmart_str.o ABSOLUTE
    ..\\CORE\\core_cm3.c                     0x00000000   Number         0  core_cm3.o ABSOLUTE
    dc.s                                     0x00000000   Number         0  dc.o ABSOLUTE
    main.c                                   0x00000000   Number         0  main.o ABSOLUTE
    stm32f10x_it.c                           0x00000000   Number         0  stm32f10x_it.o ABSOLUTE
    system_stm32f10x.c                       0x00000000   Number         0  system_stm32f10x.o ABSOLUTE
    RESET                                    0x08000000   Section      304  startup_stm32f10x_hd.o(RESET)
    !!!main                                  0x08000130   Section        8  __main.o(!!!main)
    !!!scatter                               0x08000138   Section       52  __scatter.o(!!!scatter)
    !!dczerorl2                              0x0800016c   Section       90  __dczerorl2.o(!!dczerorl2)
    !!handler_zi                             0x080001c8   Section       28  __scatter_zi.o(!!handler_zi)
    .ARM.Collect$$_printf_percent$$00000000  0x080001e4   Section        0  _printf_percent.o(.ARM.Collect$$_printf_percent$$00000000)
    .ARM.Collect$$_printf_percent$$00000009  0x080001e4   Section        6  _printf_d.o(.ARM.Collect$$_printf_percent$$00000009)
    .ARM.Collect$$_printf_percent$$0000000A  0x080001ea   Section        6  _printf_u.o(.ARM.Collect$$_printf_percent$$0000000A)
    .ARM.Collect$$_printf_percent$$0000000C  0x080001f0   Section        6  _printf_x.o(.ARM.Collect$$_printf_percent$$0000000C)
    .ARM.Collect$$_printf_percent$$00000013  0x080001f6   Section        6  _printf_c.o(.ARM.Collect$$_printf_percent$$00000013)
    .ARM.Collect$$_printf_percent$$00000014  0x080001fc   Section        6  _printf_s.o(.ARM.Collect$$_printf_percent$$00000014)
    .ARM.Collect$$_printf_percent$$00000017  0x08000202   Section        4  _printf_percent_end.o(.ARM.Collect$$_printf_percent$$00000017)
    .ARM.Collect$$libinit$$00000000          0x08000206   Section        2  libinit.o(.ARM.Collect$$libinit$$00000000)
    .ARM.Collect$$libinit$$00000002          0x08000208   Section        0  libinit2.o(.ARM.Collect$$libinit$$00000002)
    .ARM.Collect$$libinit$$00000008          0x08000208   Section        0  libinit2.o(.ARM.Collect$$libinit$$00000008)
    .ARM.Collect$$libinit$$0000000A          0x08000208   Section        0  libinit2.o(.ARM.Collect$$libinit$$0000000A)
    .ARM.Collect$$libinit$$0000000C          0x08000208   Section        0  libinit2.o(.ARM.Collect$$libinit$$0000000C)
    .ARM.Collect$$libinit$$0000000F          0x08000208   Section        0  libinit2.o(.ARM.Collect$$libinit$$0000000F)
    .ARM.Collect$$libinit$$00000011          0x08000208   Section        0  libinit2.o(.ARM.Collect$$libinit$$00000011)
    .ARM.Collect$$libinit$$00000013          0x08000208   Section        0  libinit2.o(.ARM.Collect$$libinit$$00000013)
    .ARM.Collect$$libinit$$00000015          0x08000208   Section        0  libinit2.o(.ARM.Collect$$libinit$$00000015)
    .ARM.Collect$$libinit$$00000017          0x08000208   Section        0  libinit2.o(.ARM.Collect$$libinit$$00000017)
    .ARM.Collect$$libinit$$00000019          0x08000208   Section        0  libinit2.o(.ARM.Collect$$libinit$$00000019)
    .ARM.Collect$$libinit$$0000001B          0x08000208   Section        0  libinit2.o(.ARM.Collect$$libinit$$0000001B)
    .ARM.Collect$$libinit$$0000001D          0x08000208   Section        0  libinit2.o(.ARM.Collect$$libinit$$0000001D)
    .ARM.Collect$$libinit$$0000001F          0x08000208   Section        0  libinit2.o(.ARM.Collect$$libinit$$0000001F)
    .ARM.Collect$$libinit$$00000021          0x08000208   Section        0  libinit2.o(.ARM.Collect$$libinit$$00000021)
    .ARM.Collect$$libinit$$00000023          0x08000208   Section        0  libinit2.o(.ARM.Collect$$libinit$$00000023)
    .ARM.Collect$$libinit$$0000002A          0x08000208   Section        0  libinit2.o(.ARM.Collect$$libinit$$0000002A)
    .ARM.Collect$$libinit$$0000002C          0x08000208   Section        0  libinit2.o(.ARM.Collect$$libinit$$0000002C)
    .ARM.Collect$$libinit$$0000002E          0x08000208   Section        0  libinit2.o(.ARM.Collect$$libinit$$0000002E)
    .ARM.Collect$$libinit$$00000030          0x08000208   Section        0  libinit2.o(.ARM.Collect$$libinit$$00000030)
    .ARM.Collect$$libinit$$00000031          0x08000208   Section        2  libinit2.o(.ARM.Collect$$libinit$$00000031)
    .ARM.Collect$$libshutdown$$00000000      0x0800020a   Section        2  libshutdown.o(.ARM.Collect$$libshutdown$$00000000)
    .ARM.Collect$$libshutdown$$00000003      0x0800020c   Section        0  libshutdown2.o(.ARM.Collect$$libshutdown$$00000003)
    .ARM.Collect$$libshutdown$$00000006      0x0800020c   Section        0  libshutdown2.o(.ARM.Collect$$libshutdown$$00000006)
    .ARM.Collect$$libshutdown$$00000009      0x0800020c   Section        0  libshutdown2.o(.ARM.Collect$$libshutdown$$00000009)
    .ARM.Collect$$libshutdown$$0000000B      0x0800020c   Section        0  libshutdown2.o(.ARM.Collect$$libshutdown$$0000000B)
    .ARM.Collect$$libshutdown$$0000000E      0x0800020c   Section        0  libshutdown2.o(.ARM.Collect$$libshutdown$$0000000E)
    .ARM.Collect$$libshutdown$$0000000F      0x0800020c   Section        2  libshutdown2.o(.ARM.Collect$$libshutdown$$0000000F)
    .ARM.Collect$$rtentry$$00000000          0x0800020e   Section        0  rtentry.o(.ARM.Collect$$rtentry$$00000000)
    .ARM.Collect$$rtentry$$00000002          0x0800020e   Section        0  rtentry2.o(.ARM.Collect$$rtentry$$00000002)
    .ARM.Collect$$rtentry$$00000004          0x0800020e   Section        6  rtentry4.o(.ARM.Collect$$rtentry$$00000004)
    .ARM.Collect$$rtentry$$00000009          0x08000214   Section        0  rtentry2.o(.ARM.Collect$$rtentry$$00000009)
    .ARM.Collect$$rtentry$$0000000A          0x08000214   Section        4  rtentry2.o(.ARM.Collect$$rtentry$$0000000A)
    .ARM.Collect$$rtentry$$0000000C          0x08000218   Section        0  rtentry2.o(.ARM.Collect$$rtentry$$0000000C)
    .ARM.Collect$$rtentry$$0000000D          0x08000218   Section        8  rtentry2.o(.ARM.Collect$$rtentry$$0000000D)
    .ARM.Collect$$rtexit$$00000000           0x08000220   Section        2  rtexit.o(.ARM.Collect$$rtexit$$00000000)
    .ARM.Collect$$rtexit$$00000002           0x08000222   Section        0  rtexit2.o(.ARM.Collect$$rtexit$$00000002)
    .ARM.Collect$$rtexit$$00000003           0x08000222   Section        4  rtexit2.o(.ARM.Collect$$rtexit$$00000003)
    .ARM.Collect$$rtexit$$00000004           0x08000226   Section        6  rtexit2.o(.ARM.Collect$$rtexit$$00000004)
    .text                                    0x0800022c   Section        0  main.o(.text)
    .text                                    0x0800030c   Section        0  stm32f10x_it.o(.text)
    .text                                    0x08000328   Section        0  system_stm32f10x.o(.text)
    SetSysClockTo72                          0x08000329   Thumb Code   212  system_stm32f10x.o(.text)
    SetSysClock                              0x080003fd   Thumb Code     8  system_stm32f10x.o(.text)
    .text                                    0x08000504   Section        0  led.o(.text)
    .text                                    0x08000550   Section        0  key.o(.text)
    .text                                    0x0800064c   Section        0  dac.o(.text)
    .text                                    0x08000778   Section        0  timer.o(.text)
    .text                                    0x080008a8   Section        0  delay.o(.text)
    .text                                    0x08000978   Section        0  sys.o(.text)
    .text                                    0x08000984   Section        0  usart.o(.text)
    .text                                    0x08000ac8   Section       64  startup_stm32f10x_hd.o(.text)
    .text                                    0x08000b08   Section        0  misc.o(.text)
    .text                                    0x08000be4   Section        0  stm32f10x_gpio.o(.text)
    .text                                    0x08000f3c   Section        0  stm32f10x_usart.o(.text)
    .text                                    0x08001344   Section        0  stm32f10x_dac.o(.text)
    .text                                    0x080014d0   Section        0  stm32f10x_rcc.o(.text)
    .text                                    0x08001874   Section        0  stm32f10x_tim.o(.text)
    TI4_Config                               0x08001d1b   Thumb Code   130  stm32f10x_tim.o(.text)
    TI3_Config                               0x08001daf   Thumb Code   122  stm32f10x_tim.o(.text)
    TI2_Config                               0x08001e43   Thumb Code   130  stm32f10x_tim.o(.text)
    TI1_Config                               0x08001ed7   Thumb Code   108  stm32f10x_tim.o(.text)
    .text                                    0x08002690   Section        0  usmart.o(.text)
    .text                                    0x080032c4   Section        0  usmart_str.o(.text)
    .text                                    0x080037ec   Section        2  use_no_semi_2.o(.text)
    .text                                    0x080037f0   Section        0  noretval__2printf.o(.text)
    .text                                    0x08003808   Section        0  _printf_pad.o(.text)
    .text                                    0x0800385a   Section        0  _printf_str.o(.text)
    .text                                    0x080038ac   Section        0  _printf_dec.o(.text)
    .text                                    0x08003924   Section        0  _printf_hex_int.o(.text)
    .text                                    0x08003980   Section        0  __printf_flags_ss_wp.o(.text)
    .text                                    0x08003b0c   Section       78  rt_memclr_w.o(.text)
    .text                                    0x08003b5a   Section        0  heapauxi.o(.text)
    .text                                    0x08003b60   Section        2  use_no_semi.o(.text)
    .text                                    0x08003b62   Section        0  _printf_intcommon.o(.text)
    .text                                    0x08003c1a   Section        0  _printf_char.o(.text)
    .text                                    0x08003c48   Section        0  _printf_char_file.o(.text)
    .text                                    0x08003c6c   Section        0  _printf_char_common.o(.text)
    _printf_input_char                       0x08003c6d   Thumb Code    10  _printf_char_common.o(.text)
    .text                                    0x08003c9c   Section        0  ferror.o(.text)
    .text                                    0x08003ca4   Section       74  sys_stackheap_outer.o(.text)
    .text                                    0x08003cee   Section        0  exit.o(.text)
    .text                                    0x08003cfc   Section        8  libspace.o(.text)
    i._is_digit                              0x08003d04   Section        0  __printf_wp.o(i._is_digit)
    x$fpl$d2f                                0x08003d14   Section       98  d2f.o(x$fpl$d2f)
    x$fpl$ddiv                               0x08003d78   Section      688  ddiv.o(x$fpl$ddiv)
    ddiv_entry                               0x08003d7f   Thumb Code     0  ddiv.o(x$fpl$ddiv)
    x$fpl$dnaninf                            0x08004028   Section      156  dnaninf.o(x$fpl$dnaninf)
    x$fpl$dretinf                            0x080040c4   Section       12  dretinf.o(x$fpl$dretinf)
    x$fpl$f2d                                0x080040d0   Section       86  f2d.o(x$fpl$f2d)
    x$fpl$fdiv                               0x08004128   Section      388  fdiv.o(x$fpl$fdiv)
    _fdiv1                                   0x08004129   Thumb Code     0  fdiv.o(x$fpl$fdiv)
    x$fpl$ffix                               0x080042ac   Section       54  ffix.o(x$fpl$ffix)
    x$fpl$ffixu                              0x080042e4   Section       62  ffixu.o(x$fpl$ffixu)
    x$fpl$fflt                               0x08004324   Section       48  fflt_clz.o(x$fpl$fflt)
    x$fpl$ffltu                              0x08004354   Section       38  fflt_clz.o(x$fpl$ffltu)
    x$fpl$fmul                               0x0800437c   Section      258  fmul.o(x$fpl$fmul)
    x$fpl$fnaninf                            0x0800447e   Section      140  fnaninf.o(x$fpl$fnaninf)
    x$fpl$fretinf                            0x0800450a   Section       10  fretinf.o(x$fpl$fretinf)
    .constdata                               0x08004514   Section       40  _printf_hex_int.o(.constdata)
    x$fpl$usenofp                            0x08004514   Section        0  usenofp.o(x$fpl$usenofp)
    uc_hextab                                0x08004514   Data          20  _printf_hex_int.o(.constdata)
    lc_hextab                                0x08004528   Data          20  _printf_hex_int.o(.constdata)
    .constdata                               0x0800453c   Section       17  __printf_flags_ss_wp.o(.constdata)
    maptable                                 0x0800453c   Data          17  __printf_flags_ss_wp.o(.constdata)
    .conststring                             0x0800454d   Section       31  usmart.o(.conststring)
    .conststring                             0x0800456c   Section      131  usmart_config.o(.conststring)
    .data                                    0x20000000   Section       20  system_stm32f10x.o(.data)
    .data                                    0x20000014   Section        1  key.o(.data)
    key_up                                   0x20000014   Data           1  key.o(.data)
    .data                                    0x20000018   Section     1156  timer.o(.data)
    .data                                    0x2000049c   Section        4  delay.o(.data)
    fac_us                                   0x2000049c   Data           1  delay.o(.data)
    fac_ms                                   0x2000049e   Data           2  delay.o(.data)
    .data                                    0x200004a0   Section        8  usart.o(.data)
    .data                                    0x200004a8   Section       20  stm32f10x_rcc.o(.data)
    APBAHBPrescTable                         0x200004a8   Data          16  stm32f10x_rcc.o(.data)
    ADCPrescTable                            0x200004b8   Data           4  stm32f10x_rcc.o(.data)
    .data                                    0x200004bc   Section       28  usmart.o(.data)
    .data                                    0x200004d8   Section      284  usmart_config.o(.data)
    .bss                                     0x200005f4   Section      200  usart.o(.bss)
    .bss                                     0x200006bc   Section       96  libspace.o(.bss)
    HEAP                                     0x20000720   Section      512  startup_stm32f10x_hd.o(HEAP)
    Heap_Mem                                 0x20000720   Data         512  startup_stm32f10x_hd.o(HEAP)
    STACK                                    0x20000920   Section     1024  startup_stm32f10x_hd.o(STACK)
    Stack_Mem                                0x20000920   Data        1024  startup_stm32f10x_hd.o(STACK)
    __initial_sp                             0x20000d20   Data           0  startup_stm32f10x_hd.o(STACK)

    Global Symbols

    Symbol Name                              Value     Ov Type        Size  Object(Section)

    BuildAttributes$$THM_ISAv4$P$D$K$B$S$PE$A:L22UL41UL21$X:L11$S22US41US21$IEEE1$IW$USESV6$~STKCKD$USESV7$~SHL$OSPACE$ROPI$EBA8$UX$STANDARDLIB$REQ8$PRES8$EABIv2 0x00000000   Number         0  anon$$obj.o ABSOLUTE
    __ARM_use_no_argv                        0x00000000   Number         0  main.o ABSOLUTE
    _printf_flags                            0x00000000   Number         0  printf_stubs.o ABSOLUTE
    _printf_return_value                     0x00000000   Number         0  printf_stubs.o ABSOLUTE
    _printf_sizespec                         0x00000000   Number         0  printf_stubs.o ABSOLUTE
    _printf_widthprec                        0x00000000   Number         0  printf_stubs.o ABSOLUTE
    __ARM_exceptions_init                     - Undefined Weak Reference
    __alloca_initialize                       - Undefined Weak Reference
    __cpp_initialize__aeabi_                  - Undefined Weak Reference
    __cxa_finalize                            - Undefined Weak Reference
    __rt_locale                               - Undefined Weak Reference
    __sigvec_lookup                           - Undefined Weak Reference
    _atexit_init                              - Undefined Weak Reference
    _call_atexit_fns                          - Undefined Weak Reference
    _clock_init                               - Undefined Weak Reference
    _fp_trap_init                             - Undefined Weak Reference
    _fp_trap_shutdown                         - Undefined Weak Reference
    _get_lc_collate                           - Undefined Weak Reference
    _get_lc_ctype                             - Undefined Weak Reference
    _get_lc_monetary                          - Undefined Weak Reference
    _get_lc_numeric                           - Undefined Weak Reference
    _get_lc_time                              - Undefined Weak Reference
    _getenv_init                              - Undefined Weak Reference
    _handle_redirection                       - Undefined Weak Reference
    _init_alloc                               - Undefined Weak Reference
    _init_user_alloc                          - Undefined Weak Reference
    _initio                                   - Undefined Weak Reference
    _mutex_acquire                            - Undefined Weak Reference
    _mutex_release                            - Undefined Weak Reference
    _printf_mbtowc                            - Undefined Weak Reference
    _printf_truncate_signed                   - Undefined Weak Reference
    _printf_truncate_unsigned                 - Undefined Weak Reference
    _rand_init                                - Undefined Weak Reference
    _signal_finish                            - Undefined Weak Reference
    _signal_init                              - Undefined Weak Reference
    _terminate_alloc                          - Undefined Weak Reference
    _terminate_user_alloc                     - Undefined Weak Reference
    _terminateio                              - Undefined Weak Reference
    __Vectors_Size                           0x00000130   Number         0  startup_stm32f10x_hd.o ABSOLUTE
    __Vectors                                0x08000000   Data           4  startup_stm32f10x_hd.o(RESET)
    __Vectors_End                            0x08000130   Data           0  startup_stm32f10x_hd.o(RESET)
    __main                                   0x08000131   Thumb Code     8  __main.o(!!!main)
    __scatterload                            0x08000139   Thumb Code     0  __scatter.o(!!!scatter)
    __scatterload_rt2                        0x08000139   Thumb Code    44  __scatter.o(!!!scatter)
    __scatterload_rt2_thumb_only             0x08000139   Thumb Code     0  __scatter.o(!!!scatter)
    __scatterload_null                       0x08000147   Thumb Code     0  __scatter.o(!!!scatter)
    __decompress                             0x0800016d   Thumb Code    90  __dczerorl2.o(!!dczerorl2)
    __decompress1                            0x0800016d   Thumb Code     0  __dczerorl2.o(!!dczerorl2)
    __scatterload_zeroinit                   0x080001c9   Thumb Code    28  __scatter_zi.o(!!handler_zi)
    _printf_d                                0x080001e5   Thumb Code     0  _printf_d.o(.ARM.Collect$$_printf_percent$$00000009)
    _printf_percent                          0x080001e5   Thumb Code     0  _printf_percent.o(.ARM.Collect$$_printf_percent$$00000000)
    _printf_u                                0x080001eb   Thumb Code     0  _printf_u.o(.ARM.Collect$$_printf_percent$$0000000A)
    _printf_x                                0x080001f1   Thumb Code     0  _printf_x.o(.ARM.Collect$$_printf_percent$$0000000C)
    _printf_c                                0x080001f7   Thumb Code     0  _printf_c.o(.ARM.Collect$$_printf_percent$$00000013)
    _printf_s                                0x080001fd   Thumb Code     0  _printf_s.o(.ARM.Collect$$_printf_percent$$00000014)
    _printf_percent_end                      0x08000203   Thumb Code     0  _printf_percent_end.o(.ARM.Collect$$_printf_percent$$00000017)
    __rt_lib_init                            0x08000207   Thumb Code     0  libinit.o(.ARM.Collect$$libinit$$00000000)
    __rt_lib_init_alloca_1                   0x08000209   Thumb Code     0  libinit2.o(.ARM.Collect$$libinit$$0000002C)
    __rt_lib_init_argv_1                     0x08000209   Thumb Code     0  libinit2.o(.ARM.Collect$$libinit$$0000002A)
    __rt_lib_init_atexit_1                   0x08000209   Thumb Code     0  libinit2.o(.ARM.Collect$$libinit$$00000019)
    __rt_lib_init_clock_1                    0x08000209   Thumb Code     0  libinit2.o(.ARM.Collect$$libinit$$0000001F)
    __rt_lib_init_cpp_1                      0x08000209   Thumb Code     0  libinit2.o(.ARM.Collect$$libinit$$00000030)
    __rt_lib_init_exceptions_1               0x08000209   Thumb Code     0  libinit2.o(.ARM.Collect$$libinit$$0000002E)
    __rt_lib_init_fp_1                       0x08000209   Thumb Code     0  libinit2.o(.ARM.Collect$$libinit$$00000002)
    __rt_lib_init_fp_trap_1                  0x08000209   Thumb Code     0  libinit2.o(.ARM.Collect$$libinit$$0000001D)
    __rt_lib_init_getenv_1                   0x08000209   Thumb Code     0  libinit2.o(.ARM.Collect$$libinit$$00000021)
    __rt_lib_init_heap_1                     0x08000209   Thumb Code     0  libinit2.o(.ARM.Collect$$libinit$$00000008)
    __rt_lib_init_lc_collate_1               0x08000209   Thumb Code     0  libinit2.o(.ARM.Collect$$libinit$$0000000F)
    __rt_lib_init_lc_ctype_1                 0x08000209   Thumb Code     0  libinit2.o(.ARM.Collect$$libinit$$00000011)
    __rt_lib_init_lc_monetary_1              0x08000209   Thumb Code     0  libinit2.o(.ARM.Collect$$libinit$$00000013)
    __rt_lib_init_lc_numeric_1               0x08000209   Thumb Code     0  libinit2.o(.ARM.Collect$$libinit$$00000015)
    __rt_lib_init_lc_time_1                  0x08000209   Thumb Code     0  libinit2.o(.ARM.Collect$$libinit$$00000017)
    __rt_lib_init_rand_1                     0x08000209   Thumb Code     0  libinit2.o(.ARM.Collect$$libinit$$0000000C)
    __rt_lib_init_return                     0x08000209   Thumb Code     0  libinit2.o(.ARM.Collect$$libinit$$00000031)
    __rt_lib_init_signal_1                   0x08000209   Thumb Code     0  libinit2.o(.ARM.Collect$$libinit$$0000001B)
    __rt_lib_init_stdio_1                    0x08000209   Thumb Code     0  libinit2.o(.ARM.Collect$$libinit$$00000023)
    __rt_lib_init_user_alloc_1               0x08000209   Thumb Code     0  libinit2.o(.ARM.Collect$$libinit$$0000000A)
    __rt_lib_shutdown                        0x0800020b   Thumb Code     0  libshutdown.o(.ARM.Collect$$libshutdown$$00000000)
    __rt_lib_shutdown_fp_trap_1              0x0800020d   Thumb Code     0  libshutdown2.o(.ARM.Collect$$libshutdown$$00000006)
    __rt_lib_shutdown_heap_1                 0x0800020d   Thumb Code     0  libshutdown2.o(.ARM.Collect$$libshutdown$$0000000E)
    __rt_lib_shutdown_return                 0x0800020d   Thumb Code     0  libshutdown2.o(.ARM.Collect$$libshutdown$$0000000F)
    __rt_lib_shutdown_signal_1               0x0800020d   Thumb Code     0  libshutdown2.o(.ARM.Collect$$libshutdown$$00000009)
    __rt_lib_shutdown_stdio_1                0x0800020d   Thumb Code     0  libshutdown2.o(.ARM.Collect$$libshutdown$$00000003)
    __rt_lib_shutdown_user_alloc_1           0x0800020d   Thumb Code     0  libshutdown2.o(.ARM.Collect$$libshutdown$$0000000B)
    __rt_entry                               0x0800020f   Thumb Code     0  rtentry.o(.ARM.Collect$$rtentry$$00000000)
    __rt_entry_presh_1                       0x0800020f   Thumb Code     0  rtentry2.o(.ARM.Collect$$rtentry$$00000002)
    __rt_entry_sh                            0x0800020f   Thumb Code     0  rtentry4.o(.ARM.Collect$$rtentry$$00000004)
    __rt_entry_li                            0x08000215   Thumb Code     0  rtentry2.o(.ARM.Collect$$rtentry$$0000000A)
    __rt_entry_postsh_1                      0x08000215   Thumb Code     0  rtentry2.o(.ARM.Collect$$rtentry$$00000009)
    __rt_entry_main                          0x08000219   Thumb Code     0  rtentry2.o(.ARM.Collect$$rtentry$$0000000D)
    __rt_entry_postli_1                      0x08000219   Thumb Code     0  rtentry2.o(.ARM.Collect$$rtentry$$0000000C)
    __rt_exit                                0x08000221   Thumb Code     0  rtexit.o(.ARM.Collect$$rtexit$$00000000)
    __rt_exit_ls                             0x08000223   Thumb Code     0  rtexit2.o(.ARM.Collect$$rtexit$$00000003)
    __rt_exit_prels_1                        0x08000223   Thumb Code     0  rtexit2.o(.ARM.Collect$$rtexit$$00000002)
    __rt_exit_exit                           0x08000227   Thumb Code     0  rtexit2.o(.ARM.Collect$$rtexit$$00000004)
    main                                     0x0800022d   Thumb Code   154  main.o(.text)
    NMI_Handler                              0x0800030d   Thumb Code     2  stm32f10x_it.o(.text)
    HardFault_Handler                        0x0800030f   Thumb Code     4  stm32f10x_it.o(.text)
    MemManage_Handler                        0x08000313   Thumb Code     4  stm32f10x_it.o(.text)
    BusFault_Handler                         0x08000317   Thumb Code     4  stm32f10x_it.o(.text)
    UsageFault_Handler                       0x0800031b   Thumb Code     4  stm32f10x_it.o(.text)
    SVC_Handler                              0x0800031f   Thumb Code     2  stm32f10x_it.o(.text)
    DebugMon_Handler                         0x08000321   Thumb Code     2  stm32f10x_it.o(.text)
    PendSV_Handler                           0x08000323   Thumb Code     2  stm32f10x_it.o(.text)
    SysTick_Handler                          0x08000325   Thumb Code     2  stm32f10x_it.o(.text)
    SystemInit                               0x08000405   Thumb Code    78  system_stm32f10x.o(.text)
    SystemCoreClockUpdate                    0x08000453   Thumb Code   142  system_stm32f10x.o(.text)
    LED_Init                                 0x08000505   Thumb Code    68  led.o(.text)
    KEY_Init                                 0x08000551   Thumb Code    52  key.o(.text)
    KEY_Scan                                 0x08000585   Thumb Code   188  key.o(.text)
    Dac1_Init                                0x0800064d   Thumb Code    94  dac.o(.text)
    Dac1_Set_Vol                             0x080006ab   Thumb Code    80  dac.o(.text)
    Dac1_sine                                0x080006fb   Thumb Code   104  dac.o(.text)
    TIM3_Int_Init                            0x08000779   Thumb Code    90  timer.o(.text)
    TIM3_IRQHandler                          0x080007d3   Thumb Code    38  timer.o(.text)
    TIM4_Int_Init                            0x080007f9   Thumb Code    90  timer.o(.text)
    TIM4_IRQHandler                          0x08000853   Thumb Code    60  timer.o(.text)
    delay_init                               0x080008a9   Thumb Code    50  delay.o(.text)
    delay_us                                 0x080008db   Thumb Code    70  delay.o(.text)
    delay_ms                                 0x08000921   Thumb Code    70  delay.o(.text)
    NVIC_Configuration                       0x08000979   Thumb Code    12  sys.o(.text)
    _sys_exit                                0x08000985   Thumb Code     6  usart.o(.text)
    fputc                                    0x0800098b   Thumb Code    22  usart.o(.text)
    uart_init                                0x080009a1   Thumb Code   158  usart.o(.text)
    USART1_IRQHandler                        0x08000a3f   Thumb Code   122  usart.o(.text)
    Reset_Handler                            0x08000ac9   Thumb Code     8  startup_stm32f10x_hd.o(.text)
    ADC1_2_IRQHandler                        0x08000ae3   Thumb Code     0  startup_stm32f10x_hd.o(.text)
    ADC3_IRQHandler                          0x08000ae3   Thumb Code     0  startup_stm32f10x_hd.o(.text)
    CAN1_RX1_IRQHandler                      0x08000ae3   Thumb Code     0  startup_stm32f10x_hd.o(.text)
    CAN1_SCE_IRQHandler                      0x08000ae3   Thumb Code     0  startup_stm32f10x_hd.o(.text)
    DMA1_Channel1_IRQHandler                 0x08000ae3   Thumb Code     0  startup_stm32f10x_hd.o(.text)
    DMA1_Channel2_IRQHandler                 0x08000ae3   Thumb Code     0  startup_stm32f10x_hd.o(.text)
    DMA1_Channel3_IRQHandler                 0x08000ae3   Thumb Code     0  startup_stm32f10x_hd.o(.text)
    DMA1_Channel4_IRQHandler                 0x08000ae3   Thumb Code     0  startup_stm32f10x_hd.o(.text)
    DMA1_Channel5_IRQHandler                 0x08000ae3   Thumb Code     0  startup_stm32f10x_hd.o(.text)
    DMA1_Channel6_IRQHandler                 0x08000ae3   Thumb Code     0  startup_stm32f10x_hd.o(.text)
    DMA1_Channel7_IRQHandler                 0x08000ae3   Thumb Code     0  startup_stm32f10x_hd.o(.text)
    DMA2_Channel1_IRQHandler                 0x08000ae3   Thumb Code     0  startup_stm32f10x_hd.o(.text)
    DMA2_Channel2_IRQHandler                 0x08000ae3   Thumb Code     0  startup_stm32f10x_hd.o(.text)
    DMA2_Channel3_IRQHandler                 0x08000ae3   Thumb Code     0  startup_stm32f10x_hd.o(.text)
    DMA2_Channel4_5_IRQHandler               0x08000ae3   Thumb Code     0  startup_stm32f10x_hd.o(.text)
    EXTI0_IRQHandler                         0x08000ae3   Thumb Code     0  startup_stm32f10x_hd.o(.text)
    EXTI15_10_IRQHandler                     0x08000ae3   Thumb Code     0  startup_stm32f10x_hd.o(.text)
    EXTI1_IRQHandler                         0x08000ae3   Thumb Code     0  startup_stm32f10x_hd.o(.text)
    EXTI2_IRQHandler                         0x08000ae3   Thumb Code     0  startup_stm32f10x_hd.o(.text)
    EXTI3_IRQHandler                         0x08000ae3   Thumb Code     0  startup_stm32f10x_hd.o(.text)
    EXTI4_IRQHandler                         0x08000ae3   Thumb Code     0  startup_stm32f10x_hd.o(.text)
    EXTI9_5_IRQHandler                       0x08000ae3   Thumb Code     0  startup_stm32f10x_hd.o(.text)
    FLASH_IRQHandler                         0x08000ae3   Thumb Code     0  startup_stm32f10x_hd.o(.text)
    FSMC_IRQHandler                          0x08000ae3   Thumb Code     0  startup_stm32f10x_hd.o(.text)
    I2C1_ER_IRQHandler                       0x08000ae3   Thumb Code     0  startup_stm32f10x_hd.o(.text)
    I2C1_EV_IRQHandler                       0x08000ae3   Thumb Code     0  startup_stm32f10x_hd.o(.text)
    I2C2_ER_IRQHandler                       0x08000ae3   Thumb Code     0  startup_stm32f10x_hd.o(.text)
    I2C2_EV_IRQHandler                       0x08000ae3   Thumb Code     0  startup_stm32f10x_hd.o(.text)
    PVD_IRQHandler                           0x08000ae3   Thumb Code     0  startup_stm32f10x_hd.o(.text)
    RCC_IRQHandler                           0x08000ae3   Thumb Code     0  startup_stm32f10x_hd.o(.text)
    RTCAlarm_IRQHandler                      0x08000ae3   Thumb Code     0  startup_stm32f10x_hd.o(.text)
    RTC_IRQHandler                           0x08000ae3   Thumb Code     0  startup_stm32f10x_hd.o(.text)
    SDIO_IRQHandler                          0x08000ae3   Thumb Code     0  startup_stm32f10x_hd.o(.text)
    SPI1_IRQHandler                          0x08000ae3   Thumb Code     0  startup_stm32f10x_hd.o(.text)
    SPI2_IRQHandler                          0x08000ae3   Thumb Code     0  startup_stm32f10x_hd.o(.text)
    SPI3_IRQHandler                          0x08000ae3   Thumb Code     0  startup_stm32f10x_hd.o(.text)
    TAMPER_IRQHandler                        0x08000ae3   Thumb Code     0  startup_stm32f10x_hd.o(.text)
    TIM1_BRK_IRQHandler                      0x08000ae3   Thumb Code     0  startup_stm32f10x_hd.o(.text)
    TIM1_CC_IRQHandler                       0x08000ae3   Thumb Code     0  startup_stm32f10x_hd.o(.text)
    TIM1_TRG_COM_IRQHandler                  0x08000ae3   Thumb Code     0  startup_stm32f10x_hd.o(.text)
    TIM1_UP_IRQHandler                       0x08000ae3   Thumb Code     0  startup_stm32f10x_hd.o(.text)
    TIM5_IRQHandler                          0x08000ae3   Thumb Code     0  startup_stm32f10x_hd.o(.text)
    TIM6_IRQHandler                          0x08000ae3   Thumb Code     0  startup_stm32f10x_hd.o(.text)
    TIM7_IRQHandler                          0x08000ae3   Thumb Code     0  startup_stm32f10x_hd.o(.text)
    TIM8_BRK_IRQHandler                      0x08000ae3   Thumb Code     0  startup_stm32f10x_hd.o(.text)
    TIM8_CC_IRQHandler                       0x08000ae3   Thumb Code     0  startup_stm32f10x_hd.o(.text)
    TIM8_TRG_COM_IRQHandler                  0x08000ae3   Thumb Code     0  startup_stm32f10x_hd.o(.text)
    TIM8_UP_IRQHandler                       0x08000ae3   Thumb Code     0  startup_stm32f10x_hd.o(.text)
    UART4_IRQHandler                         0x08000ae3   Thumb Code     0  startup_stm32f10x_hd.o(.text)
    UART5_IRQHandler                         0x08000ae3   Thumb Code     0  startup_stm32f10x_hd.o(.text)
    USART2_IRQHandler                        0x08000ae3   Thumb Code     0  startup_stm32f10x_hd.o(.text)
    USART3_IRQHandler                        0x08000ae3   Thumb Code     0  startup_stm32f10x_hd.o(.text)
    USBWakeUp_IRQHandler                     0x08000ae3   Thumb Code     0  startup_stm32f10x_hd.o(.text)
    USB_HP_CAN1_TX_IRQHandler                0x08000ae3   Thumb Code     0  startup_stm32f10x_hd.o(.text)
    USB_LP_CAN1_RX0_IRQHandler               0x08000ae3   Thumb Code     0  startup_stm32f10x_hd.o(.text)
    WWDG_IRQHandler                          0x08000ae3   Thumb Code     0  startup_stm32f10x_hd.o(.text)
    __user_initial_stackheap                 0x08000ae5   Thumb Code     0  startup_stm32f10x_hd.o(.text)
    NVIC_PriorityGroupConfig                 0x08000b09   Thumb Code    10  misc.o(.text)
    NVIC_Init                                0x08000b13   Thumb Code   102  misc.o(.text)
    NVIC_SetVectorTable                      0x08000b79   Thumb Code    14  misc.o(.text)
    NVIC_SystemLPConfig                      0x08000b87   Thumb Code    34  misc.o(.text)
    SysTick_CLKSourceConfig                  0x08000ba9   Thumb Code    40  misc.o(.text)
    GPIO_DeInit                              0x08000be5   Thumb Code   172  stm32f10x_gpio.o(.text)
    GPIO_AFIODeInit                          0x08000c91   Thumb Code    20  stm32f10x_gpio.o(.text)
    GPIO_Init                                0x08000ca5   Thumb Code   274  stm32f10x_gpio.o(.text)
    GPIO_StructInit                          0x08000db7   Thumb Code    16  stm32f10x_gpio.o(.text)
    GPIO_ReadInputDataBit                    0x08000dc7   Thumb Code    18  stm32f10x_gpio.o(.text)
    GPIO_ReadInputData                       0x08000dd9   Thumb Code     8  stm32f10x_gpio.o(.text)
    GPIO_ReadOutputDataBit                   0x08000de1   Thumb Code    18  stm32f10x_gpio.o(.text)
    GPIO_ReadOutputData                      0x08000df3   Thumb Code     8  stm32f10x_gpio.o(.text)
    GPIO_SetBits                             0x08000dfb   Thumb Code     4  stm32f10x_gpio.o(.text)
    GPIO_ResetBits                           0x08000dff   Thumb Code     4  stm32f10x_gpio.o(.text)
    GPIO_WriteBit                            0x08000e03   Thumb Code    10  stm32f10x_gpio.o(.text)
    GPIO_Write                               0x08000e0d   Thumb Code     4  stm32f10x_gpio.o(.text)
    GPIO_PinLockConfig                       0x08000e11   Thumb Code    18  stm32f10x_gpio.o(.text)
    GPIO_EventOutputConfig                   0x08000e23   Thumb Code    26  stm32f10x_gpio.o(.text)
    GPIO_EventOutputCmd                      0x08000e3d   Thumb Code     6  stm32f10x_gpio.o(.text)
    GPIO_PinRemapConfig                      0x08000e43   Thumb Code   138  stm32f10x_gpio.o(.text)
    GPIO_EXTILineConfig                      0x08000ecd   Thumb Code    66  stm32f10x_gpio.o(.text)
    GPIO_ETH_MediaInterfaceConfig            0x08000f0f   Thumb Code     6  stm32f10x_gpio.o(.text)
    USART_DeInit                             0x08000f3d   Thumb Code   134  stm32f10x_usart.o(.text)
    USART_Init                               0x08000fc3   Thumb Code   210  stm32f10x_usart.o(.text)
    USART_StructInit                         0x08001095   Thumb Code    24  stm32f10x_usart.o(.text)
    USART_ClockInit                          0x080010ad   Thumb Code    34  stm32f10x_usart.o(.text)
    USART_ClockStructInit                    0x080010cf   Thumb Code    12  stm32f10x_usart.o(.text)
    USART_Cmd                                0x080010db   Thumb Code    24  stm32f10x_usart.o(.text)
    USART_ITConfig                           0x080010f3   Thumb Code    74  stm32f10x_usart.o(.text)
    USART_DMACmd                             0x0800113d   Thumb Code    18  stm32f10x_usart.o(.text)
    USART_SetAddress                         0x0800114f   Thumb Code    18  stm32f10x_usart.o(.text)
    USART_WakeUpConfig                       0x08001161   Thumb Code    18  stm32f10x_usart.o(.text)
    USART_ReceiverWakeUpCmd                  0x08001173   Thumb Code    24  stm32f10x_usart.o(.text)
    USART_LINBreakDetectLengthConfig         0x0800118b   Thumb Code    18  stm32f10x_usart.o(.text)
    USART_LINCmd                             0x0800119d   Thumb Code    24  stm32f10x_usart.o(.text)
    USART_SendData                           0x080011b5   Thumb Code     8  stm32f10x_usart.o(.text)
    USART_ReceiveData                        0x080011bd   Thumb Code    10  stm32f10x_usart.o(.text)
    USART_SendBreak                          0x080011c7   Thumb Code    10  stm32f10x_usart.o(.text)
    USART_SetGuardTime                       0x080011d1   Thumb Code    16  stm32f10x_usart.o(.text)
    USART_SetPrescaler                       0x080011e1   Thumb Code    16  stm32f10x_usart.o(.text)
    USART_SmartCardCmd                       0x080011f1   Thumb Code    24  stm32f10x_usart.o(.text)
    USART_SmartCardNACKCmd                   0x08001209   Thumb Code    24  stm32f10x_usart.o(.text)
    USART_HalfDuplexCmd                      0x08001221   Thumb Code    24  stm32f10x_usart.o(.text)
    USART_OverSampling8Cmd                   0x08001239   Thumb Code    22  stm32f10x_usart.o(.text)
    USART_OneBitMethodCmd                    0x0800124f   Thumb Code    24  stm32f10x_usart.o(.text)
    USART_IrDAConfig                         0x08001267   Thumb Code    18  stm32f10x_usart.o(.text)
    USART_IrDACmd                            0x08001279   Thumb Code    24  stm32f10x_usart.o(.text)
    USART_GetFlagStatus                      0x08001291   Thumb Code    26  stm32f10x_usart.o(.text)
    USART_ClearFlag                          0x080012ab   Thumb Code    18  stm32f10x_usart.o(.text)
    USART_GetITStatus                        0x080012bd   Thumb Code    84  stm32f10x_usart.o(.text)
    USART_ClearITPendingBit                  0x08001311   Thumb Code    52  stm32f10x_usart.o(.text)
    DAC_DeInit                               0x08001345   Thumb Code    22  stm32f10x_dac.o(.text)
    DAC_Init                                 0x0800135b   Thumb Code    46  stm32f10x_dac.o(.text)
    DAC_StructInit                           0x08001389   Thumb Code    12  stm32f10x_dac.o(.text)
    DAC_Cmd                                  0x08001395   Thumb Code    34  stm32f10x_dac.o(.text)
    DAC_DMACmd                               0x080013b7   Thumb Code    38  stm32f10x_dac.o(.text)
    DAC_SoftwareTriggerCmd                   0x080013dd   Thumb Code    48  stm32f10x_dac.o(.text)
    DAC_DualSoftwareTriggerCmd               0x0800140d   Thumb Code    38  stm32f10x_dac.o(.text)
    DAC_WaveGenerationCmd                    0x08001433   Thumb Code    36  stm32f10x_dac.o(.text)
    DAC_SetChannel1Data                      0x08001457   Thumb Code    26  stm32f10x_dac.o(.text)
    DAC_SetChannel2Data                      0x08001471   Thumb Code    26  stm32f10x_dac.o(.text)
    DAC_SetDualChannelData                   0x0800148b   Thumb Code    32  stm32f10x_dac.o(.text)
    DAC_GetDataOutputValue                   0x080014ab   Thumb Code    32  stm32f10x_dac.o(.text)
    RCC_DeInit                               0x080014d1   Thumb Code    64  stm32f10x_rcc.o(.text)
    RCC_HSEConfig                            0x08001511   Thumb Code    70  stm32f10x_rcc.o(.text)
    RCC_GetFlagStatus                        0x08001557   Thumb Code    56  stm32f10x_rcc.o(.text)
    RCC_WaitForHSEStartUp                    0x0800158f   Thumb Code    56  stm32f10x_rcc.o(.text)
    RCC_AdjustHSICalibrationValue            0x080015c7   Thumb Code    20  stm32f10x_rcc.o(.text)
    RCC_HSICmd                               0x080015db   Thumb Code     6  stm32f10x_rcc.o(.text)
    RCC_PLLConfig                            0x080015e1   Thumb Code    24  stm32f10x_rcc.o(.text)
    RCC_PLLCmd                               0x080015f9   Thumb Code     6  stm32f10x_rcc.o(.text)
    RCC_SYSCLKConfig                         0x080015ff   Thumb Code    18  stm32f10x_rcc.o(.text)
    RCC_GetSYSCLKSource                      0x08001611   Thumb Code    10  stm32f10x_rcc.o(.text)
    RCC_HCLKConfig                           0x0800161b   Thumb Code    18  stm32f10x_rcc.o(.text)
    RCC_PCLK1Config                          0x0800162d   Thumb Code    18  stm32f10x_rcc.o(.text)
    RCC_PCLK2Config                          0x0800163f   Thumb Code    20  stm32f10x_rcc.o(.text)
    RCC_ITConfig                             0x08001653   Thumb Code    26  stm32f10x_rcc.o(.text)
    RCC_USBCLKConfig                         0x0800166d   Thumb Code     6  stm32f10x_rcc.o(.text)
    RCC_ADCCLKConfig                         0x08001673   Thumb Code    18  stm32f10x_rcc.o(.text)
    RCC_LSEConfig                            0x08001685   Thumb Code    44  stm32f10x_rcc.o(.text)
    RCC_LSICmd                               0x080016b1   Thumb Code     6  stm32f10x_rcc.o(.text)
    RCC_RTCCLKConfig                         0x080016b7   Thumb Code    12  stm32f10x_rcc.o(.text)
    RCC_RTCCLKCmd                            0x080016c3   Thumb Code     8  stm32f10x_rcc.o(.text)
    RCC_GetClocksFreq                        0x080016cb   Thumb Code   192  stm32f10x_rcc.o(.text)
    RCC_AHBPeriphClockCmd                    0x0800178b   Thumb Code    26  stm32f10x_rcc.o(.text)
    RCC_APB2PeriphClockCmd                   0x080017a5   Thumb Code    26  stm32f10x_rcc.o(.text)
    RCC_APB1PeriphClockCmd                   0x080017bf   Thumb Code    26  stm32f10x_rcc.o(.text)
    RCC_APB2PeriphResetCmd                   0x080017d9   Thumb Code    26  stm32f10x_rcc.o(.text)
    RCC_APB1PeriphResetCmd                   0x080017f3   Thumb Code    26  stm32f10x_rcc.o(.text)
    RCC_BackupResetCmd                       0x0800180d   Thumb Code     8  stm32f10x_rcc.o(.text)
    RCC_ClockSecuritySystemCmd               0x08001815   Thumb Code     6  stm32f10x_rcc.o(.text)
    RCC_MCOConfig                            0x0800181b   Thumb Code     6  stm32f10x_rcc.o(.text)
    RCC_ClearFlag                            0x08001821   Thumb Code    14  stm32f10x_rcc.o(.text)
    RCC_GetITStatus                          0x0800182f   Thumb Code    20  stm32f10x_rcc.o(.text)
    RCC_ClearITPendingBit                    0x08001843   Thumb Code     6  stm32f10x_rcc.o(.text)
    TIM_DeInit                               0x08001875   Thumb Code   424  stm32f10x_tim.o(.text)
    TIM_TimeBaseInit                         0x08001a1d   Thumb Code   122  stm32f10x_tim.o(.text)
    TIM_OC1Init                              0x08001a97   Thumb Code   132  stm32f10x_tim.o(.text)
    TIM_OC2Init                              0x08001b1b   Thumb Code   154  stm32f10x_tim.o(.text)
    TIM_OC3Init                              0x08001bb5   Thumb Code   150  stm32f10x_tim.o(.text)
    TIM_OC4Init                              0x08001c4b   Thumb Code   182  stm32f10x_tim.o(.text)
    TIM_SetIC4Prescaler                      0x08001d01   Thumb Code    26  stm32f10x_tim.o(.text)
    TIM_SetIC3Prescaler                      0x08001d9d   Thumb Code    18  stm32f10x_tim.o(.text)
    TIM_SetIC2Prescaler                      0x08001e29   Thumb Code    26  stm32f10x_tim.o(.text)
    TIM_SetIC1Prescaler                      0x08001ec5   Thumb Code    18  stm32f10x_tim.o(.text)
    TIM_ICInit                               0x08001f43   Thumb Code   150  stm32f10x_tim.o(.text)
    TIM_PWMIConfig                           0x08001fd9   Thumb Code   124  stm32f10x_tim.o(.text)
    TIM_BDTRConfig                           0x08002055   Thumb Code    32  stm32f10x_tim.o(.text)
    TIM_TimeBaseStructInit                   0x08002075   Thumb Code    18  stm32f10x_tim.o(.text)
    TIM_OCStructInit                         0x08002087   Thumb Code    20  stm32f10x_tim.o(.text)
    TIM_ICStructInit                         0x0800209b   Thumb Code    18  stm32f10x_tim.o(.text)
    TIM_BDTRStructInit                       0x080020ad   Thumb Code    40  stm32f10x_tim.o(.text)
    TIM_Cmd                                  0x080020d5   Thumb Code    24  stm32f10x_tim.o(.text)
    TIM_CtrlPWMOutputs                       0x080020ed   Thumb Code    30  stm32f10x_tim.o(.text)
    TIM_ITConfig                             0x0800210b   Thumb Code    18  stm32f10x_tim.o(.text)
    TIM_GenerateEvent                        0x0800211d   Thumb Code     4  stm32f10x_tim.o(.text)
    TIM_DMAConfig                            0x08002121   Thumb Code    10  stm32f10x_tim.o(.text)
    TIM_DMACmd                               0x0800212b   Thumb Code    18  stm32f10x_tim.o(.text)
    TIM_InternalClockConfig                  0x0800213d   Thumb Code    12  stm32f10x_tim.o(.text)
    TIM_SelectInputTrigger                   0x08002149   Thumb Code    18  stm32f10x_tim.o(.text)
    TIM_ITRxExternalClockConfig              0x0800215b   Thumb Code    24  stm32f10x_tim.o(.text)
    TIM_TIxExternalClockConfig               0x08002173   Thumb Code    62  stm32f10x_tim.o(.text)
    TIM_ETRConfig                            0x080021b1   Thumb Code    28  stm32f10x_tim.o(.text)
    TIM_ETRClockMode1Config                  0x080021cd   Thumb Code    54  stm32f10x_tim.o(.text)
    TIM_ETRClockMode2Config                  0x08002203   Thumb Code    32  stm32f10x_tim.o(.text)
    TIM_PrescalerConfig                      0x08002223   Thumb Code     6  stm32f10x_tim.o(.text)
    TIM_CounterModeConfig                    0x08002229   Thumb Code    18  stm32f10x_tim.o(.text)
    TIM_EncoderInterfaceConfig               0x0800223b   Thumb Code    66  stm32f10x_tim.o(.text)
    TIM_ForcedOC1Config                      0x0800227d   Thumb Code    18  stm32f10x_tim.o(.text)
    TIM_ForcedOC2Config                      0x0800228f   Thumb Code    26  stm32f10x_tim.o(.text)
    TIM_ForcedOC3Config                      0x080022a9   Thumb Code    18  stm32f10x_tim.o(.text)
    TIM_ForcedOC4Config                      0x080022bb   Thumb Code    26  stm32f10x_tim.o(.text)
    TIM_ARRPreloadConfig                     0x080022d5   Thumb Code    24  stm32f10x_tim.o(.text)
    TIM_SelectCOM                            0x080022ed   Thumb Code    24  stm32f10x_tim.o(.text)
    TIM_SelectCCDMA                          0x08002305   Thumb Code    24  stm32f10x_tim.o(.text)
    TIM_CCPreloadControl                     0x0800231d   Thumb Code    24  stm32f10x_tim.o(.text)
    TIM_OC1PreloadConfig                     0x08002335   Thumb Code    18  stm32f10x_tim.o(.text)
    TIM_OC2PreloadConfig                     0x08002347   Thumb Code    26  stm32f10x_tim.o(.text)
    TIM_OC3PreloadConfig                     0x08002361   Thumb Code    18  stm32f10x_tim.o(.text)
    TIM_OC4PreloadConfig                     0x08002373   Thumb Code    26  stm32f10x_tim.o(.text)
    TIM_OC1FastConfig                        0x0800238d   Thumb Code    18  stm32f10x_tim.o(.text)
    TIM_OC2FastConfig                        0x0800239f   Thumb Code    26  stm32f10x_tim.o(.text)
    TIM_OC3FastConfig                        0x080023b9   Thumb Code    18  stm32f10x_tim.o(.text)
    TIM_OC4FastConfig                        0x080023cb   Thumb Code    26  stm32f10x_tim.o(.text)
    TIM_ClearOC1Ref                          0x080023e5   Thumb Code    18  stm32f10x_tim.o(.text)
    TIM_ClearOC2Ref                          0x080023f7   Thumb Code    24  stm32f10x_tim.o(.text)
    TIM_ClearOC3Ref                          0x0800240f   Thumb Code    18  stm32f10x_tim.o(.text)
    TIM_ClearOC4Ref                          0x08002421   Thumb Code    24  stm32f10x_tim.o(.text)
    TIM_OC1PolarityConfig                    0x08002439   Thumb Code    18  stm32f10x_tim.o(.text)
    TIM_OC1NPolarityConfig                   0x0800244b   Thumb Code    18  stm32f10x_tim.o(.text)
    TIM_OC2PolarityConfig                    0x0800245d   Thumb Code    26  stm32f10x_tim.o(.text)
    TIM_OC2NPolarityConfig                   0x08002477   Thumb Code    26  stm32f10x_tim.o(.text)
    TIM_OC3PolarityConfig                    0x08002491   Thumb Code    26  stm32f10x_tim.o(.text)
    TIM_OC3NPolarityConfig                   0x080024ab   Thumb Code    26  stm32f10x_tim.o(.text)
    TIM_OC4PolarityConfig                    0x080024c5   Thumb Code    26  stm32f10x_tim.o(.text)
    TIM_CCxCmd                               0x080024df   Thumb Code    30  stm32f10x_tim.o(.text)
    TIM_CCxNCmd                              0x080024fd   Thumb Code    30  stm32f10x_tim.o(.text)
    TIM_SelectOCxM                           0x0800251b   Thumb Code    82  stm32f10x_tim.o(.text)
    TIM_UpdateDisableConfig                  0x0800256d   Thumb Code    24  stm32f10x_tim.o(.text)
    TIM_UpdateRequestConfig                  0x08002585   Thumb Code    24  stm32f10x_tim.o(.text)
    TIM_SelectHallSensor                     0x0800259d   Thumb Code    24  stm32f10x_tim.o(.text)
    TIM_SelectOnePulseMode                   0x080025b5   Thumb Code    18  stm32f10x_tim.o(.text)
    TIM_SelectOutputTrigger                  0x080025c7   Thumb Code    18  stm32f10x_tim.o(.text)
    TIM_SelectSlaveMode                      0x080025d9   Thumb Code    18  stm32f10x_tim.o(.text)
    TIM_SelectMasterSlaveMode                0x080025eb   Thumb Code    18  stm32f10x_tim.o(.text)
    TIM_SetCounter                           0x080025fd   Thumb Code     4  stm32f10x_tim.o(.text)
    TIM_SetAutoreload                        0x08002601   Thumb Code     4  stm32f10x_tim.o(.text)
    TIM_SetCompare1                          0x08002605   Thumb Code     4  stm32f10x_tim.o(.text)
    TIM_SetCompare2                          0x08002609   Thumb Code     4  stm32f10x_tim.o(.text)
    TIM_SetCompare3                          0x0800260d   Thumb Code     4  stm32f10x_tim.o(.text)
    TIM_SetCompare4                          0x08002611   Thumb Code     6  stm32f10x_tim.o(.text)
    TIM_SetClockDivision                     0x08002617   Thumb Code    18  stm32f10x_tim.o(.text)
    TIM_GetCapture1                          0x08002629   Thumb Code     6  stm32f10x_tim.o(.text)
    TIM_GetCapture2                          0x0800262f   Thumb Code     6  stm32f10x_tim.o(.text)
    TIM_GetCapture3                          0x08002635   Thumb Code     6  stm32f10x_tim.o(.text)
    TIM_GetCapture4                          0x0800263b   Thumb Code     8  stm32f10x_tim.o(.text)
    TIM_GetCounter                           0x08002643   Thumb Code     6  stm32f10x_tim.o(.text)
    TIM_GetPrescaler                         0x08002649   Thumb Code     6  stm32f10x_tim.o(.text)
    TIM_GetFlagStatus                        0x0800264f   Thumb Code    18  stm32f10x_tim.o(.text)
    TIM_ClearFlag                            0x08002661   Thumb Code     6  stm32f10x_tim.o(.text)
    TIM_GetITStatus                          0x08002667   Thumb Code    34  stm32f10x_tim.o(.text)
    TIM_ClearITPendingBit                    0x08002689   Thumb Code     6  stm32f10x_tim.o(.text)
    usmart_sys_cmd_exe                       0x08002691   Thumb Code  1554  usmart.o(.text)
    usmart_reset_runtime                     0x08002ca3   Thumb Code    34  usmart.o(.text)
    usmart_get_runtime                       0x08002cc5   Thumb Code    58  usmart.o(.text)
    TIM2_IRQHandler                          0x08002cff   Thumb Code    52  usmart.o(.text)
    Timer2_Init                              0x08002d33   Thumb Code    90  usmart.o(.text)
    usmart_init                              0x08002d8d   Thumb Code    36  usmart.o(.text)
    usmart_cmd_rec                           0x08002db1   Thumb Code   170  usmart.o(.text)
    usmart_exe                               0x08002e5b   Thumb Code   864  usmart.o(.text)
    usmart_scan                              0x080031bb   Thumb Code   118  usmart.o(.text)
    read_addr                                0x08003231   Thumb Code     6  usmart.o(.text)
    write_addr                               0x08003237   Thumb Code     4  usmart.o(.text)
    usmart_strcmp                            0x080032c5   Thumb Code    34  usmart_str.o(.text)
    usmart_strcopy                           0x080032e7   Thumb Code    22  usmart_str.o(.text)
    usmart_strlen                            0x080032fd   Thumb Code    24  usmart_str.o(.text)
    usmart_pow                               0x08003315   Thumb Code    22  usmart_str.o(.text)
    usmart_str2num                           0x0800332b   Thumb Code   202  usmart_str.o(.text)
    usmart_get_cmdname                       0x080033f5   Thumb Code    54  usmart_str.o(.text)
    usmart_search_nextc                      0x0800342b   Thumb Code    22  usmart_str.o(.text)
    usmart_get_fname                         0x08003441   Thumb Code   440  usmart_str.o(.text)
    usmart_get_aparm                         0x080035f9   Thumb Code   200  usmart_str.o(.text)
    usmart_get_parmpos                       0x080036c1   Thumb Code    26  usmart_str.o(.text)
    usmart_get_fparam                        0x080036db   Thumb Code   262  usmart_str.o(.text)
    __use_no_semihosting                     0x080037ed   Thumb Code     2  use_no_semi_2.o(.text)
    __2printf                                0x080037f1   Thumb Code    20  noretval__2printf.o(.text)
    _printf_pre_padding                      0x08003809   Thumb Code    46  _printf_pad.o(.text)
    _printf_post_padding                     0x08003837   Thumb Code    36  _printf_pad.o(.text)
    _printf_str                              0x0800385b   Thumb Code    82  _printf_str.o(.text)
    _printf_int_dec                          0x080038ad   Thumb Code   102  _printf_dec.o(.text)
    _printf_int_hex                          0x08003925   Thumb Code    88  _printf_hex_int.o(.text)
    _printf_longlong_hex                     0x08003925   Thumb Code     0  _printf_hex_int.o(.text)
    __printf                                 0x08003981   Thumb Code   390  __printf_flags_ss_wp.o(.text)
    __aeabi_memclr4                          0x08003b0d   Thumb Code     0  rt_memclr_w.o(.text)
    __aeabi_memclr8                          0x08003b0d   Thumb Code     0  rt_memclr_w.o(.text)
    __rt_memclr_w                            0x08003b0d   Thumb Code    78  rt_memclr_w.o(.text)
    _memset_w                                0x08003b11   Thumb Code     0  rt_memclr_w.o(.text)
    __use_two_region_memory                  0x08003b5b   Thumb Code     2  heapauxi.o(.text)
    __rt_heap_escrow$2region                 0x08003b5d   Thumb Code     2  heapauxi.o(.text)
    __rt_heap_expand$2region                 0x08003b5f   Thumb Code     2  heapauxi.o(.text)
    __I$use$semihosting                      0x08003b61   Thumb Code     0  use_no_semi.o(.text)
    __use_no_semihosting_swi                 0x08003b61   Thumb Code     2  use_no_semi.o(.text)
    _printf_int_common                       0x08003b63   Thumb Code   184  _printf_intcommon.o(.text)
    _printf_cs_common                        0x08003c1b   Thumb Code    20  _printf_char.o(.text)
    _printf_char                             0x08003c2f   Thumb Code    16  _printf_char.o(.text)
    _printf_string                           0x08003c3f   Thumb Code     8  _printf_char.o(.text)
    _printf_char_file                        0x08003c49   Thumb Code    32  _printf_char_file.o(.text)
    _printf_char_common                      0x08003c77   Thumb Code    32  _printf_char_common.o(.text)
    ferror                                   0x08003c9d   Thumb Code     8  ferror.o(.text)
    __user_setup_stackheap                   0x08003ca5   Thumb Code    74  sys_stackheap_outer.o(.text)
    exit                                     0x08003cef   Thumb Code    12  exit.o(.text)
    __user_libspace                          0x08003cfd   Thumb Code     8  libspace.o(.text)
    __user_perproc_libspace                  0x08003cfd   Thumb Code     0  libspace.o(.text)
    __user_perthread_libspace                0x08003cfd   Thumb Code     0  libspace.o(.text)
    _is_digit                                0x08003d05   Thumb Code    14  __printf_wp.o(i._is_digit)
    __aeabi_d2f                              0x08003d15   Thumb Code     0  d2f.o(x$fpl$d2f)
    _d2f                                     0x08003d15   Thumb Code    98  d2f.o(x$fpl$d2f)
    __aeabi_ddiv                             0x08003d79   Thumb Code     0  ddiv.o(x$fpl$ddiv)
    _ddiv                                    0x08003d79   Thumb Code   552  ddiv.o(x$fpl$ddiv)
    __fpl_dnaninf                            0x08004029   Thumb Code   156  dnaninf.o(x$fpl$dnaninf)
    __fpl_dretinf                            0x080040c5   Thumb Code    12  dretinf.o(x$fpl$dretinf)
    __aeabi_f2d                              0x080040d1   Thumb Code     0  f2d.o(x$fpl$f2d)
    _f2d                                     0x080040d1   Thumb Code    86  f2d.o(x$fpl$f2d)
    __aeabi_fdiv                             0x08004129   Thumb Code     0  fdiv.o(x$fpl$fdiv)
    _fdiv                                    0x08004129   Thumb Code   384  fdiv.o(x$fpl$fdiv)
    __aeabi_f2iz                             0x080042ad   Thumb Code     0  ffix.o(x$fpl$ffix)
    _ffix                                    0x080042ad   Thumb Code    54  ffix.o(x$fpl$ffix)
    __aeabi_f2uiz                            0x080042e5   Thumb Code     0  ffixu.o(x$fpl$ffixu)
    _ffixu                                   0x080042e5   Thumb Code    62  ffixu.o(x$fpl$ffixu)
    __aeabi_i2f                              0x08004325   Thumb Code     0  fflt_clz.o(x$fpl$fflt)
    _fflt                                    0x08004325   Thumb Code    48  fflt_clz.o(x$fpl$fflt)
    __aeabi_ui2f                             0x08004355   Thumb Code     0  fflt_clz.o(x$fpl$ffltu)
    _ffltu                                   0x08004355   Thumb Code    38  fflt_clz.o(x$fpl$ffltu)
    __aeabi_fmul                             0x0800437d   Thumb Code     0  fmul.o(x$fpl$fmul)
    _fmul                                    0x0800437d   Thumb Code   258  fmul.o(x$fpl$fmul)
    __fpl_fnaninf                            0x0800447f   Thumb Code   140  fnaninf.o(x$fpl$fnaninf)
    __fpl_fretinf                            0x0800450b   Thumb Code    10  fretinf.o(x$fpl$fretinf)
    __I$use$fp                               0x08004514   Number         0  usenofp.o(x$fpl$usenofp)
    Region$$Table$$Base                      0x080045f0   Number         0  anon$$obj.o(Region$$Table)
    Region$$Table$$Limit                     0x08004610   Number         0  anon$$obj.o(Region$$Table)
    SystemCoreClock                          0x20000000   Data           4  system_stm32f10x.o(.data)
    AHBPrescTable                            0x20000004   Data          16  system_stm32f10x.o(.data)
    Sine12bit                                0x20000018   Data        1152  timer.o(.data)
    j                                        0x20000498   Data           4  timer.o(.data)
    USART_RX_STA                             0x200004a0   Data           2  usart.o(.data)
    __stdout                                 0x200004a4   Data           4  usart.o(.data)
    sys_cmd_tab                              0x200004bc   Data          28  usmart.o(.data)
    usmart_nametab                           0x200004d8   Data          40  usmart_config.o(.data)
    usmart_dev                               0x20000500   Data         244  usmart_config.o(.data)
    USART_RX_BUF                             0x200005f4   Data         200  usart.o(.bss)
    __libspace_start                         0x200006bc   Data          96  libspace.o(.bss)
    __temporary_stack_top$libspace           0x2000071c   Data           0  libspace.o(.bss)



==============================================================================

Memory Map of the image

  Image Entry point : 0x08000131

  Load Region LR_IROM1 (Base: 0x08000000, Size: 0x00004c04, Max: 0x00080000, ABSOLUTE, COMPRESSED[0x000049d4])

    Execution Region ER_IROM1 (Base: 0x08000000, Size: 0x00004610, Max: 0x00080000, ABSOLUTE)

    Base Addr    Size         Type   Attr      Idx    E Section Name        Object

    0x08000000   0x00000130   Data   RO          385    RESET               startup_stm32f10x_hd.o
    0x08000130   0x00000008   Code   RO          614  * !!!main             c_w.l(__main.o)
    0x08000138   0x00000034   Code   RO          820    !!!scatter          c_w.l(__scatter.o)
    0x0800016c   0x0000005a   Code   RO          818    !!dczerorl2         c_w.l(__dczerorl2.o)
    0x080001c6   0x00000002   PAD
    0x080001c8   0x0000001c   Code   RO          822    !!handler_zi        c_w.l(__scatter_zi.o)
    0x080001e4   0x00000000   Code   RO          609    .ARM.Collect$$_printf_percent$$00000000  c_w.l(_printf_percent.o)
    0x080001e4   0x00000006   Code   RO          607    .ARM.Collect$$_printf_percent$$00000009  c_w.l(_printf_d.o)
    0x080001ea   0x00000006   Code   RO          608    .ARM.Collect$$_printf_percent$$0000000A  c_w.l(_printf_u.o)
    0x080001f0   0x00000006   Code   RO          606    .ARM.Collect$$_printf_percent$$0000000C  c_w.l(_printf_x.o)
    0x080001f6   0x00000006   Code   RO          604    .ARM.Collect$$_printf_percent$$00000013  c_w.l(_printf_c.o)
    0x080001fc   0x00000006   Code   RO          605    .ARM.Collect$$_printf_percent$$00000014  c_w.l(_printf_s.o)
    0x08000202   0x00000004   Code   RO          653    .ARM.Collect$$_printf_percent$$00000017  c_w.l(_printf_percent_end.o)
    0x08000206   0x00000002   Code   RO          695    .ARM.Collect$$libinit$$00000000  c_w.l(libinit.o)
    0x08000208   0x00000000   Code   RO          702    .ARM.Collect$$libinit$$00000002  c_w.l(libinit2.o)
    0x08000208   0x00000000   Code   RO          705    .ARM.Collect$$libinit$$00000008  c_w.l(libinit2.o)
    0x08000208   0x00000000   Code   RO          707    .ARM.Collect$$libinit$$0000000A  c_w.l(libinit2.o)
    0x08000208   0x00000000   Code   RO          709    .ARM.Collect$$libinit$$0000000C  c_w.l(libinit2.o)
    0x08000208   0x00000000   Code   RO          712    .ARM.Collect$$libinit$$0000000F  c_w.l(libinit2.o)
    0x08000208   0x00000000   Code   RO          714    .ARM.Collect$$libinit$$00000011  c_w.l(libinit2.o)
    0x08000208   0x00000000   Code   RO          716    .ARM.Collect$$libinit$$00000013  c_w.l(libinit2.o)
    0x08000208   0x00000000   Code   RO          718    .ARM.Collect$$libinit$$00000015  c_w.l(libinit2.o)
    0x08000208   0x00000000   Code   RO          720    .ARM.Collect$$libinit$$00000017  c_w.l(libinit2.o)
    0x08000208   0x00000000   Code   RO          722    .ARM.Collect$$libinit$$00000019  c_w.l(libinit2.o)
    0x08000208   0x00000000   Code   RO          724    .ARM.Collect$$libinit$$0000001B  c_w.l(libinit2.o)
    0x08000208   0x00000000   Code   RO          726    .ARM.Collect$$libinit$$0000001D  c_w.l(libinit2.o)
    0x08000208   0x00000000   Code   RO          728    .ARM.Collect$$libinit$$0000001F  c_w.l(libinit2.o)
    0x08000208   0x00000000   Code   RO          730    .ARM.Collect$$libinit$$00000021  c_w.l(libinit2.o)
    0x08000208   0x00000000   Code   RO          732    .ARM.Collect$$libinit$$00000023  c_w.l(libinit2.o)
    0x08000208   0x00000000   Code   RO          736    .ARM.Collect$$libinit$$0000002A  c_w.l(libinit2.o)
    0x08000208   0x00000000   Code   RO          738    .ARM.Collect$$libinit$$0000002C  c_w.l(libinit2.o)
    0x08000208   0x00000000   Code   RO          740    .ARM.Collect$$libinit$$0000002E  c_w.l(libinit2.o)
    0x08000208   0x00000000   Code   RO          742    .ARM.Collect$$libinit$$00000030  c_w.l(libinit2.o)
    0x08000208   0x00000002   Code   RO          743    .ARM.Collect$$libinit$$00000031  c_w.l(libinit2.o)
    0x0800020a   0x00000002   Code   RO          761    .ARM.Collect$$libshutdown$$00000000  c_w.l(libshutdown.o)
    0x0800020c   0x00000000   Code   RO          772    .ARM.Collect$$libshutdown$$00000003  c_w.l(libshutdown2.o)
    0x0800020c   0x00000000   Code   RO          775    .ARM.Collect$$libshutdown$$00000006  c_w.l(libshutdown2.o)
    0x0800020c   0x00000000   Code   RO          778    .ARM.Collect$$libshutdown$$00000009  c_w.l(libshutdown2.o)
    0x0800020c   0x00000000   Code   RO          780    .ARM.Collect$$libshutdown$$0000000B  c_w.l(libshutdown2.o)
    0x0800020c   0x00000000   Code   RO          783    .ARM.Collect$$libshutdown$$0000000E  c_w.l(libshutdown2.o)
    0x0800020c   0x00000002   Code   RO          784    .ARM.Collect$$libshutdown$$0000000F  c_w.l(libshutdown2.o)
    0x0800020e   0x00000000   Code   RO          646    .ARM.Collect$$rtentry$$00000000  c_w.l(rtentry.o)
    0x0800020e   0x00000000   Code   RO          664    .ARM.Collect$$rtentry$$00000002  c_w.l(rtentry2.o)
    0x0800020e   0x00000006   Code   RO          676    .ARM.Collect$$rtentry$$00000004  c_w.l(rtentry4.o)
    0x08000214   0x00000000   Code   RO          666    .ARM.Collect$$rtentry$$00000009  c_w.l(rtentry2.o)
    0x08000214   0x00000004   Code   RO          667    .ARM.Collect$$rtentry$$0000000A  c_w.l(rtentry2.o)
    0x08000218   0x00000000   Code   RO          669    .ARM.Collect$$rtentry$$0000000C  c_w.l(rtentry2.o)
    0x08000218   0x00000008   Code   RO          670    .ARM.Collect$$rtentry$$0000000D  c_w.l(rtentry2.o)
    0x08000220   0x00000002   Code   RO          699    .ARM.Collect$$rtexit$$00000000  c_w.l(rtexit.o)
    0x08000222   0x00000000   Code   RO          745    .ARM.Collect$$rtexit$$00000002  c_w.l(rtexit2.o)
    0x08000222   0x00000004   Code   RO          746    .ARM.Collect$$rtexit$$00000003  c_w.l(rtexit2.o)
    0x08000226   0x00000006   Code   RO          747    .ARM.Collect$$rtexit$$00000004  c_w.l(rtexit2.o)
    0x0800022c   0x000000e0   Code   RO            1    .text               main.o
    0x0800030c   0x0000001a   Code   RO          105    .text               stm32f10x_it.o
    0x08000326   0x00000002   PAD
    0x08000328   0x000001dc   Code   RO          158    .text               system_stm32f10x.o
    0x08000504   0x0000004c   Code   RO          176    .text               led.o
    0x08000550   0x000000fc   Code   RO          214    .text               key.o
    0x0800064c   0x0000012c   Code   RO          275    .text               dac.o
    0x08000778   0x00000130   Code   RO          308    .text               timer.o
    0x080008a8   0x000000d0   Code   RO          323    .text               delay.o
    0x08000978   0x0000000c   Code   RO          337    .text               sys.o
    0x08000984   0x00000144   Code   RO          349    .text               usart.o
    0x08000ac8   0x00000040   Code   RO          386    .text               startup_stm32f10x_hd.o
    0x08000b08   0x000000dc   Code   RO          390    .text               misc.o
    0x08000be4   0x00000358   Code   RO          426    .text               stm32f10x_gpio.o
    0x08000f3c   0x00000408   Code   RO          438    .text               stm32f10x_usart.o
    0x08001344   0x0000018c   Code   RO          450    .text               stm32f10x_dac.o
    0x080014d0   0x000003a4   Code   RO          462    .text               stm32f10x_rcc.o
    0x08001874   0x00000e1a   Code   RO          476    .text               stm32f10x_tim.o
    0x0800268e   0x00000002   PAD
    0x08002690   0x00000c34   Code   RO          488    .text               usmart.o
    0x080032c4   0x00000528   Code   RO          535    .text               usmart_str.o
    0x080037ec   0x00000002   Code   RO          549    .text               c_w.l(use_no_semi_2.o)
    0x080037ee   0x00000002   PAD
    0x080037f0   0x00000018   Code   RO          553    .text               c_w.l(noretval__2printf.o)
    0x08003808   0x00000052   Code   RO          557    .text               c_w.l(_printf_pad.o)
    0x0800385a   0x00000052   Code   RO          559    .text               c_w.l(_printf_str.o)
    0x080038ac   0x00000078   Code   RO          561    .text               c_w.l(_printf_dec.o)
    0x08003924   0x0000005c   Code   RO          566    .text               c_w.l(_printf_hex_int.o)
    0x08003980   0x0000018c   Code   RO          601    .text               c_w.l(__printf_flags_ss_wp.o)
    0x08003b0c   0x0000004e   Code   RO          610    .text               c_w.l(rt_memclr_w.o)
    0x08003b5a   0x00000006   Code   RO          612    .text               c_w.l(heapauxi.o)
    0x08003b60   0x00000002   Code   RO          644    .text               c_w.l(use_no_semi.o)
    0x08003b62   0x000000b8   Code   RO          647    .text               c_w.l(_printf_intcommon.o)
    0x08003c1a   0x0000002c   Code   RO          649    .text               c_w.l(_printf_char.o)
    0x08003c46   0x00000002   PAD
    0x08003c48   0x00000024   Code   RO          651    .text               c_w.l(_printf_char_file.o)
    0x08003c6c   0x00000030   Code   RO          678    .text               c_w.l(_printf_char_common.o)
    0x08003c9c   0x00000008   Code   RO          680    .text               c_w.l(ferror.o)
    0x08003ca4   0x0000004a   Code   RO          684    .text               c_w.l(sys_stackheap_outer.o)
    0x08003cee   0x0000000c   Code   RO          688    .text               c_w.l(exit.o)
    0x08003cfa   0x00000002   PAD
    0x08003cfc   0x00000008   Code   RO          696    .text               c_w.l(libspace.o)
    0x08003d04   0x0000000e   Code   RO          594    i._is_digit         c_w.l(__printf_wp.o)
    0x08003d12   0x00000002   PAD
    0x08003d14   0x00000062   Code   RO          616    x$fpl$d2f           fz_ws.l(d2f.o)
    0x08003d76   0x00000002   PAD
    0x08003d78   0x000002b0   Code   RO          619    x$fpl$ddiv          fz_ws.l(ddiv.o)
    0x08004028   0x0000009c   Code   RO          654    x$fpl$dnaninf       fz_ws.l(dnaninf.o)
    0x080040c4   0x0000000c   Code   RO          656    x$fpl$dretinf       fz_ws.l(dretinf.o)
    0x080040d0   0x00000056   Code   RO          622    x$fpl$f2d           fz_ws.l(f2d.o)
    0x08004126   0x00000002   PAD
    0x08004128   0x00000184   Code   RO          625    x$fpl$fdiv          fz_ws.l(fdiv.o)
    0x080042ac   0x00000036   Code   RO          628    x$fpl$ffix          fz_ws.l(ffix.o)
    0x080042e2   0x00000002   PAD
    0x080042e4   0x0000003e   Code   RO          632    x$fpl$ffixu         fz_ws.l(ffixu.o)
    0x08004322   0x00000002   PAD
    0x08004324   0x00000030   Code   RO          637    x$fpl$fflt          fz_ws.l(fflt_clz.o)
    0x08004354   0x00000026   Code   RO          636    x$fpl$ffltu         fz_ws.l(fflt_clz.o)
    0x0800437a   0x00000002   PAD
    0x0800437c   0x00000102   Code   RO          642    x$fpl$fmul          fz_ws.l(fmul.o)
    0x0800447e   0x0000008c   Code   RO          658    x$fpl$fnaninf       fz_ws.l(fnaninf.o)
    0x0800450a   0x0000000a   Code   RO          660    x$fpl$fretinf       fz_ws.l(fretinf.o)
    0x08004514   0x00000000   Code   RO          662    x$fpl$usenofp       fz_ws.l(usenofp.o)
    0x08004514   0x00000028   Data   RO          567    .constdata          c_w.l(_printf_hex_int.o)
    0x0800453c   0x00000011   Data   RO          602    .constdata          c_w.l(__printf_flags_ss_wp.o)
    0x0800454d   0x0000001f   Data   RO          489    .conststring        usmart.o
    0x0800456c   0x00000083   Data   RO          515    .conststring        usmart_config.o
    0x080045ef   0x00000001   PAD
    0x080045f0   0x00000020   Data   RO          816    Region$$Table       anon$$obj.o


    Execution Region RW_IRAM1 (Base: 0x20000000, Size: 0x00000d20, Max: 0x00010000, ABSOLUTE, COMPRESSED[0x000003c4])

    Base Addr    Size         Type   Attr      Idx    E Section Name        Object

    0x20000000   0x00000014   Data   RW          159    .data               system_stm32f10x.o
    0x20000014   0x00000001   Data   RW          215    .data               key.o
    0x20000015   0x00000003   PAD
    0x20000018   0x00000484   Data   RW          309    .data               timer.o
    0x2000049c   0x00000004   Data   RW          324    .data               delay.o
    0x200004a0   0x00000008   Data   RW          351    .data               usart.o
    0x200004a8   0x00000014   Data   RW          463    .data               stm32f10x_rcc.o
    0x200004bc   0x0000001c   Data   RW          490    .data               usmart.o
    0x200004d8   0x0000011c   Data   RW          516    .data               usmart_config.o
    0x200005f4   0x000000c8   Zero   RW          350    .bss                usart.o
    0x200006bc   0x00000060   Zero   RW          697    .bss                c_w.l(libspace.o)
    0x2000071c   0x00000004   PAD
    0x20000720   0x00000200   Zero   RW          384    HEAP                startup_stm32f10x_hd.o
    0x20000920   0x00000400   Zero   RW          383    STACK               startup_stm32f10x_hd.o


==============================================================================

Image component sizes


      Code (inc. data)   RO Data    RW Data    ZI Data      Debug   Object Name

         0          0          0          0          0         32   core_cm3.o
       300         22          0          0          0       1171   dac.o
       208         18          0          4          0        903   delay.o
       252         12          0          1          0        772   key.o
        76          8          0          0          0     205091   led.o
       224         70          0          0          0     229795   main.o
       220         20          0          0          0       1685   misc.o
        64         26        304          0       1536        732   startup_stm32f10x_hd.o
       396          6          0          0          0       3534   stm32f10x_dac.o
       856         40          0          0          0       5529   stm32f10x_gpio.o
        26          0          0          0          0      49030   stm32f10x_it.o
       932         44          0         20          0       8644   stm32f10x_rcc.o
      3610         88          0          0          0      22016   stm32f10x_tim.o
      1032         22          0          0          0       8256   stm32f10x_usart.o
        12          0          0          0          0        393   sys.o
       476         36          0         20          0       1563   system_stm32f10x.o
       304         26          0       1156          0       1724   timer.o
       324         16          0          8        200       2934   usart.o
      3124       1284         31         28          0       4050   usmart.o
         0          0        131        284          0       1456   usmart_config.o
      1320         12          0          0          0       4921   usmart_str.o

    ----------------------------------------------------------------------
     13760       1750        499       1524       1736     554231   Object Totals
         0          0         32          0          0          0   (incl. Generated)
         4          0          1          3          0          0   (incl. Padding)

    ----------------------------------------------------------------------

      Code (inc. data)   RO Data    RW Data    ZI Data      Debug   Library Member Name

        90          0          0          0          0          0   __dczerorl2.o
         8          0          0          0          0         68   __main.o
       396          6         17          0          0         92   __printf_flags_ss_wp.o
        14          0          0          0          0         68   __printf_wp.o
        52          8          0          0          0          0   __scatter.o
        28          0          0          0          0          0   __scatter_zi.o
         6          0          0          0          0          0   _printf_c.o
        44          0          0          0          0        108   _printf_char.o
        48          6          0          0          0         96   _printf_char_common.o
        36          4          0          0          0         80   _printf_char_file.o
         6          0          0          0          0          0   _printf_d.o
       120         18          0          0          0         92   _printf_dec.o
        92          4         40          0          0         88   _printf_hex_int.o
       184          0          0          0          0         88   _printf_intcommon.o
        82          0          0          0          0        108   _printf_pad.o
         0          0          0          0          0          0   _printf_percent.o
         4          0          0          0          0          0   _printf_percent_end.o
         6          0          0          0          0          0   _printf_s.o
        82          0          0          0          0         80   _printf_str.o
         6          0          0          0          0          0   _printf_u.o
         6          0          0          0          0          0   _printf_x.o
        12          0          0          0          0         72   exit.o
         8          0          0          0          0         68   ferror.o
         6          0          0          0          0        152   heapauxi.o
         2          0          0          0          0          0   libinit.o
         2          0          0          0          0          0   libinit2.o
         2          0          0          0          0          0   libshutdown.o
         2          0          0          0          0          0   libshutdown2.o
         8          4          0          0         96         68   libspace.o
        24          4          0          0          0         84   noretval__2printf.o
        78          0          0          0          0         80   rt_memclr_w.o
         0          0          0          0          0          0   rtentry.o
        12          0          0          0          0          0   rtentry2.o
         6          0          0          0          0          0   rtentry4.o
         2          0          0          0          0          0   rtexit.o
        10          0          0          0          0          0   rtexit2.o
        74          0          0          0          0         80   sys_stackheap_outer.o
         2          0          0          0          0         68   use_no_semi.o
         2          0          0          0          0         68   use_no_semi_2.o
        98          4          0          0          0         92   d2f.o
       688        140          0          0          0        212   ddiv.o
       156          4          0          0          0         92   dnaninf.o
        12          0          0          0          0         68   dretinf.o
        86          4          0          0          0         84   f2d.o
       388         76          0          0          0         96   fdiv.o
        54          4          0          0          0         84   ffix.o
        62          4          0          0          0         84   ffixu.o
        86          0          0          0          0        136   fflt_clz.o
       258          4          0          0          0         84   fmul.o
       140          4          0          0          0         84   fnaninf.o
        10          0          0          0          0         68   fretinf.o
         0          0          0          0          0          0   usenofp.o

    ----------------------------------------------------------------------
      3620        298         57          0        100       2892   Library Totals
        20          0          0          0          4          0   (incl. Padding)

    ----------------------------------------------------------------------

      Code (inc. data)   RO Data    RW Data    ZI Data      Debug   Library Name

      1562         54         57          0         96       1708   c_w.l
      2038        244          0          0          0       1184   fz_ws.l

    ----------------------------------------------------------------------
      3620        298         57          0        100       2892   Library Totals

    ----------------------------------------------------------------------

==============================================================================


      Code (inc. data)   RO Data    RW Data    ZI Data      Debug   

     17380       2048        556       1524       1836     553899   Grand Totals
     17380       2048        556        964       1836     553899   ELF Image Totals (compressed)
     17380       2048        556        964          0          0   ROM Totals

==============================================================================

    Total RO  Size (Code + RO Data)                17936 (  17.52kB)
    Total RW  Size (RW Data + ZI Data)              3360 (   3.28kB)
    Total ROM Size (Code + RO Data + RW Data)      18900 (  18.46kB)

==============================================================================

