ARM Linker, 5.03 [Build 24] [MDK-ARM Professional]

==============================================================================

Section Cross References

    main.o(.text) refers to rt_memcpy_w.o(.text) for __aeabi_memcpy4
    main.o(.text) refers to delay.o(.text) for delay_init
    main.o(.text) refers to sys.o(.text) for NVIC_Configuration
    main.o(.text) refers to usart.o(.text) for uart_init
    main.o(.text) refers to key.o(.text) for KEY_Init
    main.o(.text) refers to led.o(.text) for LED_Init
    main.o(.text) refers to adc.o(.text) for Adc_Init
    main.o(.text) refers to dac.o(.text) for Dac1_Init
    main.o(.text) refers to beep.o(.text) for BEEP_Init
    main.o(.text) refers to noretval__2printf.o(.text) for __2printf
    main.o(.text) refers to stm32f10x_usart.o(.text) for USART_SendData
    main.o(.text) refers to aeabi_memset.o(.text) for __aeabi_memset
    main.o(.text) refers to main.o(.constdata) for .constdata
    main.o(.text) refers to usmart_config.o(.data) for usmart_dev
    main.o(.text) refers to usart.o(.data) for USART_RX_STA
    main.o(.text) refers to usart.o(.bss) for USART_RX_BUF
    system_stm32f10x.o(.text) refers to system_stm32f10x.o(.data) for SystemCoreClock
    led.o(.text) refers to stm32f10x_rcc.o(.text) for RCC_APB2PeriphClockCmd
    led.o(.text) refers to stm32f10x_gpio.o(.text) for GPIO_Init
    key.o(.text) refers to stm32f10x_rcc.o(.text) for RCC_APB2PeriphClockCmd
    key.o(.text) refers to stm32f10x_gpio.o(.text) for GPIO_Init
    key.o(.text) refers to delay.o(.text) for delay_ms
    key.o(.text) refers to key.o(.data) for key_up
    lcd.o(.text) refers to _printf_percent.o(.ARM.Collect$$_printf_percent$$00000000) for _printf_percent
    lcd.o(.text) refers to _printf_x.o(.ARM.Collect$$_printf_percent$$0000000C) for _printf_x
    lcd.o(.text) refers to _printf_hex_int.o(.text) for _printf_longlong_hex
    lcd.o(.text) refers to delay.o(.text) for delay_us
    lcd.o(.text) refers to lcd.o(.bss) for lcddev
    lcd.o(.text) refers to lcd.o(.data) for POINT_COLOR
    lcd.o(.text) refers to stm32f10x_rcc.o(.text) for RCC_AHBPeriphClockCmd
    lcd.o(.text) refers to stm32f10x_gpio.o(.text) for GPIO_Init
    lcd.o(.text) refers to stm32f10x_fsmc.o(.text) for FSMC_NORSRAMInit
    lcd.o(.text) refers to noretval__2printf.o(.text) for __2printf
    lcd.o(.text) refers to lcd.o(.constdata) for asc2_1206
    adc.o(.text) refers to stm32f10x_rcc.o(.text) for RCC_APB2PeriphClockCmd
    adc.o(.text) refers to stm32f10x_gpio.o(.text) for GPIO_Init
    adc.o(.text) refers to stm32f10x_adc.o(.text) for ADC_DeInit
    adc.o(.text) refers to delay.o(.text) for delay_ms
    dac.o(.text) refers to stm32f10x_rcc.o(.text) for RCC_APB2PeriphClockCmd
    dac.o(.text) refers to stm32f10x_gpio.o(.text) for GPIO_Init
    dac.o(.text) refers to stm32f10x_dac.o(.text) for DAC_Init
    dac.o(.text) refers to fflt_clz.o(x$fpl$ffltu) for __aeabi_ui2f
    dac.o(.text) refers to fdiv.o(x$fpl$fdiv) for __aeabi_fdiv
    dac.o(.text) refers to fmul.o(x$fpl$fmul) for __aeabi_fmul
    dac.o(.text) refers to f2d.o(x$fpl$f2d) for __aeabi_f2d
    dac.o(.text) refers to ddiv.o(x$fpl$ddiv) for __aeabi_ddiv
    dac.o(.text) refers to d2f.o(x$fpl$d2f) for __aeabi_d2f
    dac.o(.text) refers to ffixu.o(x$fpl$ffixu) for __aeabi_f2uiz
    dac.o(.text) refers to fflt_clz.o(x$fpl$fflt) for __aeabi_i2f
    dac.o(.text) refers to ffix.o(x$fpl$ffix) for __aeabi_f2iz
    dac.o(.text) refers to delay.o(.text) for delay_us
    beep.o(.text) refers to stm32f10x_rcc.o(.text) for RCC_APB2PeriphClockCmd
    beep.o(.text) refers to stm32f10x_gpio.o(.text) for GPIO_Init
    delay.o(.text) refers to misc.o(.text) for SysTick_CLKSourceConfig
    delay.o(.text) refers to system_stm32f10x.o(.data) for SystemCoreClock
    delay.o(.text) refers to delay.o(.data) for fac_us
    sys.o(.text) refers to misc.o(.text) for NVIC_PriorityGroupConfig
    usart.o(.text) refers (Special) to use_no_semi_2.o(.text) for __use_no_semihosting
    usart.o(.text) refers to stm32f10x_rcc.o(.text) for RCC_APB2PeriphClockCmd
    usart.o(.text) refers to stm32f10x_usart.o(.text) for USART_DeInit
    usart.o(.text) refers to stm32f10x_gpio.o(.text) for GPIO_Init
    usart.o(.text) refers to misc.o(.text) for NVIC_Init
    usart.o(.text) refers to usart.o(.data) for USART_RX_STA
    usart.o(.text) refers to usart.o(.bss) for USART_RX_BUF
    usart.o(.bss) refers (Special) to use_no_semi_2.o(.text) for __use_no_semihosting
    usart.o(.data) refers (Special) to use_no_semi_2.o(.text) for __use_no_semihosting
    startup_stm32f10x_hd.o(STACK) refers (Special) to heapauxi.o(.text) for __use_two_region_memory
    startup_stm32f10x_hd.o(HEAP) refers (Special) to heapauxi.o(.text) for __use_two_region_memory
    startup_stm32f10x_hd.o(RESET) refers (Special) to heapauxi.o(.text) for __use_two_region_memory
    startup_stm32f10x_hd.o(RESET) refers to startup_stm32f10x_hd.o(STACK) for __initial_sp
[...]
    ../clib/printf.c                         0x00000000   Number         0  _printf_char_common.o ABSOLUTE
    ../clib/printf.c                         0x00000000   Number         0  _printf_hex_int_ll.o ABSOLUTE
    ../clib/printf.c                         0x00000000   Number         0  _printf_hex_ptr.o ABSOLUTE
    ../clib/printf.c                         0x00000000   Number         0  _printf_hex_int_ptr.o ABSOLUTE
    ../clib/printf.c                         0x00000000   Number         0  _printf_hex_ll_ptr.o ABSOLUTE
    ../clib/printf.c                         0x00000000   Number         0  __printf_flags.o ABSOLUTE
    ../clib/printf.c                         0x00000000   Number         0  __printf_ss.o ABSOLUTE
    ../clib/printf.c                         0x00000000   Number         0  __printf_flags_ss.o ABSOLUTE
    ../clib/printf.c                         0x00000000   Number         0  __printf_wp.o ABSOLUTE
    ../clib/printf.c                         0x00000000   Number         0  __printf_flags_wp.o ABSOLUTE
    ../clib/printf.c                         0x00000000   Number         0  __printf_ss_wp.o ABSOLUTE
    ../clib/printf_percent.s                 0x00000000   Number         0  _printf_percent_end.o ABSOLUTE
    ../clib/printf_percent.s                 0x00000000   Number         0  _printf_x.o ABSOLUTE
    ../clib/printf_percent.s                 0x00000000   Number         0  _printf_s.o ABSOLUTE
    ../clib/printf_percent.s                 0x00000000   Number         0  _printf_percent.o ABSOLUTE
    ../clib/printf_percent.s                 0x00000000   Number         0  _printf_u.o ABSOLUTE
    ../clib/printf_percent.s                 0x00000000   Number         0  _printf_c.o ABSOLUTE
    ../clib/printf_percent.s                 0x00000000   Number         0  _printf_d.o ABSOLUTE
    ../clib/signal.c                         0x00000000   Number         0  defsig_rtmem_inner.o ABSOLUTE
    ../clib/signal.c                         0x00000000   Number         0  defsig_rtmem_outer.o ABSOLUTE
    ../clib/signal.c                         0x00000000   Number         0  defsig_other.o ABSOLUTE
    ../clib/signal.c                         0x00000000   Number         0  __raise.o ABSOLUTE
    ../clib/signal.c                         0x00000000   Number         0  defsig_general.o ABSOLUTE
    ../clib/signal.c                         0x00000000   Number         0  defsig_rtmem_formal.o ABSOLUTE
    ../clib/signal.c                         0x00000000   Number         0  defsig_abrt_inner.o ABSOLUTE
    ../clib/signal.c                         0x00000000   Number         0  defsig_fpe_inner.o ABSOLUTE
    ../clib/signal.c                         0x00000000   Number         0  defsig_rtred_inner.o ABSOLUTE
    ../clib/signal.c                         0x00000000   Number         0  defsig_stak_inner.o ABSOLUTE
    ../clib/signal.c                         0x00000000   Number         0  defsig_pvfn_inner.o ABSOLUTE
    ../clib/signal.c                         0x00000000   Number         0  defsig_cppl_inner.o ABSOLUTE
    ../clib/signal.c                         0x00000000   Number         0  defsig_segv_inner.o ABSOLUTE
    ../clib/signal.c                         0x00000000   Number         0  defsig_exit.o ABSOLUTE
    ../clib/signal.s                         0x00000000   Number         0  defsig.o ABSOLUTE
    ../clib/stdio.c                          0x00000000   Number         0  ferror_locked.o ABSOLUTE
    ../clib/stdio.c                          0x00000000   Number         0  ferror.o ABSOLUTE
    ../clib/stdlib.c                         0x00000000   Number         0  exit.o ABSOLUTE
    ../fplib/d2f.s                           0x00000000   Number         0  d2f.o ABSOLUTE
    ../fplib/ddiv.s                          0x00000000   Number         0  ddiv.o ABSOLUTE
    ../fplib/dnaninf.s                       0x00000000   Number         0  dnaninf.o ABSOLUTE
    ../fplib/dretinf.s                       0x00000000   Number         0  dretinf.o ABSOLUTE
    ../fplib/f2d.s                           0x00000000   Number         0  f2d.o ABSOLUTE
    ../fplib/fdiv.s                          0x00000000   Number         0  fdiv.o ABSOLUTE
    ../fplib/ffix.s                          0x00000000   Number         0  ffix.o ABSOLUTE
    ../fplib/ffixu.s                         0x00000000   Number         0  ffixu.o ABSOLUTE
    ../fplib/fflt.s                          0x00000000   Number         0  fflt_clz.o ABSOLUTE
    ../fplib/fmul.s                          0x00000000   Number         0  fmul.o ABSOLUTE
    ../fplib/fnaninf.s                       0x00000000   Number         0  fnaninf.o ABSOLUTE
    ../fplib/fpinit.s                        0x00000000   Number         0  fpinit.o ABSOLUTE
    ../fplib/fretinf.s                       0x00000000   Number         0  fretinf.o ABSOLUTE
    ../fplib/usenofp.s                       0x00000000   Number         0  usenofp.o ABSOLUTE
    ..\CORE\core_cm3.c                       0x00000000   Number         0  core_cm3.o ABSOLUTE
    ..\CORE\startup_stm32f10x_hd.s           0x00000000   Number         0  startup_stm32f10x_hd.o ABSOLUTE
    ..\HARDWARE\ADC\adc.c                    0x00000000   Number         0  adc.o ABSOLUTE
    ..\HARDWARE\BEEP\beep.c                  0x00000000   Number         0  beep.o ABSOLUTE
    ..\HARDWARE\DAC\dac.c                    0x00000000   Number         0  dac.o ABSOLUTE
    ..\HARDWARE\KEY\key.c                    0x00000000   Number         0  key.o ABSOLUTE
    ..\HARDWARE\LCD\lcd.c                    0x00000000   Number         0  lcd.o ABSOLUTE
    ..\HARDWARE\LED\led.c                    0x00000000   Number         0  led.o ABSOLUTE
    ..\STM32F10x_FWLib\src\misc.c            0x00000000   Number         0  misc.o ABSOLUTE
    ..\STM32F10x_FWLib\src\stm32f10x_adc.c   0x00000000   Number         0  stm32f10x_adc.o ABSOLUTE
    ..\STM32F10x_FWLib\src\stm32f10x_dac.c   0x00000000   Number         0  stm32f10x_dac.o ABSOLUTE
    ..\STM32F10x_FWLib\src\stm32f10x_fsmc.c  0x00000000   Number         0  stm32f10x_fsmc.o ABSOLUTE
    ..\STM32F10x_FWLib\src\stm32f10x_gpio.c  0x00000000   Number         0  stm32f10x_gpio.o ABSOLUTE
    ..\STM32F10x_FWLib\src\stm32f10x_rcc.c   0x00000000   Number         0  stm32f10x_rcc.o ABSOLUTE
    ..\STM32F10x_FWLib\src\stm32f10x_tim.c   0x00000000   Number         0  stm32f10x_tim.o ABSOLUTE
    ..\STM32F10x_FWLib\src\stm32f10x_usart.c 0x00000000   Number         0  stm32f10x_usart.o ABSOLUTE
    ..\SYSTEM\delay\delay.c                  0x00000000   Number         0  delay.o ABSOLUTE
    ..\SYSTEM\sys\sys.c                      0x00000000   Number         0  sys.o ABSOLUTE
    ..\SYSTEM\usart\usart.c                  0x00000000   Number         0  usart.o ABSOLUTE
    ..\USMART\usmart.c                       0x00000000   Number         0  usmart.o ABSOLUTE
    ..\USMART\usmart_config.c                0x00000000   Number         0  usmart_config.o ABSOLUTE
    ..\USMART\usmart_str.c                   0x00000000   Number         0  usmart_str.o ABSOLUTE
    ..\\CORE\\core_cm3.c                     0x00000000   Number         0  core_cm3.o ABSOLUTE
    dc.s                                     0x00000000   Number         0  dc.o ABSOLUTE
    main.c                                   0x00000000   Number         0  main.o ABSOLUTE
    stm32f10x_it.c                           0x00000000   Number         0  stm32f10x_it.o ABSOLUTE
    system_stm32f10x.c                       0x00000000   Number         0  system_stm32f10x.o ABSOLUTE
    RESET                                    0x08000000   Section      304  startup_stm32f10x_hd.o(RESET)
    !!!main                                  0x08000130   Section        8  __main.o(!!!main)
    !!!scatter                               0x08000138   Section       52  __scatter.o(!!!scatter)
    !!dczerorl2                              0x0800016c   Section       90  __dczerorl2.o(!!dczerorl2)
    !!handler_zi                             0x080001c8   Section       28  __scatter_zi.o(!!handler_zi)
    .ARM.Collect$$_printf_percent$$00000000  0x080001e4   Section        0  _printf_percent.o(.ARM.Collect$$_printf_percent$$00000000)
    .ARM.Collect$$_printf_percent$$00000009  0x080001e4   Section        6  _printf_d.o(.ARM.Collect$$_printf_percent$$00000009)
    .ARM.Collect$$_printf_percent$$0000000A  0x080001ea   Section        6  _printf_u.o(.ARM.Collect$$_printf_percent$$0000000A)
    .ARM.Collect$$_printf_percent$$0000000C  0x080001f0   Section        6  _printf_x.o(.ARM.Collect$$_printf_percent$$0000000C)
    .ARM.Collect$$_printf_percent$$00000013  0x080001f6   Section        6  _printf_c.o(.ARM.Collect$$_printf_percent$$00000013)
    .ARM.Collect$$_printf_percent$$00000014  0x080001fc   Section        6  _printf_s.o(.ARM.Collect$$_printf_percent$$00000014)
    .ARM.Collect$$_printf_percent$$00000017  0x08000202   Section        4  _printf_percent_end.o(.ARM.Collect$$_printf_percent$$00000017)
    .ARM.Collect$$libinit$$00000000          0x08000206   Section        2  libinit.o(.ARM.Collect$$libinit$$00000000)
    .ARM.Collect$$libinit$$00000002          0x08000208   Section        0  libinit2.o(.ARM.Collect$$libinit$$00000002)
    .ARM.Collect$$libinit$$00000008          0x08000208   Section        0  libinit2.o(.ARM.Collect$$libinit$$00000008)
    .ARM.Collect$$libinit$$0000000A          0x08000208   Section        0  libinit2.o(.ARM.Collect$$libinit$$0000000A)
    .ARM.Collect$$libinit$$0000000C          0x08000208   Section        0  libinit2.o(.ARM.Collect$$libinit$$0000000C)
    .ARM.Collect$$libinit$$0000000F          0x08000208   Section        0  libinit2.o(.ARM.Collect$$libinit$$0000000F)
    .ARM.Collect$$libinit$$00000011          0x08000208   Section        0  libinit2.o(.ARM.Collect$$libinit$$00000011)
    .ARM.Collect$$libinit$$00000013          0x08000208   Section        0  libinit2.o(.ARM.Collect$$libinit$$00000013)
    .ARM.Collect$$libinit$$00000015          0x08000208   Section        0  libinit2.o(.ARM.Collect$$libinit$$00000015)
    .ARM.Collect$$libinit$$00000017          0x08000208   Section        0  libinit2.o(.ARM.Collect$$libinit$$00000017)
    .ARM.Collect$$libinit$$00000019          0x08000208   Section        0  libinit2.o(.ARM.Collect$$libinit$$00000019)
    .ARM.Collect$$libinit$$0000001B          0x08000208   Section        0  libinit2.o(.ARM.Collect$$libinit$$0000001B)
    .ARM.Collect$$libinit$$0000001D          0x08000208   Section        0  libinit2.o(.ARM.Collect$$libinit$$0000001D)
    .ARM.Collect$$libinit$$0000001F          0x08000208   Section        0  libinit2.o(.ARM.Collect$$libinit$$0000001F)
    .ARM.Collect$$libinit$$00000021          0x08000208   Section        0  libinit2.o(.ARM.Collect$$libinit$$00000021)
    .ARM.Collect$$libinit$$00000023          0x08000208   Section        0  libinit2.o(.ARM.Collect$$libinit$$00000023)
    .ARM.Collect$$libinit$$0000002A          0x08000208   Section        0  libinit2.o(.ARM.Collect$$libinit$$0000002A)
    .ARM.Collect$$libinit$$0000002C          0x08000208   Section        0  libinit2.o(.ARM.Collect$$libinit$$0000002C)
    .ARM.Collect$$libinit$$0000002E          0x08000208   Section        0  libinit2.o(.ARM.Collect$$libinit$$0000002E)
    .ARM.Collect$$libinit$$00000030          0x08000208   Section        0  libinit2.o(.ARM.Collect$$libinit$$00000030)
    .ARM.Collect$$libinit$$00000031          0x08000208   Section        2  libinit2.o(.ARM.Collect$$libinit$$00000031)
    .ARM.Collect$$libshutdown$$00000000      0x0800020a   Section        2  libshutdown.o(.ARM.Collect$$libshutdown$$00000000)
    .ARM.Collect$$libshutdown$$00000003      0x0800020c   Section        0  libshutdown2.o(.ARM.Collect$$libshutdown$$00000003)
    .ARM.Collect$$libshutdown$$00000006      0x0800020c   Section        0  libshutdown2.o(.ARM.Collect$$libshutdown$$00000006)
    .ARM.Collect$$libshutdown$$00000009      0x0800020c   Section        0  libshutdown2.o(.ARM.Collect$$libshutdown$$00000009)
    .ARM.Collect$$libshutdown$$0000000B      0x0800020c   Section        0  libshutdown2.o(.ARM.Collect$$libshutdown$$0000000B)
    .ARM.Collect$$libshutdown$$0000000E      0x0800020c   Section        0  libshutdown2.o(.ARM.Collect$$libshutdown$$0000000E)
    .ARM.Collect$$libshutdown$$0000000F      0x0800020c   Section        2  libshutdown2.o(.ARM.Collect$$libshutdown$$0000000F)
    .ARM.Collect$$rtentry$$00000000          0x0800020e   Section        0  rtentry.o(.ARM.Collect$$rtentry$$00000000)
    .ARM.Collect$$rtentry$$00000002          0x0800020e   Section        0  rtentry2.o(.ARM.Collect$$rtentry$$00000002)
    .ARM.Collect$$rtentry$$00000004          0x0800020e   Section        6  rtentry4.o(.ARM.Collect$$rtentry$$00000004)
    .ARM.Collect$$rtentry$$00000009          0x08000214   Section        0  rtentry2.o(.ARM.Collect$$rtentry$$00000009)
    .ARM.Collect$$rtentry$$0000000A          0x08000214   Section        4  rtentry2.o(.ARM.Collect$$rtentry$$0000000A)
    .ARM.Collect$$rtentry$$0000000C          0x08000218   Section        0  rtentry2.o(.ARM.Collect$$rtentry$$0000000C)
    .ARM.Collect$$rtentry$$0000000D          0x08000218   Section        8  rtentry2.o(.ARM.Collect$$rtentry$$0000000D)
    .ARM.Collect$$rtexit$$00000000           0x08000220   Section        2  rtexit.o(.ARM.Collect$$rtexit$$00000000)
    .ARM.Collect$$rtexit$$00000002           0x08000222   Section        0  rtexit2.o(.ARM.Collect$$rtexit$$00000002)
    .ARM.Collect$$rtexit$$00000003           0x08000222   Section        4  rtexit2.o(.ARM.Collect$$rtexit$$00000003)
    .ARM.Collect$$rtexit$$00000004           0x08000226   Section        6  rtexit2.o(.ARM.Collect$$rtexit$$00000004)
    .text                                    0x0800022c   Section        0  main.o(.text)
    .text                                    0x08000428   Section        0  stm32f10x_it.o(.text)
    .text                                    0x08000444   Section        0  system_stm32f10x.o(.text)
    SetSysClockTo72                          0x08000445   Thumb Code   212  system_stm32f10x.o(.text)
    SetSysClock                              0x08000519   Thumb Code     8  system_stm32f10x.o(.text)
    .text                                    0x08000620   Section        0  led.o(.text)
    .text                                    0x0800066c   Section        0  key.o(.text)
    .text                                    0x08000768   Section        0  adc.o(.text)
    .text                                    0x08000850   Section        0  dac.o(.text)
    .text                                    0x0800097c   Section        0  beep.o(.text)
    .text                                    0x080009b4   Section        0  delay.o(.text)
    .text                                    0x08000a84   Section        0  sys.o(.text)
    .text                                    0x08000a90   Section        0  usart.o(.text)
    .text                                    0x08000bd4   Section       64  startup_stm32f10x_hd.o(.text)
    .text                                    0x08000c14   Section        0  misc.o(.text)
    .text                                    0x08000cf0   Section        0  stm32f10x_adc.o(.text)
    .text                                    0x08001140   Section        0  stm32f10x_gpio.o(.text)
    .text                                    0x08001498   Section        0  stm32f10x_usart.o(.text)
    .text                                    0x080018a0   Section        0  stm32f10x_dac.o(.text)
    .text                                    0x08001a2c   Section        0  stm32f10x_rcc.o(.text)
    .text                                    0x08001dd0   Section        0  stm32f10x_tim.o(.text)
    TI4_Config                               0x08002277   Thumb Code   130  stm32f10x_tim.o(.text)
    TI3_Config                               0x0800230b   Thumb Code   122  stm32f10x_tim.o(.text)
    TI2_Config                               0x0800239f   Thumb Code   130  stm32f10x_tim.o(.text)
    TI1_Config                               0x08002433   Thumb Code   108  stm32f10x_tim.o(.text)
    .text                                    0x08002bec   Section        0  usmart.o(.text)
    .text                                    0x08003820   Section        0  usmart_str.o(.text)
    .text                                    0x08003d48   Section        2  use_no_semi_2.o(.text)
    .text                                    0x08003d4c   Section        0  noretval__2printf.o(.text)
    .text                                    0x08003d64   Section        0  _printf_pad.o(.text)
    .text                                    0x08003db6   Section        0  _printf_str.o(.text)
    .text                                    0x08003e08   Section        0  _printf_dec.o(.text)
    .text                                    0x08003e80   Section        0  _printf_hex_int.o(.text)
    .text                                    0x08003edc   Section        0  __printf_flags_ss_wp.o(.text)
    .text                                    0x08004068   Section      100  rt_memcpy_w.o(.text)
    .text                                    0x080040cc   Section       16  aeabi_memset.o(.text)
    .text                                    0x080040dc   Section        0  heapauxi.o(.text)
    .text                                    0x080040e2   Section        2  use_no_semi.o(.text)
    .text                                    0x080040e4   Section        0  _printf_intcommon.o(.text)
    .text                                    0x0800419c   Section        0  _printf_char.o(.text)
    .text                                    0x080041c8   Section        0  _printf_char_file.o(.text)
    .text                                    0x080041ec   Section       68  rt_memclr.o(.text)
    .text                                    0x08004230   Section        0  _printf_char_common.o(.text)
    _printf_input_char                       0x08004231   Thumb Code    10  _printf_char_common.o(.text)
    .text                                    0x08004260   Section        0  ferror.o(.text)
    .text                                    0x08004268   Section       78  rt_memclr_w.o(.text)
    .text                                    0x080042b6   Section       74  sys_stackheap_outer.o(.text)
    .text                                    0x08004300   Section        0  exit.o(.text)
    .text                                    0x0800430c   Section        8  libspace.o(.text)
    i._is_digit                              0x08004314   Section        0  __printf_wp.o(i._is_digit)
    x$fpl$d2f                                0x08004324   Section       98  d2f.o(x$fpl$d2f)
    x$fpl$ddiv                               0x08004388   Section      688  ddiv.o(x$fpl$ddiv)
    ddiv_entry                               0x0800438f   Thumb Code     0  ddiv.o(x$fpl$ddiv)
    x$fpl$dnaninf                            0x08004638   Section      156  dnaninf.o(x$fpl$dnaninf)
    x$fpl$dretinf                            0x080046d4   Section       12  dretinf.o(x$fpl$dretinf)
    x$fpl$f2d                                0x080046e0   Section       86  f2d.o(x$fpl$f2d)
    x$fpl$fdiv                               0x08004738   Section      388  fdiv.o(x$fpl$fdiv)
    _fdiv1                                   0x08004739   Thumb Code     0  fdiv.o(x$fpl$fdiv)
    x$fpl$ffix                               0x080048bc   Section       54  ffix.o(x$fpl$ffix)
    x$fpl$ffixu                              0x080048f4   Section       62  ffixu.o(x$fpl$ffixu)
    x$fpl$fflt                               0x08004934   Section       48  fflt_clz.o(x$fpl$fflt)
    x$fpl$ffltu                              0x08004964   Section       38  fflt_clz.o(x$fpl$ffltu)
    x$fpl$fmul                               0x0800498c   Section      258  fmul.o(x$fpl$fmul)
    x$fpl$fnaninf                            0x08004a8e   Section      140  fnaninf.o(x$fpl$fnaninf)
    x$fpl$fretinf                            0x08004b1a   Section       10  fretinf.o(x$fpl$fretinf)
    .constdata                               0x08004b24   Section     1152  main.o(.constdata)
    x$fpl$usenofp                            0x08004b24   Section        0  usenofp.o(x$fpl$usenofp)
    .constdata                               0x08004fa4   Section       40  _printf_hex_int.o(.constdata)
    uc_hextab                                0x08004fa4   Data          20  _printf_hex_int.o(.constdata)
    lc_hextab                                0x08004fb8   Data          20  _printf_hex_int.o(.constdata)
    .constdata                               0x08004fcc   Section       17  __printf_flags_ss_wp.o(.constdata)
    maptable                                 0x08004fcc   Data          17  __printf_flags_ss_wp.o(.constdata)
    .conststring                             0x08004fdd   Section       31  usmart.o(.conststring)
    .conststring                             0x08004ffc   Section      131  usmart_config.o(.conststring)
    .data                                    0x20000000   Section       20  system_stm32f10x.o(.data)
    .data                                    0x20000014   Section        1  key.o(.data)
    key_up                                   0x20000014   Data           1  key.o(.data)
    .data                                    0x20000016   Section        4  delay.o(.data)
    fac_us                                   0x20000016   Data           1  delay.o(.data)
    fac_ms                                   0x20000018   Data           2  delay.o(.data)
    .data                                    0x2000001c   Section        8  usart.o(.data)
    .data                                    0x20000024   Section       20  stm32f10x_rcc.o(.data)
    APBAHBPrescTable                         0x20000024   Data          16  stm32f10x_rcc.o(.data)
    ADCPrescTable                            0x20000034   Data           4  stm32f10x_rcc.o(.data)
    .data                                    0x20000038   Section       28  usmart.o(.data)
    .data                                    0x20000054   Section      284  usmart_config.o(.data)
    .bss                                     0x20000170   Section      200  usart.o(.bss)
    .bss                                     0x20000238   Section       96  libspace.o(.bss)
    HEAP                                     0x20000298   Section      512  startup_stm32f10x_hd.o(HEAP)
    Heap_Mem                                 0x20000298   Data         512  startup_stm32f10x_hd.o(HEAP)
    STACK                                    0x20000498   Section     1024  startup_stm32f10x_hd.o(STACK)
    Stack_Mem                                0x20000498   Data        1024  startup_stm32f10x_hd.o(STACK)
    __initial_sp                             0x20000898   Data           0  startup_stm32f10x_hd.o(STACK)

    Global Symbols

    Symbol Name                              Value     Ov Type        Size  Object(Section)

    BuildAttributes$$THM_ISAv4$P$D$K$B$S$PE$A:L22UL41UL21$X:L11$S22US41US21$IEEE1$IW$USESV6$~STKCKD$USESV7$~SHL$OSPACE$ROPI$EBA8$UX$STANDARDLIB$REQ8$PRES8$EABIv2 0x00000000   Number         0  anon$$obj.o ABSOLUTE
    __ARM_use_no_argv                        0x00000000   Number         0  main.o ABSOLUTE
    _printf_flags                            0x00000000   Number         0  printf_stubs.o ABSOLUTE
    _printf_return_value                     0x00000000   Number         0  printf_stubs.o ABSOLUTE
    _printf_sizespec                         0x00000000   Number         0  printf_stubs.o ABSOLUTE
    _printf_widthprec                        0x00000000   Number         0  printf_stubs.o ABSOLUTE
    __ARM_exceptions_init                     - Undefined Weak Reference
    __alloca_initialize                       - Undefined Weak Reference
    __cpp_initialize__aeabi_                  - Undefined Weak Reference
    __cxa_finalize                            - Undefined Weak Reference
    __rt_locale                               - Undefined Weak Reference
    __sigvec_lookup                           - Undefined Weak Reference
    _atexit_init                              - Undefined Weak Reference
    _call_atexit_fns                          - Undefined Weak Reference
    _clock_init                               - Undefined Weak Reference
    _fp_trap_init                             - Undefined Weak Reference
    _fp_trap_shutdown                         - Undefined Weak Reference
    _get_lc_collate                           - Undefined Weak Reference
    _get_lc_ctype                             - Undefined Weak Reference
    _get_lc_monetary                          - Undefined Weak Reference
    _get_lc_numeric                           - Undefined Weak Reference
    _get_lc_time                              - Undefined Weak Reference
    _getenv_init                              - Undefined Weak Reference
    _handle_redirection                       - Undefined Weak Reference
    _init_alloc                               - Undefined Weak Reference
    _init_user_alloc                          - Undefined Weak Reference
    _initio                                   - Undefined Weak Reference
    _mutex_acquire                            - Undefined Weak Reference
    _mutex_release                            - Undefined Weak Reference
    _printf_mbtowc                            - Undefined Weak Reference
    _printf_truncate_signed                   - Undefined Weak Reference
    _printf_truncate_unsigned                 - Undefined Weak Reference
    _rand_init                                - Undefined Weak Reference
    _signal_finish                            - Undefined Weak Reference
    _signal_init                              - Undefined Weak Reference
    _terminate_alloc                          - Undefined Weak Reference
    _terminate_user_alloc                     - Undefined Weak Reference
    _terminateio                              - Undefined Weak Reference
    __Vectors_Size                           0x00000130   Number         0  startup_stm32f10x_hd.o ABSOLUTE
    __Vectors                                0x08000000   Data           4  startup_stm32f10x_hd.o(RESET)
    __Vectors_End                            0x08000130   Data           0  startup_stm32f10x_hd.o(RESET)
    __main                                   0x08000131   Thumb Code     8  __main.o(!!!main)
    __scatterload                            0x08000139   Thumb Code     0  __scatter.o(!!!scatter)
    __scatterload_rt2                        0x08000139   Thumb Code    44  __scatter.o(!!!scatter)
    __scatterload_rt2_thumb_only             0x08000139   Thumb Code     0  __scatter.o(!!!scatter)
    __scatterload_null                       0x08000147   Thumb Code     0  __scatter.o(!!!scatter)
    __decompress                             0x0800016d   Thumb Code    90  __dczerorl2.o(!!dczerorl2)
    __decompress1                            0x0800016d   Thumb Code     0  __dczerorl2.o(!!dczerorl2)
    __scatterload_zeroinit                   0x080001c9   Thumb Code    28  __scatter_zi.o(!!handler_zi)
    _printf_d                                0x080001e5   Thumb Code     0  _printf_d.o(.ARM.Collect$$_printf_percent$$00000009)
    _printf_percent                          0x080001e5   Thumb Code     0  _printf_percent.o(.ARM.Collect$$_printf_percent$$00000000)
    _printf_u                                0x080001eb   Thumb Code     0  _printf_u.o(.ARM.Collect$$_printf_percent$$0000000A)
    _printf_x                                0x080001f1   Thumb Code     0  _printf_x.o(.ARM.Collect$$_printf_percent$$0000000C)
    _printf_c                                0x080001f7   Thumb Code     0  _printf_c.o(.ARM.Collect$$_printf_percent$$00000013)
    _printf_s                                0x080001fd   Thumb Code     0  _printf_s.o(.ARM.Collect$$_printf_percent$$00000014)
    _printf_percent_end                      0x08000203   Thumb Code     0  _printf_percent_end.o(.ARM.Collect$$_printf_percent$$00000017)
    __rt_lib_init                            0x08000207   Thumb Code     0  libinit.o(.ARM.Collect$$libinit$$00000000)
    __rt_lib_init_alloca_1                   0x08000209   Thumb Code     0  libinit2.o(.ARM.Collect$$libinit$$0000002C)
    __rt_lib_init_argv_1                     0x08000209   Thumb Code     0  libinit2.o(.ARM.Collect$$libinit$$0000002A)
    __rt_lib_init_atexit_1                   0x08000209   Thumb Code     0  libinit2.o(.ARM.Collect$$libinit$$00000019)
    __rt_lib_init_clock_1                    0x08000209   Thumb Code     0  libinit2.o(.ARM.Collect$$libinit$$0000001F)
    __rt_lib_init_cpp_1                      0x08000209   Thumb Code     0  libinit2.o(.ARM.Collect$$libinit$$00000030)
    __rt_lib_init_exceptions_1               0x08000209   Thumb Code     0  libinit2.o(.ARM.Collect$$libinit$$0000002E)
    __rt_lib_init_fp_1                       0x08000209   Thumb Code     0  libinit2.o(.ARM.Collect$$libinit$$00000002)
    __rt_lib_init_fp_trap_1                  0x08000209   Thumb Code     0  libinit2.o(.ARM.Collect$$libinit$$0000001D)
    __rt_lib_init_getenv_1                   0x08000209   Thumb Code     0  libinit2.o(.ARM.Collect$$libinit$$00000021)
    __rt_lib_init_heap_1                     0x08000209   Thumb Code     0  libinit2.o(.ARM.Collect$$libinit$$00000008)
    __rt_lib_init_lc_collate_1               0x08000209   Thumb Code     0  libinit2.o(.ARM.Collect$$libinit$$0000000F)
    __rt_lib_init_lc_ctype_1                 0x08000209   Thumb Code     0  libinit2.o(.ARM.Collect$$libinit$$00000011)
    __rt_lib_init_lc_monetary_1              0x08000209   Thumb Code     0  libinit2.o(.ARM.Collect$$libinit$$00000013)
    __rt_lib_init_lc_numeric_1               0x08000209   Thumb Code     0  libinit2.o(.ARM.Collect$$libinit$$00000015)
    __rt_lib_init_lc_time_1                  0x08000209   Thumb Code     0  libinit2.o(.ARM.Collect$$libinit$$00000017)
    __rt_lib_init_rand_1                     0x08000209   Thumb Code     0  libinit2.o(.ARM.Collect$$libinit$$0000000C)
    __rt_lib_init_return                     0x08000209   Thumb Code     0  libinit2.o(.ARM.Collect$$libinit$$00000031)
    __rt_lib_init_signal_1                   0x08000209   Thumb Code     0  libinit2.o(.ARM.Collect$$libinit$$0000001B)
    __rt_lib_init_stdio_1                    0x08000209   Thumb Code     0  libinit2.o(.ARM.Collect$$libinit$$00000023)
    __rt_lib_init_user_alloc_1               0x08000209   Thumb Code     0  libinit2.o(.ARM.Collect$$libinit$$0000000A)
    __rt_lib_shutdown                        0x0800020b   Thumb Code     0  libshutdown.o(.ARM.Collect$$libshutdown$$00000000)
    __rt_lib_shutdown_fp_trap_1              0x0800020d   Thumb Code     0  libshutdown2.o(.ARM.Collect$$libshutdown$$00000006)
    __rt_lib_shutdown_heap_1                 0x0800020d   Thumb Code     0  libshutdown2.o(.ARM.Collect$$libshutdown$$0000000E)
    __rt_lib_shutdown_return                 0x0800020d   Thumb Code     0  libshutdown2.o(.ARM.Collect$$libshutdown$$0000000F)
    __rt_lib_shutdown_signal_1               0x0800020d   Thumb Code     0  libshutdown2.o(.ARM.Collect$$libshutdown$$00000009)
    __rt_lib_shutdown_stdio_1                0x0800020d   Thumb Code     0  libshutdown2.o(.ARM.Collect$$libshutdown$$00000003)
    __rt_lib_shutdown_user_alloc_1           0x0800020d   Thumb Code     0  libshutdown2.o(.ARM.Collect$$libshutdown$$0000000B)
    __rt_entry                               0x0800020f   Thumb Code     0  rtentry.o(.ARM.Collect$$rtentry$$00000000)
    __rt_entry_presh_1                       0x0800020f   Thumb Code     0  rtentry2.o(.ARM.Collect$$rtentry$$00000002)
    __rt_entry_sh                            0x0800020f   Thumb Code     0  rtentry4.o(.ARM.Collect$$rtentry$$00000004)
    __rt_entry_li                            0x08000215   Thumb Code     0  rtentry2.o(.ARM.Collect$$rtentry$$0000000A)
    __rt_entry_postsh_1                      0x08000215   Thumb Code     0  rtentry2.o(.ARM.Collect$$rtentry$$00000009)
    __rt_entry_main                          0x08000219   Thumb Code     0  rtentry2.o(.ARM.Collect$$rtentry$$0000000D)
    __rt_entry_postli_1                      0x08000219   Thumb Code     0  rtentry2.o(.ARM.Collect$$rtentry$$0000000C)
    __rt_exit                                0x08000221   Thumb Code     0  rtexit.o(.ARM.Collect$$rtexit$$00000000)
    __rt_exit_ls                             0x08000223   Thumb Code     0  rtexit2.o(.ARM.Collect$$rtexit$$00000003)
    __rt_exit_prels_1                        0x08000223   Thumb Code     0  rtexit2.o(.ARM.Collect$$rtexit$$00000002)
    __rt_exit_exit                           0x08000227   Thumb Code     0  rtexit2.o(.ARM.Collect$$rtexit$$00000004)
    main                                     0x0800022d   Thumb Code   432  main.o(.text)
    NMI_Handler                              0x08000429   Thumb Code     2  stm32f10x_it.o(.text)
    HardFault_Handler                        0x0800042b   Thumb Code     4  stm32f10x_it.o(.text)
    MemManage_Handler                        0x0800042f   Thumb Code     4  stm32f10x_it.o(.text)
    BusFault_Handler                         0x08000433   Thumb Code     4  stm32f10x_it.o(.text)
    UsageFault_Handler                       0x08000437   Thumb Code     4  stm32f10x_it.o(.text)
    SVC_Handler                              0x0800043b   Thumb Code     2  stm32f10x_it.o(.text)
    DebugMon_Handler                         0x0800043d   Thumb Code     2  stm32f10x_it.o(.text)
    PendSV_Handler                           0x0800043f   Thumb Code     2  stm32f10x_it.o(.text)
    SysTick_Handler                          0x08000441   Thumb Code     2  stm32f10x_it.o(.text)
    SystemInit                               0x08000521   Thumb Code    78  system_stm32f10x.o(.text)
    SystemCoreClockUpdate                    0x0800056f   Thumb Code   142  system_stm32f10x.o(.text)
    LED_Init                                 0x08000621   Thumb Code    68  led.o(.text)
    KEY_Init                                 0x0800066d   Thumb Code    52  key.o(.text)
    KEY_Scan                                 0x080006a1   Thumb Code   188  key.o(.text)
    Adc_Init                                 0x08000769   Thumb Code   132  adc.o(.text)
    Get_Adc                                  0x080007ed   Thumb Code    46  adc.o(.text)
    Get_Adc_Average                          0x0800081b   Thumb Code    46  adc.o(.text)
    Dac1_Init                                0x08000851   Thumb Code    94  dac.o(.text)
    Dac1_Set_Vol                             0x080008af   Thumb Code    80  dac.o(.text)
    Dac1_sine                                0x080008ff   Thumb Code   104  dac.o(.text)
    BEEP_Init                                0x0800097d   Thumb Code    50  beep.o(.text)
    delay_init                               0x080009b5   Thumb Code    50  delay.o(.text)
    delay_us                                 0x080009e7   Thumb Code    70  delay.o(.text)
    delay_ms                                 0x08000a2d   Thumb Code    70  delay.o(.text)
    NVIC_Configuration                       0x08000a85   Thumb Code    12  sys.o(.text)
    _sys_exit                                0x08000a91   Thumb Code     6  usart.o(.text)
    fputc                                    0x08000a97   Thumb Code    22  usart.o(.text)
    uart_init                                0x08000aad   Thumb Code   158  usart.o(.text)
    USART1_IRQHandler                        0x08000b4b   Thumb Code   122  usart.o(.text)
    Reset_Handler                            0x08000bd5   Thumb Code     8  startup_stm32f10x_hd.o(.text)
    ADC1_2_IRQHandler                        0x08000bef   Thumb Code     0  startup_stm32f10x_hd.o(.text)
    ADC3_IRQHandler                          0x08000bef   Thumb Code     0  startup_stm32f10x_hd.o(.text)
    CAN1_RX1_IRQHandler                      0x08000bef   Thumb Code     0  startup_stm32f10x_hd.o(.text)
    CAN1_SCE_IRQHandler                      0x08000bef   Thumb Code     0  startup_stm32f10x_hd.o(.text)
    DMA1_Channel1_IRQHandler                 0x08000bef   Thumb Code     0  startup_stm32f10x_hd.o(.text)
    DMA1_Channel2_IRQHandler                 0x08000bef   Thumb Code     0  startup_stm32f10x_hd.o(.text)
    DMA1_Channel3_IRQHandler                 0x08000bef   Thumb Code     0  startup_stm32f10x_hd.o(.text)
    DMA1_Channel4_IRQHandler                 0x08000bef   Thumb Code     0  startup_stm32f10x_hd.o(.text)
    DMA1_Channel5_IRQHandler                 0x08000bef   Thumb Code     0  startup_stm32f10x_hd.o(.text)
    DMA1_Channel6_IRQHandler                 0x08000bef   Thumb Code     0  startup_stm32f10x_hd.o(.text)
    DMA1_Channel7_IRQHandler                 0x08000bef   Thumb Code     0  startup_stm32f10x_hd.o(.text)
    DMA2_Channel1_IRQHandler                 0x08000bef   Thumb Code     0  startup_stm32f10x_hd.o(.text)
    DMA2_Channel2_IRQHandler                 0x08000bef   Thumb Code     0  startup_stm32f10x_hd.o(.text)
    DMA2_Channel3_IRQHandler                 0x08000bef   Thumb Code     0  startup_stm32f10x_hd.o(.text)
    DMA2_Channel4_5_IRQHandler               0x08000bef   Thumb Code     0  startup_stm32f10x_hd.o(.text)
    EXTI0_IRQHandler                         0x08000bef   Thumb Code     0  startup_stm32f10x_hd.o(.text)
    EXTI15_10_IRQHandler                     0x08000bef   Thumb Code     0  startup_stm32f10x_hd.o(.text)
    EXTI1_IRQHandler                         0x08000bef   Thumb Code     0  startup_stm32f10x_hd.o(.text)
    EXTI2_IRQHandler                         0x08000bef   Thumb Code     0  startup_stm32f10x_hd.o(.text)
    EXTI3_IRQHandler                         0x08000bef   Thumb Code     0  startup_stm32f10x_hd.o(.text)
    EXTI4_IRQHandler                         0x08000bef   Thumb Code     0  startup_stm32f10x_hd.o(.text)
    EXTI9_5_IRQHandler                       0x08000bef   Thumb Code     0  startup_stm32f10x_hd.o(.text)
    FLASH_IRQHandler                         0x08000bef   Thumb Code     0  startup_stm32f10x_hd.o(.text)
    FSMC_IRQHandler                          0x08000bef   Thumb Code     0  startup_stm32f10x_hd.o(.text)
    I2C1_ER_IRQHandler                       0x08000bef   Thumb Code     0  startup_stm32f10x_hd.o(.text)
    I2C1_EV_IRQHandler                       0x08000bef   Thumb Code     0  startup_stm32f10x_hd.o(.text)
    I2C2_ER_IRQHandler                       0x08000bef   Thumb Code     0  startup_stm32f10x_hd.o(.text)
    I2C2_EV_IRQHandler                       0x08000bef   Thumb Code     0  startup_stm32f10x_hd.o(.text)
    PVD_IRQHandler                           0x08000bef   Thumb Code     0  startup_stm32f10x_hd.o(.text)
    RCC_IRQHandler                           0x08000bef   Thumb Code     0  startup_stm32f10x_hd.o(.text)
    RTCAlarm_IRQHandler                      0x08000bef   Thumb Code     0  startup_stm32f10x_hd.o(.text)
    RTC_IRQHandler                           0x08000bef   Thumb Code     0  startup_stm32f10x_hd.o(.text)
    SDIO_IRQHandler                          0x08000bef   Thumb Code     0  startup_stm32f10x_hd.o(.text)
    SPI1_IRQHandler                          0x08000bef   Thumb Code     0  startup_stm32f10x_hd.o(.text)
    SPI2_IRQHandler                          0x08000bef   Thumb Code     0  startup_stm32f10x_hd.o(.text)
    SPI3_IRQHandler                          0x08000bef   Thumb Code     0  startup_stm32f10x_hd.o(.text)
    TAMPER_IRQHandler                        0x08000bef   Thumb Code     0  startup_stm32f10x_hd.o(.text)
    TIM1_BRK_IRQHandler                      0x08000bef   Thumb Code     0  startup_stm32f10x_hd.o(.text)
    TIM1_CC_IRQHandler                       0x08000bef   Thumb Code     0  startup_stm32f10x_hd.o(.text)
    TIM1_TRG_COM_IRQHandler                  0x08000bef   Thumb Code     0  startup_stm32f10x_hd.o(.text)
    TIM1_UP_IRQHandler                       0x08000bef   Thumb Code     0  startup_stm32f10x_hd.o(.text)
    TIM3_IRQHandler                          0x08000bef   Thumb Code     0  startup_stm32f10x_hd.o(.text)
    TIM4_IRQHandler                          0x08000bef   Thumb Code     0  startup_stm32f10x_hd.o(.text)
    TIM5_IRQHandler                          0x08000bef   Thumb Code     0  startup_stm32f10x_hd.o(.text)
    TIM6_IRQHandler                          0x08000bef   Thumb Code     0  startup_stm32f10x_hd.o(.text)
    TIM7_IRQHandler                          0x08000bef   Thumb Code     0  startup_stm32f10x_hd.o(.text)
    TIM8_BRK_IRQHandler                      0x08000bef   Thumb Code     0  startup_stm32f10x_hd.o(.text)
    TIM8_CC_IRQHandler                       0x08000bef   Thumb Code     0  startup_stm32f10x_hd.o(.text)
    TIM8_TRG_COM_IRQHandler                  0x08000bef   Thumb Code     0  startup_stm32f10x_hd.o(.text)
    TIM8_UP_IRQHandler                       0x08000bef   Thumb Code     0  startup_stm32f10x_hd.o(.text)
    UART4_IRQHandler                         0x08000bef   Thumb Code     0  startup_stm32f10x_hd.o(.text)
    UART5_IRQHandler                         0x08000bef   Thumb Code     0  startup_stm32f10x_hd.o(.text)
    USART2_IRQHandler                        0x08000bef   Thumb Code     0  startup_stm32f10x_hd.o(.text)
    USART3_IRQHandler                        0x08000bef   Thumb Code     0  startup_stm32f10x_hd.o(.text)
    USBWakeUp_IRQHandler                     0x08000bef   Thumb Code     0  startup_stm32f10x_hd.o(.text)
    USB_HP_CAN1_TX_IRQHandler                0x08000bef   Thumb Code     0  startup_stm32f10x_hd.o(.text)
    USB_LP_CAN1_RX0_IRQHandler               0x08000bef   Thumb Code     0  startup_stm32f10x_hd.o(.text)
    WWDG_IRQHandler                          0x08000bef   Thumb Code     0  startup_stm32f10x_hd.o(.text)
    __user_initial_stackheap                 0x08000bf1   Thumb Code     0  startup_stm32f10x_hd.o(.text)
    NVIC_PriorityGroupConfig                 0x08000c15   Thumb Code    10  misc.o(.text)
    NVIC_Init                                0x08000c1f   Thumb Code   102  misc.o(.text)
    NVIC_SetVectorTable                      0x08000c85   Thumb Code    14  misc.o(.text)
    NVIC_SystemLPConfig                      0x08000c93   Thumb Code    34  misc.o(.text)
    SysTick_CLKSourceConfig                  0x08000cb5   Thumb Code    40  misc.o(.text)
    ADC_DeInit                               0x08000cf1   Thumb Code    78  stm32f10x_adc.o(.text)
    ADC_Init                                 0x08000d3f   Thumb Code    70  stm32f10x_adc.o(.text)
    ADC_StructInit                           0x08000d85   Thumb Code    18  stm32f10x_adc.o(.text)
    ADC_Cmd                                  0x08000d97   Thumb Code    22  stm32f10x_adc.o(.text)
    ADC_DMACmd                               0x08000dad   Thumb Code    22  stm32f10x_adc.o(.text)
    ADC_ITConfig                             0x08000dc3   Thumb Code    24  stm32f10x_adc.o(.text)
    ADC_ResetCalibration                     0x08000ddb   Thumb Code    10  stm32f10x_adc.o(.text)
    ADC_GetResetCalibrationStatus            0x08000de5   Thumb Code    20  stm32f10x_adc.o(.text)
    ADC_StartCalibration                     0x08000df9   Thumb Code    10  stm32f10x_adc.o(.text)
    ADC_GetCalibrationStatus                 0x08000e03   Thumb Code    20  stm32f10x_adc.o(.text)
    ADC_SoftwareStartConvCmd                 0x08000e17   Thumb Code    22  stm32f10x_adc.o(.text)
    ADC_GetSoftwareStartConvStatus           0x08000e2d   Thumb Code    20  stm32f10x_adc.o(.text)
    ADC_DiscModeChannelCountConfig           0x08000e41   Thumb Code    24  stm32f10x_adc.o(.text)
    ADC_DiscModeCmd                          0x08000e59   Thumb Code    22  stm32f10x_adc.o(.text)
    ADC_RegularChannelConfig                 0x08000e6f   Thumb Code   184  stm32f10x_adc.o(.text)
    ADC_ExternalTrigConvCmd                  0x08000f27   Thumb Code    22  stm32f10x_adc.o(.text)
    ADC_GetConversionValue                   0x08000f3d   Thumb Code     8  stm32f10x_adc.o(.text)
    ADC_GetDualModeConversionValue           0x08000f45   Thumb Code     8  stm32f10x_adc.o(.text)
    ADC_AutoInjectedConvCmd                  0x08000f4d   Thumb Code    22  stm32f10x_adc.o(.text)
    ADC_InjectedDiscModeCmd                  0x08000f63   Thumb Code    22  stm32f10x_adc.o(.text)
    ADC_ExternalTrigInjectedConvConfig       0x08000f79   Thumb Code    16  stm32f10x_adc.o(.text)
    ADC_ExternalTrigInjectedConvCmd          0x08000f89   Thumb Code    22  stm32f10x_adc.o(.text)
    ADC_SoftwareStartInjectedConvCmd         0x08000f9f   Thumb Code    22  stm32f10x_adc.o(.text)
    ADC_GetSoftwareStartInjectedConvCmdStatus 0x08000fb5   Thumb Code    20  stm32f10x_adc.o(.text)
    ADC_InjectedChannelConfig                0x08000fc9   Thumb Code   130  stm32f10x_adc.o(.text)
    ADC_InjectedSequencerLengthConfig        0x0800104b   Thumb Code    24  stm32f10x_adc.o(.text)
    ADC_SetInjectedOffset                    0x08001063   Thumb Code    20  stm32f10x_adc.o(.text)
    ADC_GetInjectedConversionValue           0x08001077   Thumb Code    28  stm32f10x_adc.o(.text)
    ADC_AnalogWatchdogCmd                    0x08001093   Thumb Code    16  stm32f10x_adc.o(.text)
    ADC_AnalogWatchdogThresholdsConfig       0x080010a3   Thumb Code     6  stm32f10x_adc.o(.text)
    ADC_AnalogWatchdogSingleChannelConfig    0x080010a9   Thumb Code    16  stm32f10x_adc.o(.text)
    ADC_TempSensorVrefintCmd                 0x080010b9   Thumb Code    64  stm32f10x_adc.o(.text)
    ADC_GetFlagStatus                        0x080010f9   Thumb Code    18  stm32f10x_adc.o(.text)
    ADC_ClearFlag                            0x0800110b   Thumb Code     6  stm32f10x_adc.o(.text)
    ADC_GetITStatus                          0x08001111   Thumb Code    36  stm32f10x_adc.o(.text)
    ADC_ClearITPendingBit                    0x08001135   Thumb Code    10  stm32f10x_adc.o(.text)
    GPIO_DeInit                              0x08001141   Thumb Code   172  stm32f10x_gpio.o(.text)
    GPIO_AFIODeInit                          0x080011ed   Thumb Code    20  stm32f10x_gpio.o(.text)
    GPIO_Init                                0x08001201   Thumb Code   274  stm32f10x_gpio.o(.text)
    GPIO_StructInit                          0x08001313   Thumb Code    16  stm32f10x_gpio.o(.text)
    GPIO_ReadInputDataBit                    0x08001323   Thumb Code    18  stm32f10x_gpio.o(.text)
    GPIO_ReadInputData                       0x08001335   Thumb Code     8  stm32f10x_gpio.o(.text)
    GPIO_ReadOutputDataBit                   0x0800133d   Thumb Code    18  stm32f10x_gpio.o(.text)
    GPIO_ReadOutputData                      0x0800134f   Thumb Code     8  stm32f10x_gpio.o(.text)
    GPIO_SetBits                             0x08001357   Thumb Code     4  stm32f10x_gpio.o(.text)
    GPIO_ResetBits                           0x0800135b   Thumb Code     4  stm32f10x_gpio.o(.text)
    GPIO_WriteBit                            0x0800135f   Thumb Code    10  stm32f10x_gpio.o(.text)
    GPIO_Write                               0x08001369   Thumb Code     4  stm32f10x_gpio.o(.text)
    GPIO_PinLockConfig                       0x0800136d   Thumb Code    18  stm32f10x_gpio.o(.text)
    GPIO_EventOutputConfig                   0x0800137f   Thumb Code    26  stm32f10x_gpio.o(.text)
    GPIO_EventOutputCmd                      0x08001399   Thumb Code     6  stm32f10x_gpio.o(.text)
    GPIO_PinRemapConfig                      0x0800139f   Thumb Code   138  stm32f10x_gpio.o(.text)
    GPIO_EXTILineConfig                      0x08001429   Thumb Code    66  stm32f10x_gpio.o(.text)
    GPIO_ETH_MediaInterfaceConfig            0x0800146b   Thumb Code     6  stm32f10x_gpio.o(.text)
    USART_DeInit                             0x08001499   Thumb Code   134  stm32f10x_usart.o(.text)
    USART_Init                               0x0800151f   Thumb Code   210  stm32f10x_usart.o(.text)
    USART_StructInit                         0x080015f1   Thumb Code    24  stm32f10x_usart.o(.text)
    USART_ClockInit                          0x08001609   Thumb Code    34  stm32f10x_usart.o(.text)
    USART_ClockStructInit                    0x0800162b   Thumb Code    12  stm32f10x_usart.o(.text)
    USART_Cmd                                0x08001637   Thumb Code    24  stm32f10x_usart.o(.text)
    USART_ITConfig                           0x0800164f   Thumb Code    74  stm32f10x_usart.o(.text)
    USART_DMACmd                             0x08001699   Thumb Code    18  stm32f10x_usart.o(.text)
    USART_SetAddress                         0x080016ab   Thumb Code    18  stm32f10x_usart.o(.text)
    USART_WakeUpConfig                       0x080016bd   Thumb Code    18  stm32f10x_usart.o(.text)
    USART_ReceiverWakeUpCmd                  0x080016cf   Thumb Code    24  stm32f10x_usart.o(.text)
    USART_LINBreakDetectLengthConfig         0x080016e7   Thumb Code    18  stm32f10x_usart.o(.text)
    USART_LINCmd                             0x080016f9   Thumb Code    24  stm32f10x_usart.o(.text)
    USART_SendData                           0x08001711   Thumb Code     8  stm32f10x_usart.o(.text)
    USART_ReceiveData                        0x08001719   Thumb Code    10  stm32f10x_usart.o(.text)
    USART_SendBreak                          0x08001723   Thumb Code    10  stm32f10x_usart.o(.text)
    USART_SetGuardTime                       0x0800172d   Thumb Code    16  stm32f10x_usart.o(.text)
    USART_SetPrescaler                       0x0800173d   Thumb Code    16  stm32f10x_usart.o(.text)
    USART_SmartCardCmd                       0x0800174d   Thumb Code    24  stm32f10x_usart.o(.text)
    USART_SmartCardNACKCmd                   0x08001765   Thumb Code    24  stm32f10x_usart.o(.text)
    USART_HalfDuplexCmd                      0x0800177d   Thumb Code    24  stm32f10x_usart.o(.text)
    USART_OverSampling8Cmd                   0x08001795   Thumb Code    22  stm32f10x_usart.o(.text)
    USART_OneBitMethodCmd                    0x080017ab   Thumb Code    24  stm32f10x_usart.o(.text)
    USART_IrDAConfig                         0x080017c3   Thumb Code    18  stm32f10x_usart.o(.text)
    USART_IrDACmd                            0x080017d5   Thumb Code    24  stm32f10x_usart.o(.text)
    USART_GetFlagStatus                      0x080017ed   Thumb Code    26  stm32f10x_usart.o(.text)
    USART_ClearFlag                          0x08001807   Thumb Code    18  stm32f10x_usart.o(.text)
    USART_GetITStatus                        0x08001819   Thumb Code    84  stm32f10x_usart.o(.text)
    USART_ClearITPendingBit                  0x0800186d   Thumb Code    52  stm32f10x_usart.o(.text)
    DAC_DeInit                               0x080018a1   Thumb Code    22  stm32f10x_dac.o(.text)
    DAC_Init                                 0x080018b7   Thumb Code    46  stm32f10x_dac.o(.text)
    DAC_StructInit                           0x080018e5   Thumb Code    12  stm32f10x_dac.o(.text)
    DAC_Cmd                                  0x080018f1   Thumb Code    34  stm32f10x_dac.o(.text)
    DAC_DMACmd                               0x08001913   Thumb Code    38  stm32f10x_dac.o(.text)
    DAC_SoftwareTriggerCmd                   0x08001939   Thumb Code    48  stm32f10x_dac.o(.text)
    DAC_DualSoftwareTriggerCmd               0x08001969   Thumb Code    38  stm32f10x_dac.o(.text)
    DAC_WaveGenerationCmd                    0x0800198f   Thumb Code    36  stm32f10x_dac.o(.text)
    DAC_SetChannel1Data                      0x080019b3   Thumb Code    26  stm32f10x_dac.o(.text)
    DAC_SetChannel2Data                      0x080019cd   Thumb Code    26  stm32f10x_dac.o(.text)
    DAC_SetDualChannelData                   0x080019e7   Thumb Code    32  stm32f10x_dac.o(.text)
    DAC_GetDataOutputValue                   0x08001a07   Thumb Code    32  stm32f10x_dac.o(.text)
    RCC_DeInit                               0x08001a2d   Thumb Code    64  stm32f10x_rcc.o(.text)
    RCC_HSEConfig                            0x08001a6d   Thumb Code    70  stm32f10x_rcc.o(.text)
    RCC_GetFlagStatus                        0x08001ab3   Thumb Code    56  stm32f10x_rcc.o(.text)
    RCC_WaitForHSEStartUp                    0x08001aeb   Thumb Code    56  stm32f10x_rcc.o(.text)
    RCC_AdjustHSICalibrationValue            0x08001b23   Thumb Code    20  stm32f10x_rcc.o(.text)
    RCC_HSICmd                               0x08001b37   Thumb Code     6  stm32f10x_rcc.o(.text)
    RCC_PLLConfig                            0x08001b3d   Thumb Code    24  stm32f10x_rcc.o(.text)
    RCC_PLLCmd                               0x08001b55   Thumb Code     6  stm32f10x_rcc.o(.text)
    RCC_SYSCLKConfig                         0x08001b5b   Thumb Code    18  stm32f10x_rcc.o(.text)
    RCC_GetSYSCLKSource                      0x08001b6d   Thumb Code    10  stm32f10x_rcc.o(.text)
    RCC_HCLKConfig                           0x08001b77   Thumb Code    18  stm32f10x_rcc.o(.text)
    RCC_PCLK1Config                          0x08001b89   Thumb Code    18  stm32f10x_rcc.o(.text)
    RCC_PCLK2Config                          0x08001b9b   Thumb Code    20  stm32f10x_rcc.o(.text)
    RCC_ITConfig                             0x08001baf   Thumb Code    26  stm32f10x_rcc.o(.text)
    RCC_USBCLKConfig                         0x08001bc9   Thumb Code     6  stm32f10x_rcc.o(.text)
    RCC_ADCCLKConfig                         0x08001bcf   Thumb Code    18  stm32f10x_rcc.o(.text)
    RCC_LSEConfig                            0x08001be1   Thumb Code    44  stm32f10x_rcc.o(.text)
    RCC_LSICmd                               0x08001c0d   Thumb Code     6  stm32f10x_rcc.o(.text)
    RCC_RTCCLKConfig                         0x08001c13   Thumb Code    12  stm32f10x_rcc.o(.text)
    RCC_RTCCLKCmd                            0x08001c1f   Thumb Code     8  stm32f10x_rcc.o(.text)
    RCC_GetClocksFreq                        0x08001c27   Thumb Code   192  stm32f10x_rcc.o(.text)
    RCC_AHBPeriphClockCmd                    0x08001ce7   Thumb Code    26  stm32f10x_rcc.o(.text)
    RCC_APB2PeriphClockCmd                   0x08001d01   Thumb Code    26  stm32f10x_rcc.o(.text)
    RCC_APB1PeriphClockCmd                   0x08001d1b   Thumb Code    26  stm32f10x_rcc.o(.text)
    RCC_APB2PeriphResetCmd                   0x08001d35   Thumb Code    26  stm32f10x_rcc.o(.text)
    RCC_APB1PeriphResetCmd                   0x08001d4f   Thumb Code    26  stm32f10x_rcc.o(.text)
    RCC_BackupResetCmd                       0x08001d69   Thumb Code     8  stm32f10x_rcc.o(.text)
    RCC_ClockSecuritySystemCmd               0x08001d71   Thumb Code     6  stm32f10x_rcc.o(.text)
    RCC_MCOConfig                            0x08001d77   Thumb Code     6  stm32f10x_rcc.o(.text)
    RCC_ClearFlag                            0x08001d7d   Thumb Code    14  stm32f10x_rcc.o(.text)
    RCC_GetITStatus                          0x08001d8b   Thumb Code    20  stm32f10x_rcc.o(.text)
    RCC_ClearITPendingBit                    0x08001d9f   Thumb Code     6  stm32f10x_rcc.o(.text)
    TIM_DeInit                               0x08001dd1   Thumb Code   424  stm32f10x_tim.o(.text)
    TIM_TimeBaseInit                         0x08001f79   Thumb Code   122  stm32f10x_tim.o(.text)
    TIM_OC1Init                              0x08001ff3   Thumb Code   132  stm32f10x_tim.o(.text)
    TIM_OC2Init                              0x08002077   Thumb Code   154  stm32f10x_tim.o(.text)
    TIM_OC3Init                              0x08002111   Thumb Code   150  stm32f10x_tim.o(.text)
    TIM_OC4Init                              0x080021a7   Thumb Code   182  stm32f10x_tim.o(.text)
    TIM_SetIC4Prescaler                      0x0800225d   Thumb Code    26  stm32f10x_tim.o(.text)
    TIM_SetIC3Prescaler                      0x080022f9   Thumb Code    18  stm32f10x_tim.o(.text)
    TIM_SetIC2Prescaler                      0x08002385   Thumb Code    26  stm32f10x_tim.o(.text)
    TIM_SetIC1Prescaler                      0x08002421   Thumb Code    18  stm32f10x_tim.o(.text)
    TIM_ICInit                               0x0800249f   Thumb Code   150  stm32f10x_tim.o(.text)
    TIM_PWMIConfig                           0x08002535   Thumb Code   124  stm32f10x_tim.o(.text)
    TIM_BDTRConfig                           0x080025b1   Thumb Code    32  stm32f10x_tim.o(.text)
    TIM_TimeBaseStructInit                   0x080025d1   Thumb Code    18  stm32f10x_tim.o(.text)
    TIM_OCStructInit                         0x080025e3   Thumb Code    20  stm32f10x_tim.o(.text)
    TIM_ICStructInit                         0x080025f7   Thumb Code    18  stm32f10x_tim.o(.text)
    TIM_BDTRStructInit                       0x08002609   Thumb Code    40  stm32f10x_tim.o(.text)
    TIM_Cmd                                  0x08002631   Thumb Code    24  stm32f10x_tim.o(.text)
    TIM_CtrlPWMOutputs                       0x08002649   Thumb Code    30  stm32f10x_tim.o(.text)
    TIM_ITConfig                             0x08002667   Thumb Code    18  stm32f10x_tim.o(.text)
    TIM_GenerateEvent                        0x08002679   Thumb Code     4  stm32f10x_tim.o(.text)
    TIM_DMAConfig                            0x0800267d   Thumb Code    10  stm32f10x_tim.o(.text)
    TIM_DMACmd                               0x08002687   Thumb Code    18  stm32f10x_tim.o(.text)
    TIM_InternalClockConfig                  0x08002699   Thumb Code    12  stm32f10x_tim.o(.text)
    TIM_SelectInputTrigger                   0x080026a5   Thumb Code    18  stm32f10x_tim.o(.text)
    TIM_ITRxExternalClockConfig              0x080026b7   Thumb Code    24  stm32f10x_tim.o(.text)
    TIM_TIxExternalClockConfig               0x080026cf   Thumb Code    62  stm32f10x_tim.o(.text)
    TIM_ETRConfig                            0x0800270d   Thumb Code    28  stm32f10x_tim.o(.text)
    TIM_ETRClockMode1Config                  0x08002729   Thumb Code    54  stm32f10x_tim.o(.text)
    TIM_ETRClockMode2Config                  0x0800275f   Thumb Code    32  stm32f10x_tim.o(.text)
    TIM_PrescalerConfig                      0x0800277f   Thumb Code     6  stm32f10x_tim.o(.text)
    TIM_CounterModeConfig                    0x08002785   Thumb Code    18  stm32f10x_tim.o(.text)
    TIM_EncoderInterfaceConfig               0x08002797   Thumb Code    66  stm32f10x_tim.o(.text)
    TIM_ForcedOC1Config                      0x080027d9   Thumb Code    18  stm32f10x_tim.o(.text)
    TIM_ForcedOC2Config                      0x080027eb   Thumb Code    26  stm32f10x_tim.o(.text)
    TIM_ForcedOC3Config                      0x08002805   Thumb Code    18  stm32f10x_tim.o(.text)
    TIM_ForcedOC4Config                      0x08002817   Thumb Code    26  stm32f10x_tim.o(.text)
    TIM_ARRPreloadConfig                     0x08002831   Thumb Code    24  stm32f10x_tim.o(.text)
    TIM_SelectCOM                            0x08002849   Thumb Code    24  stm32f10x_tim.o(.text)
    TIM_SelectCCDMA                          0x08002861   Thumb Code    24  stm32f10x_tim.o(.text)
    TIM_CCPreloadControl                     0x08002879   Thumb Code    24  stm32f10x_tim.o(.text)
    TIM_OC1PreloadConfig                     0x08002891   Thumb Code    18  stm32f10x_tim.o(.text)
    TIM_OC2PreloadConfig                     0x080028a3   Thumb Code    26  stm32f10x_tim.o(.text)
    TIM_OC3PreloadConfig                     0x080028bd   Thumb Code    18  stm32f10x_tim.o(.text)
    TIM_OC4PreloadConfig                     0x080028cf   Thumb Code    26  stm32f10x_tim.o(.text)
    TIM_OC1FastConfig                        0x080028e9   Thumb Code    18  stm32f10x_tim.o(.text)
    TIM_OC2FastConfig                        0x080028fb   Thumb Code    26  stm32f10x_tim.o(.text)
    TIM_OC3FastConfig                        0x08002915   Thumb Code    18  stm32f10x_tim.o(.text)
    TIM_OC4FastConfig                        0x08002927   Thumb Code    26  stm32f10x_tim.o(.text)
    TIM_ClearOC1Ref                          0x08002941   Thumb Code    18  stm32f10x_tim.o(.text)
    TIM_ClearOC2Ref                          0x08002953   Thumb Code    24  stm32f10x_tim.o(.text)
    TIM_ClearOC3Ref                          0x0800296b   Thumb Code    18  stm32f10x_tim.o(.text)
    TIM_ClearOC4Ref                          0x0800297d   Thumb Code    24  stm32f10x_tim.o(.text)
    TIM_OC1PolarityConfig                    0x08002995   Thumb Code    18  stm32f10x_tim.o(.text)
    TIM_OC1NPolarityConfig                   0x080029a7   Thumb Code    18  stm32f10x_tim.o(.text)
    TIM_OC2PolarityConfig                    0x080029b9   Thumb Code    26  stm32f10x_tim.o(.text)
    TIM_OC2NPolarityConfig                   0x080029d3   Thumb Code    26  stm32f10x_tim.o(.text)
    TIM_OC3PolarityConfig                    0x080029ed   Thumb Code    26  stm32f10x_tim.o(.text)
    TIM_OC3NPolarityConfig                   0x08002a07   Thumb Code    26  stm32f10x_tim.o(.text)
    TIM_OC4PolarityConfig                    0x08002a21   Thumb Code    26  stm32f10x_tim.o(.text)
    TIM_CCxCmd                               0x08002a3b   Thumb Code    30  stm32f10x_tim.o(.text)
    TIM_CCxNCmd                              0x08002a59   Thumb Code    30  stm32f10x_tim.o(.text)
    TIM_SelectOCxM                           0x08002a77   Thumb Code    82  stm32f10x_tim.o(.text)
    TIM_UpdateDisableConfig                  0x08002ac9   Thumb Code    24  stm32f10x_tim.o(.text)
    TIM_UpdateRequestConfig                  0x08002ae1   Thumb Code    24  stm32f10x_tim.o(.text)
    TIM_SelectHallSensor                     0x08002af9   Thumb Code    24  stm32f10x_tim.o(.text)
    TIM_SelectOnePulseMode                   0x08002b11   Thumb Code    18  stm32f10x_tim.o(.text)
    TIM_SelectOutputTrigger                  0x08002b23   Thumb Code    18  stm32f10x_tim.o(.text)
    TIM_SelectSlaveMode                      0x08002b35   Thumb Code    18  stm32f10x_tim.o(.text)
    TIM_SelectMasterSlaveMode                0x08002b47   Thumb Code    18  stm32f10x_tim.o(.text)
    TIM_SetCounter                           0x08002b59   Thumb Code     4  stm32f10x_tim.o(.text)
    TIM_SetAutoreload                        0x08002b5d   Thumb Code     4  stm32f10x_tim.o(.text)
    TIM_SetCompare1                          0x08002b61   Thumb Code     4  stm32f10x_tim.o(.text)
    TIM_SetCompare2                          0x08002b65   Thumb Code     4  stm32f10x_tim.o(.text)
    TIM_SetCompare3                          0x08002b69   Thumb Code     4  stm32f10x_tim.o(.text)
    TIM_SetCompare4                          0x08002b6d   Thumb Code     6  stm32f10x_tim.o(.text)
    TIM_SetClockDivision                     0x08002b73   Thumb Code    18  stm32f10x_tim.o(.text)
    TIM_GetCapture1                          0x08002b85   Thumb Code     6  stm32f10x_tim.o(.text)
    TIM_GetCapture2                          0x08002b8b   Thumb Code     6  stm32f10x_tim.o(.text)
    TIM_GetCapture3                          0x08002b91   Thumb Code     6  stm32f10x_tim.o(.text)
    TIM_GetCapture4                          0x08002b97   Thumb Code     8  stm32f10x_tim.o(.text)
    TIM_GetCounter                           0x08002b9f   Thumb Code     6  stm32f10x_tim.o(.text)
    TIM_GetPrescaler                         0x08002ba5   Thumb Code     6  stm32f10x_tim.o(.text)
    TIM_GetFlagStatus                        0x08002bab   Thumb Code    18  stm32f10x_tim.o(.text)
    TIM_ClearFlag                            0x08002bbd   Thumb Code     6  stm32f10x_tim.o(.text)
    TIM_GetITStatus                          0x08002bc3   Thumb Code    34  stm32f10x_tim.o(.text)
    TIM_ClearITPendingBit                    0x08002be5   Thumb Code     6  stm32f10x_tim.o(.text)
    usmart_sys_cmd_exe                       0x08002bed   Thumb Code  1554  usmart.o(.text)
    usmart_reset_runtime                     0x080031ff   Thumb Code    34  usmart.o(.text)
    usmart_get_runtime                       0x08003221   Thumb Code    58  usmart.o(.text)
    TIM2_IRQHandler                          0x0800325b   Thumb Code    52  usmart.o(.text)
    Timer2_Init                              0x0800328f   Thumb Code    90  usmart.o(.text)
    usmart_init                              0x080032e9   Thumb Code    36  usmart.o(.text)
    usmart_cmd_rec                           0x0800330d   Thumb Code   170  usmart.o(.text)
    usmart_exe                               0x080033b7   Thumb Code   864  usmart.o(.text)
    usmart_scan                              0x08003717   Thumb Code   118  usmart.o(.text)
    read_addr                                0x0800378d   Thumb Code     6  usmart.o(.text)
    write_addr                               0x08003793   Thumb Code     4  usmart.o(.text)
    usmart_strcmp                            0x08003821   Thumb Code    34  usmart_str.o(.text)
    usmart_strcopy                           0x08003843   Thumb Code    22  usmart_str.o(.text)
    usmart_strlen                            0x08003859   Thumb Code    24  usmart_str.o(.text)
    usmart_pow                               0x08003871   Thumb Code    22  usmart_str.o(.text)
    usmart_str2num                           0x08003887   Thumb Code   202  usmart_str.o(.text)
    usmart_get_cmdname                       0x08003951   Thumb Code    54  usmart_str.o(.text)
    usmart_search_nextc                      0x08003987   Thumb Code    22  usmart_str.o(.text)
    usmart_get_fname                         0x0800399d   Thumb Code   440  usmart_str.o(.text)
    usmart_get_aparm                         0x08003b55   Thumb Code   200  usmart_str.o(.text)
    usmart_get_parmpos                       0x08003c1d   Thumb Code    26  usmart_str.o(.text)
    usmart_get_fparam                        0x08003c37   Thumb Code   262  usmart_str.o(.text)
    __use_no_semihosting                     0x08003d49   Thumb Code     2  use_no_semi_2.o(.text)
    __2printf                                0x08003d4d   Thumb Code    20  noretval__2printf.o(.text)
    _printf_pre_padding                      0x08003d65   Thumb Code    46  _printf_pad.o(.text)
    _printf_post_padding                     0x08003d93   Thumb Code    36  _printf_pad.o(.text)
    _printf_str                              0x08003db7   Thumb Code    82  _printf_str.o(.text)
    _printf_int_dec                          0x08003e09   Thumb Code   102  _printf_dec.o(.text)
    _printf_int_hex                          0x08003e81   Thumb Code    88  _printf_hex_int.o(.text)
    _printf_longlong_hex                     0x08003e81   Thumb Code     0  _printf_hex_int.o(.text)
    __printf                                 0x08003edd   Thumb Code   390  __printf_flags_ss_wp.o(.text)
    __aeabi_memcpy4                          0x08004069   Thumb Code     0  rt_memcpy_w.o(.text)
    __aeabi_memcpy8                          0x08004069   Thumb Code     0  rt_memcpy_w.o(.text)
    __rt_memcpy_w                            0x08004069   Thumb Code   100  rt_memcpy_w.o(.text)
    _memcpy_lastbytes_aligned                0x080040b1   Thumb Code     0  rt_memcpy_w.o(.text)
    __aeabi_memset                           0x080040cd   Thumb Code    16  aeabi_memset.o(.text)
    __use_two_region_memory                  0x080040dd   Thumb Code     2  heapauxi.o(.text)
    __rt_heap_escrow$2region                 0x080040df   Thumb Code     2  heapauxi.o(.text)
    __rt_heap_expand$2region                 0x080040e1   Thumb Code     2  heapauxi.o(.text)
    __I$use$semihosting                      0x080040e3   Thumb Code     0  use_no_semi.o(.text)
    __use_no_semihosting_swi                 0x080040e3   Thumb Code     2  use_no_semi.o(.text)
    _printf_int_common                       0x080040e5   Thumb Code   184  _printf_intcommon.o(.text)
    _printf_cs_common                        0x0800419d   Thumb Code    20  _printf_char.o(.text)
    _printf_char                             0x080041b1   Thumb Code    16  _printf_char.o(.text)
    _printf_string                           0x080041c1   Thumb Code     8  _printf_char.o(.text)
    _printf_char_file                        0x080041c9   Thumb Code    32  _printf_char_file.o(.text)
    __aeabi_memclr                           0x080041ed   Thumb Code     0  rt_memclr.o(.text)
    __rt_memclr                              0x080041ed   Thumb Code    68  rt_memclr.o(.text)
    _memset                                  0x080041f1   Thumb Code     0  rt_memclr.o(.text)
    _printf_char_common                      0x0800423b   Thumb Code    32  _printf_char_common.o(.text)
    ferror                                   0x08004261   Thumb Code     8  ferror.o(.text)
    __aeabi_memclr4                          0x08004269   Thumb Code     0  rt_memclr_w.o(.text)
    __aeabi_memclr8                          0x08004269   Thumb Code     0  rt_memclr_w.o(.text)
    __rt_memclr_w                            0x08004269   Thumb Code    78  rt_memclr_w.o(.text)
    _memset_w                                0x0800426d   Thumb Code     0  rt_memclr_w.o(.text)
    __user_setup_stackheap                   0x080042b7   Thumb Code    74  sys_stackheap_outer.o(.text)
    exit                                     0x08004301   Thumb Code    12  exit.o(.text)
    __user_libspace                          0x0800430d   Thumb Code     8  libspace.o(.text)
    __user_perproc_libspace                  0x0800430d   Thumb Code     0  libspace.o(.text)
    __user_perthread_libspace                0x0800430d   Thumb Code     0  libspace.o(.text)
    _is_digit                                0x08004315   Thumb Code    14  __printf_wp.o(i._is_digit)
    __aeabi_d2f                              0x08004325   Thumb Code     0  d2f.o(x$fpl$d2f)
    _d2f                                     0x08004325   Thumb Code    98  d2f.o(x$fpl$d2f)
    __aeabi_ddiv                             0x08004389   Thumb Code     0  ddiv.o(x$fpl$ddiv)
    _ddiv                                    0x08004389   Thumb Code   552  ddiv.o(x$fpl$ddiv)
    __fpl_dnaninf                            0x08004639   Thumb Code   156  dnaninf.o(x$fpl$dnaninf)
    __fpl_dretinf                            0x080046d5   Thumb Code    12  dretinf.o(x$fpl$dretinf)
    __aeabi_f2d                              0x080046e1   Thumb Code     0  f2d.o(x$fpl$f2d)
    _f2d                                     0x080046e1   Thumb Code    86  f2d.o(x$fpl$f2d)
    __aeabi_fdiv                             0x08004739   Thumb Code     0  fdiv.o(x$fpl$fdiv)
    _fdiv                                    0x08004739   Thumb Code   384  fdiv.o(x$fpl$fdiv)
    __aeabi_f2iz                             0x080048bd   Thumb Code     0  ffix.o(x$fpl$ffix)
    _ffix                                    0x080048bd   Thumb Code    54  ffix.o(x$fpl$ffix)
    __aeabi_f2uiz                            0x080048f5   Thumb Code     0  ffixu.o(x$fpl$ffixu)
    _ffixu                                   0x080048f5   Thumb Code    62  ffixu.o(x$fpl$ffixu)
    __aeabi_i2f                              0x08004935   Thumb Code     0  fflt_clz.o(x$fpl$fflt)
    _fflt                                    0x08004935   Thumb Code    48  fflt_clz.o(x$fpl$fflt)
    __aeabi_ui2f                             0x08004965   Thumb Code     0  fflt_clz.o(x$fpl$ffltu)
    _ffltu                                   0x08004965   Thumb Code    38  fflt_clz.o(x$fpl$ffltu)
    __aeabi_fmul                             0x0800498d   Thumb Code     0  fmul.o(x$fpl$fmul)
    _fmul                                    0x0800498d   Thumb Code   258  fmul.o(x$fpl$fmul)
    __fpl_fnaninf                            0x08004a8f   Thumb Code   140  fnaninf.o(x$fpl$fnaninf)
    __fpl_fretinf                            0x08004b1b   Thumb Code    10  fretinf.o(x$fpl$fretinf)
    __I$use$fp                               0x08004b24   Number         0  usenofp.o(x$fpl$usenofp)
    Region$$Table$$Base                      0x08005080   Number         0  anon$$obj.o(Region$$Table)
    Region$$Table$$Limit                     0x080050a0   Number         0  anon$$obj.o(Region$$Table)
    SystemCoreClock                          0x20000000   Data           4  system_stm32f10x.o(.data)
    AHBPrescTable                            0x20000004   Data          16  system_stm32f10x.o(.data)
    USART_RX_STA                             0x2000001c   Data           2  usart.o(.data)
    __stdout                                 0x20000020   Data           4  usart.o(.data)
    sys_cmd_tab                              0x20000038   Data          28  usmart.o(.data)
    usmart_nametab                           0x20000054   Data          40  usmart_config.o(.data)
    usmart_dev                               0x2000007c   Data         244  usmart_config.o(.data)
    USART_RX_BUF                             0x20000170   Data         200  usart.o(.bss)
    __libspace_start                         0x20000238   Data          96  libspace.o(.bss)
    __temporary_stack_top$libspace           0x20000298   Data           0  libspace.o(.bss)



==============================================================================

Memory Map of the image

  Image Entry point : 0x08000131

  Load Region LR_IROM1 (Base: 0x08000000, Size: 0x00005210, Max: 0x00080000, ABSOLUTE, COMPRESSED[0x00005108])

    Execution Region ER_IROM1 (Base: 0x08000000, Size: 0x000050a0, Max: 0x00080000, ABSOLUTE)

    Base Addr    Size         Type   Attr      Idx    E Section Name        Object

    0x08000000   0x00000130   Data   RO          305    RESET               startup_stm32f10x_hd.o
    0x08000130   0x00000008   Code   RO          525  * !!!main             c_w.l(__main.o)
    0x08000138   0x00000034   Code   RO          735    !!!scatter          c_w.l(__scatter.o)
    0x0800016c   0x0000005a   Code   RO          733    !!dczerorl2         c_w.l(__dczerorl2.o)
    0x080001c6   0x00000002   PAD
    0x080001c8   0x0000001c   Code   RO          737    !!handler_zi        c_w.l(__scatter_zi.o)
    0x080001e4   0x00000000   Code   RO          518    .ARM.Collect$$_printf_percent$$00000000  c_w.l(_printf_percent.o)
    0x080001e4   0x00000006   Code   RO          516    .ARM.Collect$$_printf_percent$$00000009  c_w.l(_printf_d.o)
    0x080001ea   0x00000006   Code   RO          517    .ARM.Collect$$_printf_percent$$0000000A  c_w.l(_printf_u.o)
    0x080001f0   0x00000006   Code   RO          515    .ARM.Collect$$_printf_percent$$0000000C  c_w.l(_printf_x.o)
    0x080001f6   0x00000006   Code   RO          513    .ARM.Collect$$_printf_percent$$00000013  c_w.l(_printf_c.o)
    0x080001fc   0x00000006   Code   RO          514    .ARM.Collect$$_printf_percent$$00000014  c_w.l(_printf_s.o)
    0x08000202   0x00000004   Code   RO          564    .ARM.Collect$$_printf_percent$$00000017  c_w.l(_printf_percent_end.o)
    0x08000206   0x00000002   Code   RO          610    .ARM.Collect$$libinit$$00000000  c_w.l(libinit.o)
    0x08000208   0x00000000   Code   RO          617    .ARM.Collect$$libinit$$00000002  c_w.l(libinit2.o)
    0x08000208   0x00000000   Code   RO          620    .ARM.Collect$$libinit$$00000008  c_w.l(libinit2.o)
    0x08000208   0x00000000   Code   RO          622    .ARM.Collect$$libinit$$0000000A  c_w.l(libinit2.o)
    0x08000208   0x00000000   Code   RO          624    .ARM.Collect$$libinit$$0000000C  c_w.l(libinit2.o)
    0x08000208   0x00000000   Code   RO          627    .ARM.Collect$$libinit$$0000000F  c_w.l(libinit2.o)
    0x08000208   0x00000000   Code   RO          629    .ARM.Collect$$libinit$$00000011  c_w.l(libinit2.o)
    0x08000208   0x00000000   Code   RO          631    .ARM.Collect$$libinit$$00000013  c_w.l(libinit2.o)
    0x08000208   0x00000000   Code   RO          633    .ARM.Collect$$libinit$$00000015  c_w.l(libinit2.o)
    0x08000208   0x00000000   Code   RO          635    .ARM.Collect$$libinit$$00000017  c_w.l(libinit2.o)
    0x08000208   0x00000000   Code   RO          637    .ARM.Collect$$libinit$$00000019  c_w.l(libinit2.o)
    0x08000208   0x00000000   Code   RO          639    .ARM.Collect$$libinit$$0000001B  c_w.l(libinit2.o)
    0x08000208   0x00000000   Code   RO          641    .ARM.Collect$$libinit$$0000001D  c_w.l(libinit2.o)
    0x08000208   0x00000000   Code   RO          643    .ARM.Collect$$libinit$$0000001F  c_w.l(libinit2.o)
    0x08000208   0x00000000   Code   RO          645    .ARM.Collect$$libinit$$00000021  c_w.l(libinit2.o)
    0x08000208   0x00000000   Code   RO          647    .ARM.Collect$$libinit$$00000023  c_w.l(libinit2.o)
    0x08000208   0x00000000   Code   RO          651    .ARM.Collect$$libinit$$0000002A  c_w.l(libinit2.o)
    0x08000208   0x00000000   Code   RO          653    .ARM.Collect$$libinit$$0000002C  c_w.l(libinit2.o)
    0x08000208   0x00000000   Code   RO          655    .ARM.Collect$$libinit$$0000002E  c_w.l(libinit2.o)
    0x08000208   0x00000000   Code   RO          657    .ARM.Collect$$libinit$$00000030  c_w.l(libinit2.o)
    0x08000208   0x00000002   Code   RO          658    .ARM.Collect$$libinit$$00000031  c_w.l(libinit2.o)
    0x0800020a   0x00000002   Code   RO          676    .ARM.Collect$$libshutdown$$00000000  c_w.l(libshutdown.o)
    0x0800020c   0x00000000   Code   RO          687    .ARM.Collect$$libshutdown$$00000003  c_w.l(libshutdown2.o)
    0x0800020c   0x00000000   Code   RO          690    .ARM.Collect$$libshutdown$$00000006  c_w.l(libshutdown2.o)
    0x0800020c   0x00000000   Code   RO          693    .ARM.Collect$$libshutdown$$00000009  c_w.l(libshutdown2.o)
    0x0800020c   0x00000000   Code   RO          695    .ARM.Collect$$libshutdown$$0000000B  c_w.l(libshutdown2.o)
    0x0800020c   0x00000000   Code   RO          698    .ARM.Collect$$libshutdown$$0000000E  c_w.l(libshutdown2.o)
    0x0800020c   0x00000002   Code   RO          699    .ARM.Collect$$libshutdown$$0000000F  c_w.l(libshutdown2.o)
    0x0800020e   0x00000000   Code   RO          557    .ARM.Collect$$rtentry$$00000000  c_w.l(rtentry.o)
    0x0800020e   0x00000000   Code   RO          577    .ARM.Collect$$rtentry$$00000002  c_w.l(rtentry2.o)
    0x0800020e   0x00000006   Code   RO          589    .ARM.Collect$$rtentry$$00000004  c_w.l(rtentry4.o)
    0x08000214   0x00000000   Code   RO          579    .ARM.Collect$$rtentry$$00000009  c_w.l(rtentry2.o)
    0x08000214   0x00000004   Code   RO          580    .ARM.Collect$$rtentry$$0000000A  c_w.l(rtentry2.o)
    0x08000218   0x00000000   Code   RO          582    .ARM.Collect$$rtentry$$0000000C  c_w.l(rtentry2.o)
    0x08000218   0x00000008   Code   RO          583    .ARM.Collect$$rtentry$$0000000D  c_w.l(rtentry2.o)
    0x08000220   0x00000002   Code   RO          614    .ARM.Collect$$rtexit$$00000000  c_w.l(rtexit.o)
    0x08000222   0x00000000   Code   RO          660    .ARM.Collect$$rtexit$$00000002  c_w.l(rtexit2.o)
    0x08000222   0x00000004   Code   RO          661    .ARM.Collect$$rtexit$$00000003  c_w.l(rtexit2.o)
    0x08000226   0x00000006   Code   RO          662    .ARM.Collect$$rtexit$$00000004  c_w.l(rtexit2.o)
    0x0800022c   0x000001fc   Code   RO            1    .text               main.o
    0x08000428   0x0000001a   Code   RO          103    .text               stm32f10x_it.o
    0x08000442   0x00000002   PAD
    0x08000444   0x000001dc   Code   RO          138    .text               system_stm32f10x.o
    0x08000620   0x0000004c   Code   RO          156    .text               led.o
    0x0800066c   0x000000fc   Code   RO          168    .text               key.o
    0x08000768   0x000000e8   Code   RO          204    .text               adc.o
    0x08000850   0x0000012c   Code   RO          216    .text               dac.o
    0x0800097c   0x00000038   Code   RO          231    .text               beep.o
    0x080009b4   0x000000d0   Code   RO          243    .text               delay.o
    0x08000a84   0x0000000c   Code   RO          257    .text               sys.o
    0x08000a90   0x00000144   Code   RO          269    .text               usart.o
    0x08000bd4   0x00000040   Code   RO          306    .text               startup_stm32f10x_hd.o
    0x08000c14   0x000000dc   Code   RO          310    .text               misc.o
    0x08000cf0   0x0000044e   Code   RO          322    .text               stm32f10x_adc.o
    0x0800113e   0x00000002   PAD
    0x08001140   0x00000358   Code   RO          346    .text               stm32f10x_gpio.o
    0x08001498   0x00000408   Code   RO          358    .text               stm32f10x_usart.o
    0x080018a0   0x0000018c   Code   RO          370    .text               stm32f10x_dac.o
    0x08001a2c   0x000003a4   Code   RO          382    .text               stm32f10x_rcc.o
    0x08001dd0   0x00000e1a   Code   RO          396    .text               stm32f10x_tim.o
    0x08002bea   0x00000002   PAD
    0x08002bec   0x00000c34   Code   RO          408    .text               usmart.o
    0x08003820   0x00000528   Code   RO          444    .text               usmart_str.o
    0x08003d48   0x00000002   Code   RO          458    .text               c_w.l(use_no_semi_2.o)
    0x08003d4a   0x00000002   PAD
    0x08003d4c   0x00000018   Code   RO          462    .text               c_w.l(noretval__2printf.o)
    0x08003d64   0x00000052   Code   RO          466    .text               c_w.l(_printf_pad.o)
    0x08003db6   0x00000052   Code   RO          468    .text               c_w.l(_printf_str.o)
    0x08003e08   0x00000078   Code   RO          470    .text               c_w.l(_printf_dec.o)
    0x08003e80   0x0000005c   Code   RO          475    .text               c_w.l(_printf_hex_int.o)
    0x08003edc   0x0000018c   Code   RO          510    .text               c_w.l(__printf_flags_ss_wp.o)
    0x08004068   0x00000064   Code   RO          519    .text               c_w.l(rt_memcpy_w.o)
    0x080040cc   0x00000010   Code   RO          521    .text               c_w.l(aeabi_memset.o)
    0x080040dc   0x00000006   Code   RO          523    .text               c_w.l(heapauxi.o)
    0x080040e2   0x00000002   Code   RO          555    .text               c_w.l(use_no_semi.o)
    0x080040e4   0x000000b8   Code   RO          558    .text               c_w.l(_printf_intcommon.o)
    0x0800419c   0x0000002c   Code   RO          560    .text               c_w.l(_printf_char.o)
    0x080041c8   0x00000024   Code   RO          562    .text               c_w.l(_printf_char_file.o)
    0x080041ec   0x00000044   Code   RO          565    .text               c_w.l(rt_memclr.o)
    0x08004230   0x00000030   Code   RO          591    .text               c_w.l(_printf_char_common.o)
    0x08004260   0x00000008   Code   RO          593    .text               c_w.l(ferror.o)
    0x08004268   0x0000004e   Code   RO          597    .text               c_w.l(rt_memclr_w.o)
    0x080042b6   0x0000004a   Code   RO          599    .text               c_w.l(sys_stackheap_outer.o)
    0x08004300   0x0000000c   Code   RO          603    .text               c_w.l(exit.o)
    0x0800430c   0x00000008   Code   RO          611    .text               c_w.l(libspace.o)
    0x08004314   0x0000000e   Code   RO          503    i._is_digit         c_w.l(__printf_wp.o)
    0x08004322   0x00000002   PAD
    0x08004324   0x00000062   Code   RO          527    x$fpl$d2f           fz_ws.l(d2f.o)
    0x08004386   0x00000002   PAD
    0x08004388   0x000002b0   Code   RO          530    x$fpl$ddiv          fz_ws.l(ddiv.o)
    0x08004638   0x0000009c   Code   RO          567    x$fpl$dnaninf       fz_ws.l(dnaninf.o)
    0x080046d4   0x0000000c   Code   RO          569    x$fpl$dretinf       fz_ws.l(dretinf.o)
    0x080046e0   0x00000056   Code   RO          533    x$fpl$f2d           fz_ws.l(f2d.o)
    0x08004736   0x00000002   PAD
    0x08004738   0x00000184   Code   RO          536    x$fpl$fdiv          fz_ws.l(fdiv.o)
    0x080048bc   0x00000036   Code   RO          539    x$fpl$ffix          fz_ws.l(ffix.o)
    0x080048f2   0x00000002   PAD
    0x080048f4   0x0000003e   Code   RO          543    x$fpl$ffixu         fz_ws.l(ffixu.o)
    0x08004932   0x00000002   PAD
    0x08004934   0x00000030   Code   RO          548    x$fpl$fflt          fz_ws.l(fflt_clz.o)
    0x08004964   0x00000026   Code   RO          547    x$fpl$ffltu         fz_ws.l(fflt_clz.o)
    0x0800498a   0x00000002   PAD
    0x0800498c   0x00000102   Code   RO          553    x$fpl$fmul          fz_ws.l(fmul.o)
    0x08004a8e   0x0000008c   Code   RO          571    x$fpl$fnaninf       fz_ws.l(fnaninf.o)
    0x08004b1a   0x0000000a   Code   RO          573    x$fpl$fretinf       fz_ws.l(fretinf.o)
    0x08004b24   0x00000000   Code   RO          575    x$fpl$usenofp       fz_ws.l(usenofp.o)
    0x08004b24   0x00000480   Data   RO            2    .constdata          main.o
    0x08004fa4   0x00000028   Data   RO          476    .constdata          c_w.l(_printf_hex_int.o)
    0x08004fcc   0x00000011   Data   RO          511    .constdata          c_w.l(__printf_flags_ss_wp.o)
    0x08004fdd   0x0000001f   Data   RO          409    .conststring        usmart.o
    0x08004ffc   0x00000083   Data   RO          428    .conststring        usmart_config.o
    0x0800507f   0x00000001   PAD
    0x08005080   0x00000020   Data   RO          731    Region$$Table       anon$$obj.o


    Execution Region RW_IRAM1 (Base: 0x20000000, Size: 0x00000898, Max: 0x00010000, ABSOLUTE, COMPRESSED[0x00000068])

    Base Addr    Size         Type   Attr      Idx    E Section Name        Object

    0x20000000   0x00000014   Data   RW          139    .data               system_stm32f10x.o
    0x20000014   0x00000001   Data   RW          169    .data               key.o
    0x20000015   0x00000001   PAD
    0x20000016   0x00000004   Data   RW          244    .data               delay.o
    0x2000001a   0x00000002   PAD
    0x2000001c   0x00000008   Data   RW          271    .data               usart.o
    0x20000024   0x00000014   Data   RW          383    .data               stm32f10x_rcc.o
    0x20000038   0x0000001c   Data   RW          410    .data               usmart.o
    0x20000054   0x0000011c   Data   RW          429    .data               usmart_config.o
    0x20000170   0x000000c8   Zero   RW          270    .bss                usart.o
    0x20000238   0x00000060   Zero   RW          612    .bss                c_w.l(libspace.o)
    0x20000298   0x00000200   Zero   RW          304    HEAP                startup_stm32f10x_hd.o
    0x20000498   0x00000400   Zero   RW          303    STACK               startup_stm32f10x_hd.o


==============================================================================

Image component sizes


      Code (inc. data)   RO Data    RW Data    ZI Data      Debug   Object Name

       232          8          0          0          0        999   adc.o
        56          6          0          0          0        420   beep.o
         0          0          0          0          0         32   core_cm3.o
       300         22          0          0          0       1155   dac.o
       208         18          0          4          0        879   delay.o
       252         12          0          1          0        760   key.o
        76          8          0          0          0        427   led.o
       508         76       1152          0          0     266607   main.o
       220         20          0          0          0       1657   misc.o
        64         26        304          0       1536        724   startup_stm32f10x_hd.o
      1102         26          0          0          0      10693   stm32f10x_adc.o
       396          6          0          0          0       3510   stm32f10x_dac.o
       856         40          0          0          0       5505   stm32f10x_gpio.o
        26          0          0          0          0       1110   stm32f10x_it.o
       932         44          0         20          0       8608   stm32f10x_rcc.o
      3610         88          0          0          0      21988   stm32f10x_tim.o
      1032         22          0          0          0       8228   stm32f10x_usart.o
        12          0          0          0          0        381   sys.o
       476         36          0         20          0       1523   system_stm32f10x.o
       324         16          0          8        200       2898   usart.o
      3124       1284         31         28          0       4010   usmart.o
         0          0        131        284          0       1412   usmart_config.o
      1320         12          0          0          0       4897   usmart_str.o

    ----------------------------------------------------------------------
     15132       1770       1651        368       1736     348423   Object Totals
         0          0         32          0          0          0   (incl. Generated)
         6          0          1          3          0          0   (incl. Padding)

    ----------------------------------------------------------------------

      Code (inc. data)   RO Data    RW Data    ZI Data      Debug   Library Member Name

        90          0          0          0          0          0   __dczerorl2.o
         8          0          0          0          0         68   __main.o
       396          6         17          0          0         92   __printf_flags_ss_wp.o
        14          0          0          0          0         68   __printf_wp.o
        52          8          0          0          0          0   __scatter.o
        28          0          0          0          0          0   __scatter_zi.o
         6          0          0          0          0          0   _printf_c.o
        44          0          0          0          0        108   _printf_char.o
        48          6          0          0          0         96   _printf_char_common.o
        36          4          0          0          0         80   _printf_char_file.o
         6          0          0          0          0          0   _printf_d.o
       120         18          0          0          0         92   _printf_dec.o
        92          4         40          0          0         88   _printf_hex_int.o
       184          0          0          0          0         88   _printf_intcommon.o
        82          0          0          0          0        108   _printf_pad.o
         0          0          0          0          0          0   _printf_percent.o
         4          0          0          0          0          0   _printf_percent_end.o
         6          0          0          0          0          0   _printf_s.o
        82          0          0          0          0         80   _printf_str.o
         6          0          0          0          0          0   _printf_u.o
         6          0          0          0          0          0   _printf_x.o
        16          0          0          0          0         68   aeabi_memset.o
        12          0          0          0          0         72   exit.o
         8          0          0          0          0         68   ferror.o
         6          0          0          0          0        152   heapauxi.o
         2          0          0          0          0          0   libinit.o
         2          0          0          0          0          0   libinit2.o
         2          0          0          0          0          0   libshutdown.o
         2          0          0          0          0          0   libshutdown2.o
         8          4          0          0         96         68   libspace.o
        24          4          0          0          0         84   noretval__2printf.o
        68          0          0          0          0         68   rt_memclr.o
        78          0          0          0          0         80   rt_memclr_w.o
       100          0          0          0          0         80   rt_memcpy_w.o
         0          0          0          0          0          0   rtentry.o
        12          0          0          0          0          0   rtentry2.o
         6          0          0          0          0          0   rtentry4.o
         2          0          0          0          0          0   rtexit.o
        10          0          0          0          0          0   rtexit2.o
        74          0          0          0          0         80   sys_stackheap_outer.o
         2          0          0          0          0         68   use_no_semi.o
         2          0          0          0          0         68   use_no_semi_2.o
        98          4          0          0          0         92   d2f.o
       688        140          0          0          0        212   ddiv.o
       156          4          0          0          0         92   dnaninf.o
        12          0          0          0          0         68   dretinf.o
        86          4          0          0          0         84   f2d.o
       388         76          0          0          0         96   fdiv.o
        54          4          0          0          0         84   ffix.o
        62          4          0          0          0         84   ffixu.o
        86          0          0          0          0        136   fflt_clz.o
       258          4          0          0          0         84   fmul.o
       140          4          0          0          0         84   fnaninf.o
        10          0          0          0          0         68   fretinf.o
         0          0          0          0          0          0   usenofp.o

    ----------------------------------------------------------------------
      3800        298         57          0         96       3108   Library Totals
        16          0          0          0          0          0   (incl. Padding)

    ----------------------------------------------------------------------

      Code (inc. data)   RO Data    RW Data    ZI Data      Debug   Library Name

      1746         54         57          0         96       1924   c_w.l
      2038        244          0          0          0       1184   fz_ws.l

    ----------------------------------------------------------------------
      3800        298         57          0         96       3108   Library Totals

    ----------------------------------------------------------------------

==============================================================================


      Code (inc. data)   RO Data    RW Data    ZI Data      Debug   

     18932       2068       1708        368       1832     347891   Grand Totals
     18932       2068       1708        104       1832     347891   ELF Image Totals (compressed)
     18932       2068       1708        104          0          0   ROM Totals

==============================================================================

    Total RO  Size (Code + RO Data)                20640 (  20.16kB)
    Total RW  Size (RW Data + ZI Data)              2200 (   2.15kB)
    Total ROM Size (Code + RO Data + RW Data)      20744 (  20.26kB)

==============================================================================

